Traceback (most recent call last):
  File "/Users/twixes/Developer/thispriestdoesnotexist/research/diffusion/probe_realvis_vae_backends.py", line 205, in <module>
    main()
  File "/Users/twixes/Developer/thispriestdoesnotexist/research/diffusion/probe_realvis_vae_backends.py", line 142, in main
    worker(output)
  File "/Users/twixes/Developer/thispriestdoesnotexist/research/diffusion/probe_realvis_vae_backends.py", line 89, in worker
    write(output / "runtime.json", {"packages": {n: importlib.metadata.version(n) for n in
  File "/Users/twixes/Developer/thispriestdoesnotexist/research/diffusion/probe_realvis_vae_backends.py", line 33, in write
    temp.write_text(json.dumps(value, indent=2, allow_nan=False) + "\n")
                    ^^^^^^^^^^^^^^^^^^^^^^^^^^^^^^^^^^^^^^^^^^^^
  File "/Users/twixes/.local/share/uv/python/cpython-3.11.16-macos-aarch64-none/lib/python3.11/json/__init__.py", line 238, in dumps
    **kw).encode(obj)
          ^^^^^^^^^^^
  File "/Users/twixes/.local/share/uv/python/cpython-3.11.16-macos-aarch64-none/lib/python3.11/json/encoder.py", line 202, in encode
    chunks = list(chunks)
             ^^^^^^^^^^^^
  File "/Users/twixes/.local/share/uv/python/cpython-3.11.16-macos-aarch64-none/lib/python3.11/json/encoder.py", line 432, in _iterencode
    yield from _iterencode_dict(o, _current_indent_level)
  File "/Users/twixes/.local/share/uv/python/cpython-3.11.16-macos-aarch64-none/lib/python3.11/json/encoder.py", line 406, in _iterencode_dict
    yield from chunks
  File "/Users/twixes/.local/share/uv/python/cpython-3.11.16-macos-aarch64-none/lib/python3.11/json/encoder.py", line 406, in _iterencode_dict
    yield from chunks
  File "/Users/twixes/.local/share/uv/python/cpython-3.11.16-macos-aarch64-none/lib/python3.11/json/encoder.py", line 439, in _iterencode
    o = _default(o)
        ^^^^^^^^^^^
  File "/Users/twixes/.local/share/uv/python/cpython-3.11.16-macos-aarch64-none/lib/python3.11/json/encoder.py", line 180, in default
    raise TypeError(f'Object of type {o.__class__.__name__} '
TypeError: Object of type PosixPath is not JSON serializable
