Loading weights:   0%|          | 0/196 [00:00<?, ?it/s]Loading weights: 100%|██████████| 196/196 [00:00<00:00, 70251.55it/s]
Loading weights:   0%|          | 0/517 [00:00<?, ?it/s]Loading weights: 100%|██████████| 517/517 [00:00<00:00, 10054.23it/s]
No LoRA keys associated to CLIPTextModel found with the prefix='text_encoder'. This is safe to ignore if LoRA state dict didn't originally have any CLIPTextModel related params. You can also try specifying `prefix=None` to resolve the warning. Otherwise, open an issue if you think it's unexpected: https://github.com/huggingface/diffusers/issues/new
No LoRA keys associated to CLIPTextModelWithProjection found with the prefix='text_encoder_2'. This is safe to ignore if LoRA state dict didn't originally have any CLIPTextModelWithProjection related params. You can also try specifying `prefix=None` to resolve the warning. Otherwise, open an issue if you think it's unexpected: https://github.com/huggingface/diffusers/issues/new
There are modules in UNet2DConditionModel that should be kept in float32: []. Casting directly with `to()` can lead to inconsistent results; set `torch_dtype` in `from_pretrained()` instead to keep these modules in float32.
/Users/twixes/Developer/thispriestdoesnotexist/research/.venv-flux-train/lib/python3.11/site-packages/diffusers/pipelines/stable_diffusion_xl/pipeline_stable_diffusion_xl.py:750: FutureWarning: `upcast_vae` is deprecated and will be removed in version 1.0.0. `upcast_vae` is deprecated. Please use `pipe.vae.to(torch.float32)`. For more details, please refer to: https://github.com/huggingface/diffusers/pull/12619#issue-3606633695.
  deprecate(
There are modules in AutoencoderKL that should be kept in float32: []. Casting directly with `to()` can lead to inconsistent results; set `torch_dtype` in `from_pretrained()` instead to keep these modules in float32.
There are modules in AutoencoderKL that should be kept in float32: []. Casting directly with `to()` can lead to inconsistent results; set `torch_dtype` in `from_pretrained()` instead to keep these modules in float32.
{"case": "legacy-00", "arm": "adapter-plain", "generation_seconds": 0.6305385830346495, "encoding_seconds": 0.017703832942061126}
There are modules in AutoencoderKL that should be kept in float32: []. Casting directly with `to()` can lead to inconsistent results; set `torch_dtype` in `from_pretrained()` instead to keep these modules in float32.
There are modules in AutoencoderKL that should be kept in float32: []. Casting directly with `to()` can lead to inconsistent results; set `torch_dtype` in `from_pretrained()` instead to keep these modules in float32.
{"case": "legacy-00", "arm": "adapter-trigger", "generation_seconds": 0.4370275830151513, "encoding_seconds": 0.012041875044815242}
There are modules in AutoencoderKL that should be kept in float32: []. Casting directly with `to()` can lead to inconsistent results; set `torch_dtype` in `from_pretrained()` instead to keep these modules in float32.
There are modules in AutoencoderKL that should be kept in float32: []. Casting directly with `to()` can lead to inconsistent results; set `torch_dtype` in `from_pretrained()` instead to keep these modules in float32.
{"case": "legacy-01", "arm": "adapter-plain", "generation_seconds": 0.42299029196146876, "encoding_seconds": 0.01325391698628664}
There are modules in AutoencoderKL that should be kept in float32: []. Casting directly with `to()` can lead to inconsistent results; set `torch_dtype` in `from_pretrained()` instead to keep these modules in float32.
There are modules in AutoencoderKL that should be kept in float32: []. Casting directly with `to()` can lead to inconsistent results; set `torch_dtype` in `from_pretrained()` instead to keep these modules in float32.
{"case": "legacy-01", "arm": "adapter-trigger", "generation_seconds": 0.42086004198063165, "encoding_seconds": 0.012349583907052875}
There are modules in AutoencoderKL that should be kept in float32: []. Casting directly with `to()` can lead to inconsistent results; set `torch_dtype` in `from_pretrained()` instead to keep these modules in float32.
There are modules in AutoencoderKL that should be kept in float32: []. Casting directly with `to()` can lead to inconsistent results; set `torch_dtype` in `from_pretrained()` instead to keep these modules in float32.
{"case": "legacy-02", "arm": "adapter-plain", "generation_seconds": 0.4278207919560373, "encoding_seconds": 0.011508583091199398}
There are modules in AutoencoderKL that should be kept in float32: []. Casting directly with `to()` can lead to inconsistent results; set `torch_dtype` in `from_pretrained()` instead to keep these modules in float32.
There are modules in AutoencoderKL that should be kept in float32: []. Casting directly with `to()` can lead to inconsistent results; set `torch_dtype` in `from_pretrained()` instead to keep these modules in float32.
{"case": "legacy-02", "arm": "adapter-trigger", "generation_seconds": 0.4308655000058934, "encoding_seconds": 0.012066542054526508}
There are modules in AutoencoderKL that should be kept in float32: []. Casting directly with `to()` can lead to inconsistent results; set `torch_dtype` in `from_pretrained()` instead to keep these modules in float32.
There are modules in AutoencoderKL that should be kept in float32: []. Casting directly with `to()` can lead to inconsistent results; set `torch_dtype` in `from_pretrained()` instead to keep these modules in float32.
{"case": "legacy-03", "arm": "adapter-plain", "generation_seconds": 0.4279156250413507, "encoding_seconds": 0.012860416085459292}
There are modules in AutoencoderKL that should be kept in float32: []. Casting directly with `to()` can lead to inconsistent results; set `torch_dtype` in `from_pretrained()` instead to keep these modules in float32.
There are modules in AutoencoderKL that should be kept in float32: []. Casting directly with `to()` can lead to inconsistent results; set `torch_dtype` in `from_pretrained()` instead to keep these modules in float32.
{"case": "legacy-03", "arm": "adapter-trigger", "generation_seconds": 0.42713429196737707, "encoding_seconds": 0.01304704206995666}
There are modules in AutoencoderKL that should be kept in float32: []. Casting directly with `to()` can lead to inconsistent results; set `torch_dtype` in `from_pretrained()` instead to keep these modules in float32.
There are modules in AutoencoderKL that should be kept in float32: []. Casting directly with `to()` can lead to inconsistent results; set `torch_dtype` in `from_pretrained()` instead to keep these modules in float32.
{"case": "legacy-04", "arm": "adapter-plain", "generation_seconds": 0.42976791702676564, "encoding_seconds": 0.011328291962854564}
There are modules in AutoencoderKL that should be kept in float32: []. Casting directly with `to()` can lead to inconsistent results; set `torch_dtype` in `from_pretrained()` instead to keep these modules in float32.
There are modules in AutoencoderKL that should be kept in float32: []. Casting directly with `to()` can lead to inconsistent results; set `torch_dtype` in `from_pretrained()` instead to keep these modules in float32.
{"case": "legacy-04", "arm": "adapter-trigger", "generation_seconds": 0.4794802500400692, "encoding_seconds": 0.011902000056579709}
There are modules in AutoencoderKL that should be kept in float32: []. Casting directly with `to()` can lead to inconsistent results; set `torch_dtype` in `from_pretrained()` instead to keep these modules in float32.
There are modules in AutoencoderKL that should be kept in float32: []. Casting directly with `to()` can lead to inconsistent results; set `torch_dtype` in `from_pretrained()` instead to keep these modules in float32.
{"case": "legacy-05", "arm": "adapter-plain", "generation_seconds": 0.47032370907254517, "encoding_seconds": 0.011157082975842059}
There are modules in AutoencoderKL that should be kept in float32: []. Casting directly with `to()` can lead to inconsistent results; set `torch_dtype` in `from_pretrained()` instead to keep these modules in float32.
There are modules in AutoencoderKL that should be kept in float32: []. Casting directly with `to()` can lead to inconsistent results; set `torch_dtype` in `from_pretrained()` instead to keep these modules in float32.
{"case": "legacy-05", "arm": "adapter-trigger", "generation_seconds": 0.45823712495621294, "encoding_seconds": 0.011336166993714869}
There are modules in AutoencoderKL that should be kept in float32: []. Casting directly with `to()` can lead to inconsistent results; set `torch_dtype` in `from_pretrained()` instead to keep these modules in float32.
There are modules in AutoencoderKL that should be kept in float32: []. Casting directly with `to()` can lead to inconsistent results; set `torch_dtype` in `from_pretrained()` instead to keep these modules in float32.
{"case": "legacy-06", "arm": "adapter-plain", "generation_seconds": 0.44310479203704745, "encoding_seconds": 0.012610292062163353}
There are modules in AutoencoderKL that should be kept in float32: []. Casting directly with `to()` can lead to inconsistent results; set `torch_dtype` in `from_pretrained()` instead to keep these modules in float32.
There are modules in AutoencoderKL that should be kept in float32: []. Casting directly with `to()` can lead to inconsistent results; set `torch_dtype` in `from_pretrained()` instead to keep these modules in float32.
{"case": "legacy-06", "arm": "adapter-trigger", "generation_seconds": 0.435450250050053, "encoding_seconds": 0.012649832991883159}
There are modules in AutoencoderKL that should be kept in float32: []. Casting directly with `to()` can lead to inconsistent results; set `torch_dtype` in `from_pretrained()` instead to keep these modules in float32.
There are modules in AutoencoderKL that should be kept in float32: []. Casting directly with `to()` can lead to inconsistent results; set `torch_dtype` in `from_pretrained()` instead to keep these modules in float32.
{"case": "legacy-07", "arm": "adapter-plain", "generation_seconds": 0.43065183400176466, "encoding_seconds": 0.01350795803591609}
There are modules in AutoencoderKL that should be kept in float32: []. Casting directly with `to()` can lead to inconsistent results; set `torch_dtype` in `from_pretrained()` instead to keep these modules in float32.
There are modules in AutoencoderKL that should be kept in float32: []. Casting directly with `to()` can lead to inconsistent results; set `torch_dtype` in `from_pretrained()` instead to keep these modules in float32.
{"case": "legacy-07", "arm": "adapter-trigger", "generation_seconds": 0.4496926669962704, "encoding_seconds": 0.013846459100022912}
There are modules in AutoencoderKL that should be kept in float32: []. Casting directly with `to()` can lead to inconsistent results; set `torch_dtype` in `from_pretrained()` instead to keep these modules in float32.
There are modules in AutoencoderKL that should be kept in float32: []. Casting directly with `to()` can lead to inconsistent results; set `torch_dtype` in `from_pretrained()` instead to keep these modules in float32.
{"case": "dev-00", "arm": "adapter-plain", "generation_seconds": 0.4502029169816524, "encoding_seconds": 0.011331417015753686}
There are modules in AutoencoderKL that should be kept in float32: []. Casting directly with `to()` can lead to inconsistent results; set `torch_dtype` in `from_pretrained()` instead to keep these modules in float32.
There are modules in AutoencoderKL that should be kept in float32: []. Casting directly with `to()` can lead to inconsistent results; set `torch_dtype` in `from_pretrained()` instead to keep these modules in float32.
{"case": "dev-00", "arm": "adapter-trigger", "generation_seconds": 0.450042667100206, "encoding_seconds": 0.011904833023436368}
There are modules in AutoencoderKL that should be kept in float32: []. Casting directly with `to()` can lead to inconsistent results; set `torch_dtype` in `from_pretrained()` instead to keep these modules in float32.
There are modules in AutoencoderKL that should be kept in float32: []. Casting directly with `to()` can lead to inconsistent results; set `torch_dtype` in `from_pretrained()` instead to keep these modules in float32.
{"case": "dev-01", "arm": "adapter-plain", "generation_seconds": 0.4468399160541594, "encoding_seconds": 0.012193292030133307}
There are modules in AutoencoderKL that should be kept in float32: []. Casting directly with `to()` can lead to inconsistent results; set `torch_dtype` in `from_pretrained()` instead to keep these modules in float32.
There are modules in AutoencoderKL that should be kept in float32: []. Casting directly with `to()` can lead to inconsistent results; set `torch_dtype` in `from_pretrained()` instead to keep these modules in float32.
{"case": "dev-01", "arm": "adapter-trigger", "generation_seconds": 0.4387991250259802, "encoding_seconds": 0.012919583008624613}
There are modules in AutoencoderKL that should be kept in float32: []. Casting directly with `to()` can lead to inconsistent results; set `torch_dtype` in `from_pretrained()` instead to keep these modules in float32.
There are modules in AutoencoderKL that should be kept in float32: []. Casting directly with `to()` can lead to inconsistent results; set `torch_dtype` in `from_pretrained()` instead to keep these modules in float32.
{"case": "dev-02", "arm": "adapter-plain", "generation_seconds": 0.4349619169952348, "encoding_seconds": 0.011190999997779727}
There are modules in AutoencoderKL that should be kept in float32: []. Casting directly with `to()` can lead to inconsistent results; set `torch_dtype` in `from_pretrained()` instead to keep these modules in float32.
There are modules in AutoencoderKL that should be kept in float32: []. Casting directly with `to()` can lead to inconsistent results; set `torch_dtype` in `from_pretrained()` instead to keep these modules in float32.
{"case": "dev-02", "arm": "adapter-trigger", "generation_seconds": 0.4320803330047056, "encoding_seconds": 0.011826000059954822}
There are modules in AutoencoderKL that should be kept in float32: []. Casting directly with `to()` can lead to inconsistent results; set `torch_dtype` in `from_pretrained()` instead to keep these modules in float32.
There are modules in AutoencoderKL that should be kept in float32: []. Casting directly with `to()` can lead to inconsistent results; set `torch_dtype` in `from_pretrained()` instead to keep these modules in float32.
{"case": "dev-03", "arm": "adapter-plain", "generation_seconds": 0.4263563751010224, "encoding_seconds": 0.012315000058151782}
There are modules in AutoencoderKL that should be kept in float32: []. Casting directly with `to()` can lead to inconsistent results; set `torch_dtype` in `from_pretrained()` instead to keep these modules in float32.
There are modules in AutoencoderKL that should be kept in float32: []. Casting directly with `to()` can lead to inconsistent results; set `torch_dtype` in `from_pretrained()` instead to keep these modules in float32.
{"case": "dev-03", "arm": "adapter-trigger", "generation_seconds": 0.4221159170847386, "encoding_seconds": 0.012886084034107625}
There are modules in AutoencoderKL that should be kept in float32: []. Casting directly with `to()` can lead to inconsistent results; set `torch_dtype` in `from_pretrained()` instead to keep these modules in float32.
There are modules in AutoencoderKL that should be kept in float32: []. Casting directly with `to()` can lead to inconsistent results; set `torch_dtype` in `from_pretrained()` instead to keep these modules in float32.
{"case": "dev-04", "arm": "adapter-plain", "generation_seconds": 0.41955504193902016, "encoding_seconds": 0.011287792003713548}
There are modules in AutoencoderKL that should be kept in float32: []. Casting directly with `to()` can lead to inconsistent results; set `torch_dtype` in `from_pretrained()` instead to keep these modules in float32.
There are modules in AutoencoderKL that should be kept in float32: []. Casting directly with `to()` can lead to inconsistent results; set `torch_dtype` in `from_pretrained()` instead to keep these modules in float32.
{"case": "dev-04", "arm": "adapter-trigger", "generation_seconds": 0.48954104096628726, "encoding_seconds": 0.012129334034398198}
There are modules in AutoencoderKL that should be kept in float32: []. Casting directly with `to()` can lead to inconsistent results; set `torch_dtype` in `from_pretrained()` instead to keep these modules in float32.
There are modules in AutoencoderKL that should be kept in float32: []. Casting directly with `to()` can lead to inconsistent results; set `torch_dtype` in `from_pretrained()` instead to keep these modules in float32.
{"case": "dev-05", "arm": "adapter-plain", "generation_seconds": 0.5012918749125674, "encoding_seconds": 0.012247040984220803}
There are modules in AutoencoderKL that should be kept in float32: []. Casting directly with `to()` can lead to inconsistent results; set `torch_dtype` in `from_pretrained()` instead to keep these modules in float32.
There are modules in AutoencoderKL that should be kept in float32: []. Casting directly with `to()` can lead to inconsistent results; set `torch_dtype` in `from_pretrained()` instead to keep these modules in float32.
{"case": "dev-05", "arm": "adapter-trigger", "generation_seconds": 0.4639020839240402, "encoding_seconds": 0.012175624957308173}
There are modules in AutoencoderKL that should be kept in float32: []. Casting directly with `to()` can lead to inconsistent results; set `torch_dtype` in `from_pretrained()` instead to keep these modules in float32.
There are modules in AutoencoderKL that should be kept in float32: []. Casting directly with `to()` can lead to inconsistent results; set `torch_dtype` in `from_pretrained()` instead to keep these modules in float32.
{"case": "dev-06", "arm": "adapter-plain", "generation_seconds": 0.43197220901492983, "encoding_seconds": 0.01224399998318404}
There are modules in AutoencoderKL that should be kept in float32: []. Casting directly with `to()` can lead to inconsistent results; set `torch_dtype` in `from_pretrained()` instead to keep these modules in float32.
There are modules in AutoencoderKL that should be kept in float32: []. Casting directly with `to()` can lead to inconsistent results; set `torch_dtype` in `from_pretrained()` instead to keep these modules in float32.
{"case": "dev-06", "arm": "adapter-trigger", "generation_seconds": 0.4148755419300869, "encoding_seconds": 0.012670665979385376}
There are modules in AutoencoderKL that should be kept in float32: []. Casting directly with `to()` can lead to inconsistent results; set `torch_dtype` in `from_pretrained()` instead to keep these modules in float32.
There are modules in AutoencoderKL that should be kept in float32: []. Casting directly with `to()` can lead to inconsistent results; set `torch_dtype` in `from_pretrained()` instead to keep these modules in float32.
{"case": "dev-07", "arm": "adapter-plain", "generation_seconds": 0.41107174998614937, "encoding_seconds": 0.012269041035324335}
There are modules in AutoencoderKL that should be kept in float32: []. Casting directly with `to()` can lead to inconsistent results; set `torch_dtype` in `from_pretrained()` instead to keep these modules in float32.
There are modules in AutoencoderKL that should be kept in float32: []. Casting directly with `to()` can lead to inconsistent results; set `torch_dtype` in `from_pretrained()` instead to keep these modules in float32.
{"case": "dev-07", "arm": "adapter-trigger", "generation_seconds": 0.4105439579579979, "encoding_seconds": 0.01197612495161593}
There are modules in AutoencoderKL that should be kept in float32: []. Casting directly with `to()` can lead to inconsistent results; set `torch_dtype` in `from_pretrained()` instead to keep these modules in float32.
There are modules in AutoencoderKL that should be kept in float32: []. Casting directly with `to()` can lead to inconsistent results; set `torch_dtype` in `from_pretrained()` instead to keep these modules in float32.
{"case": "dev-08", "arm": "adapter-plain", "generation_seconds": 0.4128092499449849, "encoding_seconds": 0.013125249999575317}
There are modules in AutoencoderKL that should be kept in float32: []. Casting directly with `to()` can lead to inconsistent results; set `torch_dtype` in `from_pretrained()` instead to keep these modules in float32.
There are modules in AutoencoderKL that should be kept in float32: []. Casting directly with `to()` can lead to inconsistent results; set `torch_dtype` in `from_pretrained()` instead to keep these modules in float32.
{"case": "dev-08", "arm": "adapter-trigger", "generation_seconds": 0.4266087500145659, "encoding_seconds": 0.014236500021070242}
There are modules in AutoencoderKL that should be kept in float32: []. Casting directly with `to()` can lead to inconsistent results; set `torch_dtype` in `from_pretrained()` instead to keep these modules in float32.
There are modules in AutoencoderKL that should be kept in float32: []. Casting directly with `to()` can lead to inconsistent results; set `torch_dtype` in `from_pretrained()` instead to keep these modules in float32.
{"case": "dev-09", "arm": "adapter-plain", "generation_seconds": 0.434359792037867, "encoding_seconds": 0.012239834060892463}
There are modules in AutoencoderKL that should be kept in float32: []. Casting directly with `to()` can lead to inconsistent results; set `torch_dtype` in `from_pretrained()` instead to keep these modules in float32.
There are modules in AutoencoderKL that should be kept in float32: []. Casting directly with `to()` can lead to inconsistent results; set `torch_dtype` in `from_pretrained()` instead to keep these modules in float32.
{"case": "dev-09", "arm": "adapter-trigger", "generation_seconds": 0.41919879196211696, "encoding_seconds": 0.011211083037778735}
There are modules in AutoencoderKL that should be kept in float32: []. Casting directly with `to()` can lead to inconsistent results; set `torch_dtype` in `from_pretrained()` instead to keep these modules in float32.
There are modules in AutoencoderKL that should be kept in float32: []. Casting directly with `to()` can lead to inconsistent results; set `torch_dtype` in `from_pretrained()` instead to keep these modules in float32.
{"case": "dev-10", "arm": "adapter-plain", "generation_seconds": 0.42585158394649625, "encoding_seconds": 0.012774250004440546}
There are modules in AutoencoderKL that should be kept in float32: []. Casting directly with `to()` can lead to inconsistent results; set `torch_dtype` in `from_pretrained()` instead to keep these modules in float32.
There are modules in AutoencoderKL that should be kept in float32: []. Casting directly with `to()` can lead to inconsistent results; set `torch_dtype` in `from_pretrained()` instead to keep these modules in float32.
{"case": "dev-10", "arm": "adapter-trigger", "generation_seconds": 0.4196821249788627, "encoding_seconds": 0.01342816709075123}
There are modules in AutoencoderKL that should be kept in float32: []. Casting directly with `to()` can lead to inconsistent results; set `torch_dtype` in `from_pretrained()` instead to keep these modules in float32.
There are modules in AutoencoderKL that should be kept in float32: []. Casting directly with `to()` can lead to inconsistent results; set `torch_dtype` in `from_pretrained()` instead to keep these modules in float32.
{"case": "dev-11", "arm": "adapter-plain", "generation_seconds": 0.4513911670073867, "encoding_seconds": 0.012536791036836803}
There are modules in AutoencoderKL that should be kept in float32: []. Casting directly with `to()` can lead to inconsistent results; set `torch_dtype` in `from_pretrained()` instead to keep these modules in float32.
There are modules in AutoencoderKL that should be kept in float32: []. Casting directly with `to()` can lead to inconsistent results; set `torch_dtype` in `from_pretrained()` instead to keep these modules in float32.
{"case": "dev-11", "arm": "adapter-trigger", "generation_seconds": 0.4281506669940427, "encoding_seconds": 0.013187583070248365}
There are modules in AutoencoderKL that should be kept in float32: []. Casting directly with `to()` can lead to inconsistent results; set `torch_dtype` in `from_pretrained()` instead to keep these modules in float32.
There are modules in AutoencoderKL that should be kept in float32: []. Casting directly with `to()` can lead to inconsistent results; set `torch_dtype` in `from_pretrained()` instead to keep these modules in float32.
{"case": "dev-12", "arm": "adapter-plain", "generation_seconds": 0.41469266708008945, "encoding_seconds": 0.011487375013530254}
There are modules in AutoencoderKL that should be kept in float32: []. Casting directly with `to()` can lead to inconsistent results; set `torch_dtype` in `from_pretrained()` instead to keep these modules in float32.
There are modules in AutoencoderKL that should be kept in float32: []. Casting directly with `to()` can lead to inconsistent results; set `torch_dtype` in `from_pretrained()` instead to keep these modules in float32.
{"case": "dev-12", "arm": "adapter-trigger", "generation_seconds": 0.4170353749068454, "encoding_seconds": 0.012259374954737723}
There are modules in AutoencoderKL that should be kept in float32: []. Casting directly with `to()` can lead to inconsistent results; set `torch_dtype` in `from_pretrained()` instead to keep these modules in float32.
There are modules in AutoencoderKL that should be kept in float32: []. Casting directly with `to()` can lead to inconsistent results; set `torch_dtype` in `from_pretrained()` instead to keep these modules in float32.
{"case": "dev-13", "arm": "adapter-plain", "generation_seconds": 0.4161581670632586, "encoding_seconds": 0.01274491602089256}
There are modules in AutoencoderKL that should be kept in float32: []. Casting directly with `to()` can lead to inconsistent results; set `torch_dtype` in `from_pretrained()` instead to keep these modules in float32.
There are modules in AutoencoderKL that should be kept in float32: []. Casting directly with `to()` can lead to inconsistent results; set `torch_dtype` in `from_pretrained()` instead to keep these modules in float32.
{"case": "dev-13", "arm": "adapter-trigger", "generation_seconds": 0.4142935830168426, "encoding_seconds": 0.013743999996222556}
There are modules in AutoencoderKL that should be kept in float32: []. Casting directly with `to()` can lead to inconsistent results; set `torch_dtype` in `from_pretrained()` instead to keep these modules in float32.
There are modules in AutoencoderKL that should be kept in float32: []. Casting directly with `to()` can lead to inconsistent results; set `torch_dtype` in `from_pretrained()` instead to keep these modules in float32.
{"case": "dev-14", "arm": "adapter-plain", "generation_seconds": 0.4123463749419898, "encoding_seconds": 0.011395500041544437}
There are modules in AutoencoderKL that should be kept in float32: []. Casting directly with `to()` can lead to inconsistent results; set `torch_dtype` in `from_pretrained()` instead to keep these modules in float32.
There are modules in AutoencoderKL that should be kept in float32: []. Casting directly with `to()` can lead to inconsistent results; set `torch_dtype` in `from_pretrained()` instead to keep these modules in float32.
{"case": "dev-14", "arm": "adapter-trigger", "generation_seconds": 0.4111703339731321, "encoding_seconds": 0.01157912495546043}
There are modules in AutoencoderKL that should be kept in float32: []. Casting directly with `to()` can lead to inconsistent results; set `torch_dtype` in `from_pretrained()` instead to keep these modules in float32.
There are modules in AutoencoderKL that should be kept in float32: []. Casting directly with `to()` can lead to inconsistent results; set `torch_dtype` in `from_pretrained()` instead to keep these modules in float32.
{"case": "dev-15", "arm": "adapter-plain", "generation_seconds": 0.4127520830370486, "encoding_seconds": 0.012474041082896292}
There are modules in AutoencoderKL that should be kept in float32: []. Casting directly with `to()` can lead to inconsistent results; set `torch_dtype` in `from_pretrained()` instead to keep these modules in float32.
There are modules in AutoencoderKL that should be kept in float32: []. Casting directly with `to()` can lead to inconsistent results; set `torch_dtype` in `from_pretrained()` instead to keep these modules in float32.
{"case": "dev-15", "arm": "adapter-trigger", "generation_seconds": 0.4130915420828387, "encoding_seconds": 0.012600666959770024}
