{
  "production_approved": false,
  "diagnostic_only": true,
  "size": 768,
  "clothing_fraction": 0.1164008229970932,
  "clothing_polygons": [
    [
      [
        0,
        0.838
      ],
      [
        0.181,
        0.8
      ],
      [
        0.218,
        0.724
      ],
      [
        0.238,
        0.692
      ],
      [
        0.254,
        0.758
      ],
      [
        0.262,
        0.835
      ],
      [
        0.281,
        0.886
      ],
      [
        0.32,
        0.935
      ],
      [
        0.4,
        0.966
      ],
      [
        0.49,
        0.978
      ],
      [
        0.56,
        0.975
      ],
      [
        0.64,
        0.948
      ],
      [
        0.702,
        0.906
      ],
      [
        0.723,
        0.839
      ],
      [
        0.733,
        0.779
      ],
      [
        0.774,
        0.825
      ],
      [
        1,
        0.932
      ],
      [
        1,
        1
      ],
      [
        0,
        1
      ]
    ]
  ],
  "inputs": {
    "source": {
      "path": "/Users/twixes/Developer/thispriestdoesnotexist/research/data/ffhq-paired-sources32/images/000.png",
      "sha256": "64f6368f73a25e21c6d8ae22c90a6c5095ab986d204c9acf26aa22f6050d4548"
    },
    "target": {
      "path": "/Users/twixes/Developer/thispriestdoesnotexist/research/data/ffhq-clothing-edits3/000.png",
      "sha256": "802ce72546efaa10c1cdbcbf7d4779b86c7e40c72ac4801d680ed6508c2551c6"
    },
    "mask": {
      "path": "/Users/twixes/Developer/thispriestdoesnotexist/research/data/paired4/000-mask.json",
      "sha256": "dd407a8f8837ca95625552f3d15147fcf282d8b95e4625ccf3a6e549f853cff6"
    }
  }
}
