Using Python 3.11.16 environment at: research/selection/.venv
Resolved 19 packages in 884ms
   Building clip @ file:///Users/twixes/Developer/thispriestdoesnotexist/research/selection/vendor/CLIP-d05afc436d78f1c48dc0dbf8e5980a9d471f35f6
      Built clip @ file:///Users/twixes/Developer/thispriestdoesnotexist/research/selection/vendor/CLIP-d05afc436d78f1c48dc0dbf8e5980a9d471f35f6
Prepared 2 packages in 135ms
Installed 19 packages in 728ms
 + clip==1.0 (from file:///Users/twixes/Developer/thispriestdoesnotexist/research/selection/vendor/CLIP-d05afc436d78f1c48dc0dbf8e5980a9d471f35f6)
 + filelock==4.0.1
 + fsspec==2026.9.0
 + ftfy==6.3.1
 + jinja2==3.1.6
 + markupsafe==3.0.3
 + mpmath==1.3.0
 + networkx==3.6.1
 + numpy==2.4.6
 + packaging==26.3
 + pillow==12.3.0
 + regex==2026.9.10
 + setuptools==84.0.0
 + sympy==1.14.0
 + torch==2.14.0
 + torchvision==0.29.0
 + tqdm==4.70.1
 + typing-extensions==4.16.0
 + wcwidth==0.8.4
