Using Python 3.11.16 environment at: research/restoration/.venv
Resolved 45 packages in 637ms
Downloading fonttools (2.9MiB)
Downloading matplotlib (8.9MiB)
Downloading llvmlite (25.0MiB)
 Downloaded fonttools
 Downloaded matplotlib
 Downloaded llvmlite
Prepared 11 packages in 3.49s
Uninstalled 1 package in 576ms
Installed 30 packages in 250ms
 + certifi==2026.7.22
 + charset-normalizer==3.5.1
 + contourpy==1.3.3
 + cycler==0.12.1
 + filelock==4.0.1
 + fonttools==4.65.0
 + fsspec==2026.9.0
 + idna==3.20
 + imageio==2.37.4
 + importlib-metadata==9.0.1
 + jinja2==3.1.6
 + kiwisolver==1.5.1
 + lazy-loader==0.5
 + llvmlite==0.44.0
 + markupsafe==3.0.3
 + matplotlib==3.11.2
 + mpmath==1.3.0
 + networkx==3.6.1
 + packaging==26.3
 + platformdirs==4.11.11
 + pyparsing==3.3.3
 + python-dateutil==2.9.0.post0
 + six==1.17.0
 + sympy==1.14.0
 + tifffile==2026.3.3
 + tomli==2.4.1
 ~ torch==2.1.2
 + typing-extensions==4.16.0
 + urllib3==2.8.0
 + zipp==4.1.0
