Loading pipeline components...:   0%|          | 0/7 [00:00<?, ?it/s]Loading pipeline components...:  43%|████▎     | 3/7 [00:00<00:00, 27.97it/s]There are modules in UNet2DConditionModel that should be kept in float32: []. Casting directly with `to()` can lead to inconsistent results; set `torch_dtype` in `from_pretrained()` instead to keep these modules in float32.
Loading pipeline components...:  86%|████████▌ | 6/7 [00:00<00:00, 27.05it/s]There are modules in AutoencoderKL that should be kept in float32: []. Casting directly with `to()` can lead to inconsistent results; set `torch_dtype` in `from_pretrained()` instead to keep these modules in float32.
Loading pipeline components...: 100%|██████████| 7/7 [00:00<00:00, 27.53it/s]
There are modules in UNet2DConditionModel that should be kept in float32: []. Casting directly with `to()` can lead to inconsistent results; set `torch_dtype` in `from_pretrained()` instead to keep these modules in float32.
There are modules in AutoencoderKL that should be kept in float32: []. Casting directly with `to()` can lead to inconsistent results; set `torch_dtype` in `from_pretrained()` instead to keep these modules in float32.
The config attributes {'skip_prk_steps': True} were passed to TCDScheduler, but are not expected and will be ignored. Please verify your scheduler_config.json configuration file.
/Users/twixes/Developer/thispriestdoesnotexist/research/.venv-flux-train/lib/python3.11/site-packages/diffusers/pipelines/stable_diffusion_xl/pipeline_stable_diffusion_xl.py:750: FutureWarning: `upcast_vae` is deprecated and will be removed in version 1.0.0. `upcast_vae` is deprecated. Please use `pipe.vae.to(torch.float32)`. For more details, please refer to: https://github.com/huggingface/diffusers/pull/12619#issue-3606633695.
  deprecate(
There are modules in AutoencoderKL that should be kept in float32: []. Casting directly with `to()` can lead to inconsistent results; set `torch_dtype` in `from_pretrained()` instead to keep these modules in float32.
There are modules in AutoencoderKL that should be kept in float32: []. Casting directly with `to()` can lead to inconsistent results; set `torch_dtype` in `from_pretrained()` instead to keep these modules in float32.
{"index": -1, "generation_seconds": 0.8694860419491306, "encoding_seconds": 0.016473499941639602, "unet_calls": 4}
There are modules in AutoencoderKL that should be kept in float32: []. Casting directly with `to()` can lead to inconsistent results; set `torch_dtype` in `from_pretrained()` instead to keep these modules in float32.
There are modules in AutoencoderKL that should be kept in float32: []. Casting directly with `to()` can lead to inconsistent results; set `torch_dtype` in `from_pretrained()` instead to keep these modules in float32.
{"index": 0, "generation_seconds": 0.6686253329971805, "encoding_seconds": 0.01237820798996836, "unet_calls": 4}
There are modules in AutoencoderKL that should be kept in float32: []. Casting directly with `to()` can lead to inconsistent results; set `torch_dtype` in `from_pretrained()` instead to keep these modules in float32.
There are modules in AutoencoderKL that should be kept in float32: []. Casting directly with `to()` can lead to inconsistent results; set `torch_dtype` in `from_pretrained()` instead to keep these modules in float32.
{"index": 1, "generation_seconds": 0.6715227918466553, "encoding_seconds": 0.011677375063300133, "unet_calls": 4}
There are modules in AutoencoderKL that should be kept in float32: []. Casting directly with `to()` can lead to inconsistent results; set `torch_dtype` in `from_pretrained()` instead to keep these modules in float32.
There are modules in AutoencoderKL that should be kept in float32: []. Casting directly with `to()` can lead to inconsistent results; set `torch_dtype` in `from_pretrained()` instead to keep these modules in float32.
{"index": 2, "generation_seconds": 0.665383540908806, "encoding_seconds": 0.013672749977558851, "unet_calls": 4}
There are modules in AutoencoderKL that should be kept in float32: []. Casting directly with `to()` can lead to inconsistent results; set `torch_dtype` in `from_pretrained()` instead to keep these modules in float32.
There are modules in AutoencoderKL that should be kept in float32: []. Casting directly with `to()` can lead to inconsistent results; set `torch_dtype` in `from_pretrained()` instead to keep these modules in float32.
{"index": 3, "generation_seconds": 0.6669799999799579, "encoding_seconds": 0.013472083024680614, "unet_calls": 4}
There are modules in AutoencoderKL that should be kept in float32: []. Casting directly with `to()` can lead to inconsistent results; set `torch_dtype` in `from_pretrained()` instead to keep these modules in float32.
There are modules in AutoencoderKL that should be kept in float32: []. Casting directly with `to()` can lead to inconsistent results; set `torch_dtype` in `from_pretrained()` instead to keep these modules in float32.
{"index": 4, "generation_seconds": 0.6626555828843266, "encoding_seconds": 0.013595542055554688, "unet_calls": 4}
There are modules in AutoencoderKL that should be kept in float32: []. Casting directly with `to()` can lead to inconsistent results; set `torch_dtype` in `from_pretrained()` instead to keep these modules in float32.
There are modules in AutoencoderKL that should be kept in float32: []. Casting directly with `to()` can lead to inconsistent results; set `torch_dtype` in `from_pretrained()` instead to keep these modules in float32.
{"index": 5, "generation_seconds": 0.6636965839425102, "encoding_seconds": 0.010812708060257137, "unet_calls": 4}
There are modules in AutoencoderKL that should be kept in float32: []. Casting directly with `to()` can lead to inconsistent results; set `torch_dtype` in `from_pretrained()` instead to keep these modules in float32.
There are modules in AutoencoderKL that should be kept in float32: []. Casting directly with `to()` can lead to inconsistent results; set `torch_dtype` in `from_pretrained()` instead to keep these modules in float32.
{"index": 6, "generation_seconds": 0.6648329999297857, "encoding_seconds": 0.015836457954719663, "unet_calls": 4}
There are modules in AutoencoderKL that should be kept in float32: []. Casting directly with `to()` can lead to inconsistent results; set `torch_dtype` in `from_pretrained()` instead to keep these modules in float32.
There are modules in AutoencoderKL that should be kept in float32: []. Casting directly with `to()` can lead to inconsistent results; set `torch_dtype` in `from_pretrained()` instead to keep these modules in float32.
{"index": 7, "generation_seconds": 0.6669000409310684, "encoding_seconds": 0.017027624999172986, "unet_calls": 4}
