{"replica": "diagnostic", "phase": "before_update", "elapsed_seconds": 7.080379873514175e-07, "peak_rss_bytes": 4999135232}
{"replica": "diagnostic", "phase": "before_feature_forward", "elapsed_seconds": 0.5326047920389101, "peak_rss_bytes": 6230523904}
{"replica": "diagnostic", "phase": "after_feature_forward", "elapsed_seconds": 2.4899851670488715, "peak_rss_bytes": 7310442496}
{"replica": "diagnostic", "phase": "before_diagnostic_pixel_autograd", "elapsed_seconds": 2.4906470420537516, "peak_rss_bytes": 7310442496}
{"replica": "diagnostic", "phase": "after_diagnostic_pixel_autograd", "elapsed_seconds": 3.775832499959506, "peak_rss_bytes": 8216297472}
{"replica": "diagnostic", "phase": "before_diagnostic_feature_autograd", "elapsed_seconds": 3.776058749994263, "peak_rss_bytes": 8216297472}
{"replica": "diagnostic", "phase": "after_diagnostic_feature_autograd", "elapsed_seconds": 5.666894125053659, "peak_rss_bytes": 8377810944}
{"replica": "diagnostic", "phase": "before_paired_pixel_plus_feature_backward", "elapsed_seconds": 5.667203624965623, "peak_rss_bytes": 8377810944}
{"replica": "diagnostic", "phase": "after_paired_pixel_plus_feature_backward", "elapsed_seconds": 7.577004499966279, "peak_rss_bytes": 8377810944}
{"replica": "diagnostic", "phase": "before_fresh_preservation_backward", "elapsed_seconds": 8.596194833051413, "peak_rss_bytes": 8377810944}
{"replica": "diagnostic", "phase": "after_fresh_preservation_backward", "elapsed_seconds": 9.754171750042588, "peak_rss_bytes": 8377810944}
{"replica": "diagnostic", "phase": "after_update", "elapsed_seconds": 9.796350041986443, "peak_rss_bytes": 8377810944}
{"replica": "ordinary", "phase": "before_update", "elapsed_seconds": 1.584063284099102e-06, "peak_rss_bytes": 8377810944}
{"replica": "ordinary", "phase": "before_feature_forward", "elapsed_seconds": 0.6736610420048237, "peak_rss_bytes": 8377810944}
{"replica": "ordinary", "phase": "after_feature_forward", "elapsed_seconds": 1.9433537920704111, "peak_rss_bytes": 8619048960}
{"replica": "ordinary", "phase": "before_paired_pixel_plus_feature_backward", "elapsed_seconds": 1.9436015840619802, "peak_rss_bytes": 8619065344}
{"replica": "ordinary", "phase": "after_paired_pixel_plus_feature_backward", "elapsed_seconds": 3.8766593750333413, "peak_rss_bytes": 8679129088}
{"replica": "ordinary", "phase": "before_fresh_preservation_backward", "elapsed_seconds": 4.859851167071611, "peak_rss_bytes": 8679129088}
{"replica": "ordinary", "phase": "after_fresh_preservation_backward", "elapsed_seconds": 5.945334167103283, "peak_rss_bytes": 8679129088}
{"replica": "ordinary", "phase": "after_update", "elapsed_seconds": 5.970831125043333, "peak_rss_bytes": 8679129088}
