Traceback (most recent call last):
  File "/Users/twixes/Developer/thispriestdoesnotexist/research/experiments/deferred_stats/benchmark_mps.py", line 119, in <module>
    if __name__=='__main__':main()
                            ^^^^^^
  File "/Users/twixes/Developer/thispriestdoesnotexist/research/experiments/deferred_stats/benchmark_mps.py", line 87, in main
    loss.accumulate_gradients(args.phase,real,c,z,c,sync=True,gain=gain)
  File "/Users/twixes/Developer/thispriestdoesnotexist/research/vendor/stylegan2-ada-pytorch/training/loss.py", line 67, in accumulate_gradients
    gen_img, _gen_ws = self.run_G(gen_z, gen_c, sync=(sync and not do_Gpl)) # May get synced by Gpl.
                       ^^^^^^^^^^^^^^^^^^^^^^^^^^^^^^^^^^^^^^^^^^^^^^^^^^^^
  File "/Users/twixes/Developer/thispriestdoesnotexist/research/vendor/stylegan2-ada-pytorch/training/loss.py", line 47, in run_G
    img = self.G_synthesis(ws)
          ^^^^^^^^^^^^^^^^^^^^
  File "/Users/twixes/Developer/thispriestdoesnotexist/research/.venv/lib/python3.11/site-packages/torch/nn/modules/module.py", line 1783, in _wrapped_call_impl
    return self._call_impl(*args, **kwargs)
           ^^^^^^^^^^^^^^^^^^^^^^^^^^^^^^^^
  File "/Users/twixes/Developer/thispriestdoesnotexist/research/.venv/lib/python3.11/site-packages/torch/nn/modules/module.py", line 1794, in _call_impl
    return forward_call(*args, **kwargs)
           ^^^^^^^^^^^^^^^^^^^^^^^^^^^^^
  File "/Users/twixes/Developer/thispriestdoesnotexist/research/experiments/reference_phases/smoke.py", line 41, in forward
    return self.module(*args, **kwargs, force_fp32=True)
           ^^^^^^^^^^^^^^^^^^^^^^^^^^^^^^^^^^^^^^^^^^^^^
  File "/Users/twixes/Developer/thispriestdoesnotexist/research/.venv/lib/python3.11/site-packages/torch/nn/modules/module.py", line 1783, in _wrapped_call_impl
    return self._call_impl(*args, **kwargs)
           ^^^^^^^^^^^^^^^^^^^^^^^^^^^^^^^^
  File "/Users/twixes/Developer/thispriestdoesnotexist/research/.venv/lib/python3.11/site-packages/torch/nn/modules/module.py", line 1794, in _call_impl
    return forward_call(*args, **kwargs)
           ^^^^^^^^^^^^^^^^^^^^^^^^^^^^^
  File "<string>", line 463, in forward
  File "/Users/twixes/Developer/thispriestdoesnotexist/research/.venv/lib/python3.11/site-packages/torch/nn/modules/module.py", line 1783, in _wrapped_call_impl
    return self._call_impl(*args, **kwargs)
           ^^^^^^^^^^^^^^^^^^^^^^^^^^^^^^^^
  File "/Users/twixes/Developer/thispriestdoesnotexist/research/.venv/lib/python3.11/site-packages/torch/nn/modules/module.py", line 1794, in _call_impl
    return forward_call(*args, **kwargs)
           ^^^^^^^^^^^^^^^^^^^^^^^^^^^^^
  File "<string>", line 397, in forward
  File "/Users/twixes/Developer/thispriestdoesnotexist/research/.venv/lib/python3.11/site-packages/torch/nn/modules/module.py", line 1783, in _wrapped_call_impl
    return self._call_impl(*args, **kwargs)
           ^^^^^^^^^^^^^^^^^^^^^^^^^^^^^^^^
  File "/Users/twixes/Developer/thispriestdoesnotexist/research/.venv/lib/python3.11/site-packages/torch/nn/modules/module.py", line 1794, in _call_impl
    return forward_call(*args, **kwargs)
           ^^^^^^^^^^^^^^^^^^^^^^^^^^^^^
  File "<string>", line 296, in forward
  File "/Users/twixes/Developer/thispriestdoesnotexist/research/vendor/stylegan2-ada-pytorch/torch_utils/ops/bias_act.py", line 89, in bias_act
    return _bias_act_ref(x=x, b=b, dim=dim, act=act, alpha=alpha, gain=gain, clamp=clamp)
           ^^^^^^^^^^^^^^^^^^^^^^^^^^^^^^^^^^^^^^^^^^^^^^^^^^^^^^^^^^^^^^^^^^^^^^^^^^^^^^
  File "/Users/twixes/Developer/thispriestdoesnotexist/research/vendor/stylegan2-ada-pytorch/torch_utils/misc.py", line 101, in decorator
    return fn(*args, **kwargs)
           ^^^^^^^^^^^^^^^^^^^
  File "/Users/twixes/Developer/thispriestdoesnotexist/research/vendor/stylegan2-ada-pytorch/torch_utils/ops/bias_act.py", line 122, in _bias_act_ref
    x = x.clamp(-clamp, clamp) # pylint: disable=invalid-unary-operand-type
        ^^^^^^^^^^^^^^^^^^^^^^
RuntimeError: MPS backend out of memory (MPS allocated: 4.23 GiB, other allocations: 13.33 MiB, max allowed: 4.00 GiB). Tried to allocate 128.00 MiB on shared pool. Use PYTORCH_MPS_HIGH_WATERMARK_RATIO=0.0 to disable upper limit for memory allocations (may cause system failure).
