{"replica": "diagnostic", "phase": "before_update", "elapsed_seconds": 4.5797787606716156e-07, "peak_rss_bytes": 5011685376}
{"replica": "diagnostic", "phase": "before_feature_forward", "elapsed_seconds": 0.740466249990277, "peak_rss_bytes": 5854838784}
{"replica": "diagnostic", "phase": "after_feature_forward", "elapsed_seconds": 2.286344291991554, "peak_rss_bytes": 7916863488}
{"replica": "diagnostic", "phase": "before_diagnostic_pixel_autograd", "elapsed_seconds": 2.286790124955587, "peak_rss_bytes": 7917305856}
{"replica": "diagnostic", "phase": "after_diagnostic_pixel_autograd", "elapsed_seconds": 3.445366916945204, "peak_rss_bytes": 8798797824}
{"replica": "diagnostic", "phase": "before_diagnostic_feature_autograd", "elapsed_seconds": 3.445597167010419, "peak_rss_bytes": 8798797824}
{"replica": "diagnostic", "phase": "after_diagnostic_feature_autograd", "elapsed_seconds": 5.103264624951407, "peak_rss_bytes": 8893464576}
{"replica": "diagnostic", "phase": "before_paired_pixel_plus_feature_backward", "elapsed_seconds": 5.103525082929991, "peak_rss_bytes": 8893464576}
{"replica": "diagnostic", "phase": "after_paired_pixel_plus_feature_backward", "elapsed_seconds": 6.993079666979611, "peak_rss_bytes": 8893464576}
{"replica": "diagnostic", "phase": "before_fresh_preservation_backward", "elapsed_seconds": 8.042389582959004, "peak_rss_bytes": 8893464576}
{"replica": "diagnostic", "phase": "after_fresh_preservation_backward", "elapsed_seconds": 9.2665906669572, "peak_rss_bytes": 8893464576}
{"replica": "diagnostic", "phase": "after_update", "elapsed_seconds": 9.30474549997598, "peak_rss_bytes": 8893464576}
{"replica": "ordinary", "phase": "before_update", "elapsed_seconds": 4.5797787606716156e-07, "peak_rss_bytes": 8893464576}
{"replica": "ordinary", "phase": "before_feature_forward", "elapsed_seconds": 0.7090912079438567, "peak_rss_bytes": 8893464576}
{"replica": "ordinary", "phase": "after_feature_forward", "elapsed_seconds": 1.9853700830135494, "peak_rss_bytes": 8893464576}
{"replica": "ordinary", "phase": "before_paired_pixel_plus_feature_backward", "elapsed_seconds": 1.9856092499103397, "peak_rss_bytes": 8893464576}
{"replica": "ordinary", "phase": "after_paired_pixel_plus_feature_backward", "elapsed_seconds": 3.843946957960725, "peak_rss_bytes": 8893464576}
{"replica": "ordinary", "phase": "before_fresh_preservation_backward", "elapsed_seconds": 4.885443041916005, "peak_rss_bytes": 8893464576}
{"replica": "ordinary", "phase": "after_fresh_preservation_backward", "elapsed_seconds": 5.924209707998671, "peak_rss_bytes": 8893464576}
{"replica": "ordinary", "phase": "after_update", "elapsed_seconds": 5.944795791991055, "peak_rss_bytes": 8893464576}
