Setting up [LPIPS] perceptual loss: trunk [squeeze], v[0.1], spatial [off]
/Users/twixes/Developer/thispriestdoesnotexist/research/.venv/lib/python3.11/site-packages/torchvision/models/_utils.py:207: UserWarning: The parameter 'pretrained' is deprecated since 0.13 and may be removed in the future, please use 'weights' instead.
  warnings.warn(
/Users/twixes/Developer/thispriestdoesnotexist/research/.venv/lib/python3.11/site-packages/torchvision/models/_utils.py:222: UserWarning: Arguments other than a weight enum or `None` for 'weights' are deprecated since 0.13 and may be removed in the future. The current behavior is equivalent to passing `weights=SqueezeNet1_1_Weights.IMAGENET1K_V1`. You can also use `weights=SqueezeNet1_1_Weights.DEFAULT` to get the most up-to-date weights.
  warnings.warn(msg)
Loading model from: /Users/twixes/Developer/thispriestdoesnotexist/research/.venv/lib/python3.11/site-packages/lpips/weights/v0.1/squeeze.pth
Evaluated 8/16
Evaluated 16/16
{
  "checkpoint": "research/runs/aligned110-frozen4-cdc1000/generator-001500.pt",
  "sha256": "29e6243e247582566d84ccf11ce807100d0ee2d81b9074ae12467ee1524be31d",
  "count": 16,
  "training_count": 110,
  "unique_decoded_images": 16,
  "nearest_lpips_min": 0.22967106103897095,
  "nearest_lpips_median": 0.24457134306430817,
  "generated_pair_lpips_median": 0.27346770465373993,
  "generated_pair_lpips_min": 0.23527708649635315,
  "seconds": 57.049645959050395,
  "metric": "LPIPS v0.1 SqueezeNet; orientation invariant nearest training comparison",
  "limitations": "Diagnostics only. These scores do not prove new identity or visual acceptability. Human visual inspection required."
}
