Verified sources/base-README.md: 8668 bytes
Verified model_index.json: 609 bytes
Verified sources/base-LICENSE.md: 14109 bytes
Verified scheduler/scheduler_config.json: 479 bytes
Verified text_encoder/config.json: 565 bytes
Verified text_encoder/model.fp16.safetensors: 246144152 bytes (reused)
Verified text_encoder_2/config.json: 575 bytes
Verified tokenizer/merges.txt: 524619 bytes
Verified tokenizer/special_tokens_map.json: 472 bytes
Verified tokenizer/tokenizer_config.json: 737 bytes
Verified tokenizer/vocab.json: 1059962 bytes
Verified tokenizer_2/merges.txt: 524619 bytes
Verified tokenizer_2/special_tokens_map.json: 460 bytes
Verified tokenizer_2/tokenizer_config.json: 725 bytes
Verified text_encoder_2/model.fp16.safetensors: 1389382176 bytes (reused)
Verified tokenizer_2/vocab.json: 1059962 bytes
Verified unet/config.json: 1680 bytes
Verified vae/config.json: 642 bytes
Verified sources/lightning-LICENSE.md: 14143 bytes
Verified sources/lightning-README.md: 6527 bytes
Verified vae/diffusion_pytorch_model.fp16.safetensors: 167335342 bytes
Verified unet/diffusion_pytorch_model.fp16.safetensors: 5135149736 bytes
Assembly complete; model has not been loaded or executed.
