Verified model_index.json: 685 bytes
Verified LICENSE.md: 11852 bytes
Verified README.md: 5883 bytes
Verified scheduler/scheduler_config.json: 459 bytes
Verified text_encoder/config.json: 565 bytes
Verified text_encoder_2/config.json: 575 bytes
Verified tokenizer/merges.txt: 524619 bytes
Verified tokenizer/special_tokens_map.json: 586 bytes
Verified tokenizer/tokenizer_config.json: 704 bytes
Verified tokenizer/vocab.json: 1059962 bytes
Verified tokenizer_2/merges.txt: 524619 bytes
Verified tokenizer_2/special_tokens_map.json: 460 bytes
Verified tokenizer_2/tokenizer_config.json: 855 bytes
Verified tokenizer_2/vocab.json: 1059962 bytes
Verified unet/config.json: 1776 bytes
Verified text_encoder/model.fp16.safetensors: 246144152 bytes
Verified vae/config.json: 607 bytes
Verified vae/diffusion_pytorch_model.fp16.safetensors: 167335342 bytes
Verified vae_decoder/config.json: 607 bytes
Verified vae_encoder/config.json: 607 bytes
Verified text_encoder_2/model.fp16.safetensors: 1389382176 bytes
Verified unet/diffusion_pytorch_model.fp16.safetensors: 5135149760 bytes
