#0 building with "orbstack" instance using docker driver

#1 [internal] load build definition from Dockerfile
#1 transferring dockerfile: 876B done
#1 DONE 0.1s

#2 [internal] load metadata for docker.io/library/python:3.12-slim
#2 DONE 1.4s

#3 [internal] load .dockerignore
#3 transferring context: 241B done
#3 DONE 0.0s

#4 [1/9] FROM docker.io/library/python:3.12-slim@sha256:2f17fc044b579bab302c2e8054d3a686e2cb9a83de48e70534b94cd8ebbe06a9
#4 resolve docker.io/library/python:3.12-slim@sha256:2f17fc044b579bab302c2e8054d3a686e2cb9a83de48e70534b94cd8ebbe06a9 0.0s done
#4 ...

#5 [internal] load build context
#5 transferring context: 1.49MB 0.0s done
#5 DONE 0.1s

#4 [1/9] FROM docker.io/library/python:3.12-slim@sha256:2f17fc044b579bab302c2e8054d3a686e2cb9a83de48e70534b94cd8ebbe06a9
#4 sha256:06ad939ed42b51caafb25b14810875d14e0ee0c441d3e2e5e46475fb8c150bca 249B / 249B 0.1s done
#4 sha256:b0dc7f87bef15c2536cb182d6c48b52f90a0522884ec9eb222f833fa97ffebf0 2.10MB / 12.12MB 0.3s
#4 sha256:3764a9a7d1e8a98213ab2201a41dbf3da9c60240ea35a5ea96ab994555070a70 0B / 1.29MB 0.2s
#4 sha256:6b37362b3da78869050b894b799ad4df04f1f3b52774087db0d81151570244c8 0B / 29.83MB 0.2s
#4 sha256:b0dc7f87bef15c2536cb182d6c48b52f90a0522884ec9eb222f833fa97ffebf0 12.12MB / 12.12MB 0.4s done
#4 sha256:3764a9a7d1e8a98213ab2201a41dbf3da9c60240ea35a5ea96ab994555070a70 1.29MB / 1.29MB 0.4s done
#4 sha256:6b37362b3da78869050b894b799ad4df04f1f3b52774087db0d81151570244c8 3.15MB / 29.83MB 0.5s
#4 sha256:6b37362b3da78869050b894b799ad4df04f1f3b52774087db0d81151570244c8 22.02MB / 29.83MB 0.6s
#4 sha256:6b37362b3da78869050b894b799ad4df04f1f3b52774087db0d81151570244c8 29.83MB / 29.83MB 0.7s done
#4 extracting sha256:6b37362b3da78869050b894b799ad4df04f1f3b52774087db0d81151570244c8
#4 extracting sha256:6b37362b3da78869050b894b799ad4df04f1f3b52774087db0d81151570244c8 0.3s done
#4 DONE 1.1s

#4 [1/9] FROM docker.io/library/python:3.12-slim@sha256:2f17fc044b579bab302c2e8054d3a686e2cb9a83de48e70534b94cd8ebbe06a9
#4 extracting sha256:3764a9a7d1e8a98213ab2201a41dbf3da9c60240ea35a5ea96ab994555070a70 0.0s done
#4 extracting sha256:b0dc7f87bef15c2536cb182d6c48b52f90a0522884ec9eb222f833fa97ffebf0
#4 extracting sha256:b0dc7f87bef15c2536cb182d6c48b52f90a0522884ec9eb222f833fa97ffebf0 0.2s done
#4 DONE 1.3s

#4 [1/9] FROM docker.io/library/python:3.12-slim@sha256:2f17fc044b579bab302c2e8054d3a686e2cb9a83de48e70534b94cd8ebbe06a9
#4 extracting sha256:06ad939ed42b51caafb25b14810875d14e0ee0c441d3e2e5e46475fb8c150bca 0.0s done
#4 DONE 1.4s

#6 [2/9] WORKDIR /app
#6 DONE 0.2s

#7 [3/9] COPY inference/requirements.txt /app/inference/requirements.txt
#7 DONE 0.0s

#8 [4/9] RUN pip install --no-cache-dir torch==2.14.0 --index-url https://download.pytorch.org/whl/cpu     && pip install --no-cache-dir -r inference/requirements.txt
#8 1.121 Looking in indexes: https://download.pytorch.org/whl/cpu
#8 1.269 Collecting torch==2.14.0
#8 1.401   Downloading https://download-r2.pytorch.org/whl/cpu/torch-2.14.0%2Bcpu-cp312-cp312-manylinux_2_28_x86_64.whl.metadata (37 kB)
#8 1.432 Collecting filelock (from torch==2.14.0)
#8 1.572   Downloading filelock-3.32.3-py3-none-any.whl.metadata (2.0 kB)
#8 1.590 Collecting typing-extensions>=4.10.0 (from torch==2.14.0)
#8 1.613   Downloading typing_extensions-4.16.0-py3-none-any.whl.metadata (3.3 kB)
#8 1.625 Collecting setuptools>=77.0.3 (from torch==2.14.0)
#8 1.635   Downloading https://download.pytorch.org/whl/setuptools-78.1.0-py3-none-any.whl.metadata (6.6 kB)
#8 1.657 Collecting sympy>=1.13.3 (from torch==2.14.0)
#8 1.684   Downloading sympy-1.14.0-py3-none-any.whl.metadata (12 kB)
#8 1.714 Collecting networkx>=2.5.1 (from torch==2.14.0)
#8 1.738   Downloading networkx-3.6.1-py3-none-any.whl.metadata (6.8 kB)
#8 1.755 Collecting jinja2 (from torch==2.14.0)
#8 1.764   Downloading https://download.pytorch.org/whl/jinja2-3.1.6-py3-none-any.whl.metadata (2.9 kB)
#8 1.793 Collecting fsspec>=0.8.5 (from torch==2.14.0)
#8 1.818   Downloading fsspec-2026.7.0-py3-none-any.whl.metadata (10 kB)
#8 1.853 Collecting mpmath<1.4,>=1.1.0 (from sympy>=1.13.3->torch==2.14.0)
#8 1.876   Downloading mpmath-1.3.0-py3-none-any.whl.metadata (8.6 kB)
#8 1.896 Collecting MarkupSafe>=2.0 (from jinja2->torch==2.14.0)
#8 1.904   Downloading https://download.pytorch.org/whl/markupsafe-3.0.3-cp312-cp312-manylinux2014_x86_64.manylinux_2_17_x86_64.manylinux_2_28_x86_64.whl.metadata (2.7 kB)
#8 1.920 Downloading https://download-r2.pytorch.org/whl/cpu/torch-2.14.0%2Bcpu-cp312-cp312-manylinux_2_28_x86_64.whl (196.3 MB)
#8 3.498    ━━━━━━━━━━━━━━━━━━━━━━━━━━━━━━━━━━━━━━━ 196.3/196.3 MB 125.3 MB/s eta 0:00:00
#8 3.524 Downloading fsspec-2026.7.0-py3-none-any.whl (206 kB)
#8 3.601 Downloading networkx-3.6.1-py3-none-any.whl (2.1 MB)
#8 3.676    ━━━━━━━━━━━━━━━━━━━━━━━━━━━━━━━━━━━━━━━━ 2.1/2.1 MB 35.6 MB/s eta 0:00:00
#8 3.691 Downloading https://download.pytorch.org/whl/setuptools-78.1.0-py3-none-any.whl (1.3 MB)
#8 3.717    ━━━━━━━━━━━━━━━━━━━━━━━━━━━━━━━━━━━━━━━━ 1.3/1.3 MB 46.3 MB/s eta 0:00:00
#8 3.759 Downloading sympy-1.14.0-py3-none-any.whl (6.3 MB)
#8 3.816    ━━━━━━━━━━━━━━━━━━━━━━━━━━━━━━━━━━━━━━━━ 6.3/6.3 MB 109.9 MB/s eta 0:00:00
#8 3.843 Downloading typing_extensions-4.16.0-py3-none-any.whl (45 kB)
#8 3.869 Downloading filelock-3.32.3-py3-none-any.whl (98 kB)
#8 3.879 Downloading https://download.pytorch.org/whl/jinja2-3.1.6-py3-none-any.whl (134 kB)
#8 3.892 Downloading https://download.pytorch.org/whl/markupsafe-3.0.3-cp312-cp312-manylinux2014_x86_64.manylinux_2_17_x86_64.manylinux_2_28_x86_64.whl (22 kB)
#8 3.917 Downloading mpmath-1.3.0-py3-none-any.whl (536 kB)
#8 3.923    ━━━━━━━━━━━━━━━━━━━━━━━━━━━━━━━━━━━━━━━━ 536.2/536.2 kB 77.0 MB/s eta 0:00:00
#8 4.551 Installing collected packages: mpmath, typing-extensions, sympy, setuptools, networkx, MarkupSafe, fsspec, filelock, jinja2, torch
#8 19.29 Successfully installed MarkupSafe-3.0.3 filelock-3.32.3 fsspec-2026.7.0 jinja2-3.1.6 mpmath-1.3.0 networkx-3.6.1 setuptools-78.1.0 sympy-1.14.0 torch-2.14.0+cpu typing-extensions-4.16.0
#8 19.29 WARNING: Running pip as the 'root' user can result in broken permissions and conflicting behaviour with the system package manager, possibly rendering your system unusable. It is recommended to use a virtual environment instead: https://pip.pypa.io/warnings/venv. Use the --root-user-action option if you know what you are doing and want to suppress this warning.
#8 21.35 Collecting numpy==2.4.6 (from -r inference/requirements.txt (line 1))
#8 21.50   Downloading numpy-2.4.6-cp312-cp312-manylinux_2_27_x86_64.manylinux_2_28_x86_64.whl.metadata (6.6 kB)
#8 21.69 Collecting pillow==12.3.0 (from -r inference/requirements.txt (line 2))
#8 21.73   Downloading pillow-12.3.0-cp312-cp312-manylinux_2_27_x86_64.manylinux_2_28_x86_64.whl.metadata (9.1 kB)
#8 21.83 Collecting safetensors==0.8.0 (from -r inference/requirements.txt (line 3))
#8 21.87   Downloading safetensors-0.8.0-cp310-abi3-manylinux_2_17_x86_64.manylinux2014_x86_64.whl.metadata (4.2 kB)
#8 21.98 Collecting scipy==1.17.1 (from -r inference/requirements.txt (line 4))
#8 22.02   Downloading scipy-1.17.1-cp312-cp312-manylinux_2_27_x86_64.manylinux_2_28_x86_64.whl.metadata (62 kB)
#8 22.11 Collecting requests==2.34.2 (from -r inference/requirements.txt (line 5))
#8 22.14   Downloading requests-2.34.2-py3-none-any.whl.metadata (4.8 kB)
#8 22.25 Collecting charset_normalizer<4,>=2 (from requests==2.34.2->-r inference/requirements.txt (line 5))
#8 22.29   Downloading charset_normalizer-3.5.1-cp312-cp312-manylinux2014_x86_64.manylinux_2_17_x86_64.manylinux_2_28_x86_64.whl.metadata (45 kB)
#8 22.34 Collecting idna<4,>=2.5 (from requests==2.34.2->-r inference/requirements.txt (line 5))
#8 22.37   Downloading idna-3.20-py3-none-any.whl.metadata (7.2 kB)
#8 22.42 Collecting urllib3<3,>=1.26 (from requests==2.34.2->-r inference/requirements.txt (line 5))
#8 22.45   Downloading urllib3-2.8.0-py3-none-any.whl.metadata (7.4 kB)
#8 22.50 Collecting certifi>=2023.5.7 (from requests==2.34.2->-r inference/requirements.txt (line 5))
#8 22.53   Downloading certifi-2026.7.22-py3-none-any.whl.metadata (2.5 kB)
#8 22.57 Downloading numpy-2.4.6-cp312-cp312-manylinux_2_27_x86_64.manylinux_2_28_x86_64.whl (16.6 MB)
#8 22.87    ━━━━━━━━━━━━━━━━━━━━━━━━━━━━━━━━━━━━━━━━ 16.6/16.6 MB 68.5 MB/s eta 0:00:00
#8 22.90 Downloading pillow-12.3.0-cp312-cp312-manylinux_2_27_x86_64.manylinux_2_28_x86_64.whl (6.9 MB)
#8 22.96    ━━━━━━━━━━━━━━━━━━━━━━━━━━━━━━━━━━━━━━━━ 6.9/6.9 MB 115.8 MB/s eta 0:00:00
#8 23.00 Downloading safetensors-0.8.0-cp310-abi3-manylinux_2_17_x86_64.manylinux2014_x86_64.whl (516 kB)
#8 23.04 Downloading scipy-1.17.1-cp312-cp312-manylinux_2_27_x86_64.manylinux_2_28_x86_64.whl (35.2 MB)
#8 23.36    ━━━━━━━━━━━━━━━━━━━━━━━━━━━━━━━━━━━━━━━━ 35.2/35.2 MB 111.1 MB/s eta 0:00:00
#8 23.39 Downloading requests-2.34.2-py3-none-any.whl (73 kB)
#8 23.43 Downloading certifi-2026.7.22-py3-none-any.whl (136 kB)
#8 23.46 Downloading charset_normalizer-3.5.1-cp312-cp312-manylinux2014_x86_64.manylinux_2_17_x86_64.manylinux_2_28_x86_64.whl (248 kB)
#8 23.50 Downloading idna-3.20-py3-none-any.whl (69 kB)
#8 23.53 Downloading urllib3-2.8.0-py3-none-any.whl (135 kB)
#8 23.73 Installing collected packages: urllib3, safetensors, pillow, numpy, idna, charset_normalizer, certifi, scipy, requests
#8 28.38 Successfully installed certifi-2026.7.22 charset_normalizer-3.5.1 idna-3.20 numpy-2.4.6 pillow-12.3.0 requests-2.34.2 safetensors-0.8.0 scipy-1.17.1 urllib3-2.8.0
#8 28.38 WARNING: Running pip as the 'root' user can result in broken permissions and conflicting behaviour with the system package manager, possibly rendering your system unusable. It is recommended to use a virtual environment instead: https://pip.pypa.io/warnings/venv. Use the --root-user-action option if you know what you are doing and want to suppress this warning.
#8 28.57 
#8 28.57 [notice] A new release of pip is available: 25.0.1 -> 26.2.1
#8 28.57 [notice] To update, run: pip install --upgrade pip
#8 DONE 29.7s

#9 [5/9] COPY research/vendor/stylegan2-ada-pytorch /app/research/vendor/stylegan2-ada-pytorch
#9 DONE 0.1s

#10 [6/9] COPY research/THIRD_PARTY.md /app/research/THIRD_PARTY.md
#10 DONE 0.0s

#11 [7/9] COPY LICENSE /app/LICENSE
#11 DONE 0.1s

#12 [8/9] COPY inference /app/inference
#12 DONE 0.0s

#13 [9/9] RUN useradd --uid 10001 --create-home inference
#13 DONE 0.2s

#14 exporting to image
#14 exporting layers
#14 exporting layers 18.6s done
#14 exporting manifest sha256:fd4c8daf431118265066e3be32be8b5ecfdb3e90bf1b7426802702230b09140e
#14 exporting manifest sha256:fd4c8daf431118265066e3be32be8b5ecfdb3e90bf1b7426802702230b09140e 0.0s done
#14 exporting config sha256:fc32c7e4303851114d28de1d02e3d292d8e65b4ea176b4e0da88f47d3a3fe5b7 0.0s done
#14 exporting attestation manifest sha256:c1dd25fef7c676173cdd218d8205d15779d3ef793e999b904dabe70a8d14b1ad 0.0s done
#14 exporting manifest list sha256:84943e91972961818c8cd240e0856017094f95a11c6282a5bbe62db6e8b34796 0.0s done
#14 naming to docker.io/library/priest-inference:test done
#14 DONE 18.8s
