[
  {
    "id": "055",
    "matched": {
      "landmark_delta_xy": [
        [
          0.0018374323844909668,
          -0.0007743239402770996
        ],
        [
          -0.0011298060417175293,
          0.0010935068130493164
        ],
        [
          -0.0014383792877197266,
          -0.0001112818717956543
        ],
        [
          -0.00025963783264160156,
          0.0002415776252746582
        ],
        [
          -0.004722774028778076,
          0.0032004714012145996
        ]
      ],
      "landmark_displacements": [
        0.0019939246054107495,
        0.0015723291137947882,
        0.001442677590569512,
        0.0003546428529833521,
        0.005705051421056014
      ],
      "max_landmark_displacement": 0.005705051421056014,
      "mean_landmark_displacement": 0.002213725116762883,
      "eye_y_delta": 0.0001595914363861084,
      "mouth_y_delta": 0.001721024513244629,
      "interocular_relative_change": -0.012197188084852928,
      "landmark_tolerance_pass": true,
      "interocular_tolerance_pass": true
    },
    "unadjusted": {
      "landmark_delta_xy": [
        [
          -0.00947234034538269,
          0.011002779006958008
        ],
        [
          -0.002335071563720703,
          0.004346013069152832
        ],
        [
          -0.013480186462402344,
          0.003003716468811035
        ],
        [
          0.0010212063789367676,
          0.0037876367568969727
        ],
        [
          0.004779040813446045,
          -0.001138925552368164
        ]
      ],
      "landmark_displacements": [
        0.014518483994368024,
        0.004933597957367855,
        0.013810783456637861,
        0.003922888562090205,
        0.004912879248507963
      ],
      "max_landmark_displacement": 0.014518483994368024,
      "mean_landmark_displacement": 0.008419726643794381,
      "eye_y_delta": 0.00767439603805542,
      "mouth_y_delta": 0.0013243556022644043,
      "interocular_relative_change": 0.029655579317145575,
      "landmark_tolerance_pass": true,
      "interocular_tolerance_pass": true
    }
  },
  {
    "id": "051",
    "matched": {
      "landmark_delta_xy": [
        [
          -0.0013518333435058594,
          0.001163482666015625
        ],
        [
          0.00035190582275390625,
          0.00023892521858215332
        ],
        [
          -0.0004470348358154297,
          0.0004487037658691406
        ],
        [
          0.00021836161613464355,
          0.0002117753028869629
        ],
        [
          0.00021964311599731445,
          -0.0006073117256164551
        ]
      ],
      "landmark_displacements": [
        0.0017835765480441418,
        0.0004253504063271051,
        0.0006333839388062163,
        0.0003041883862243894,
        0.0006458100575836878
      ],
      "max_landmark_displacement": 0.0017835765480441418,
      "mean_landmark_displacement": 0.0007584618673971081,
      "eye_y_delta": 0.0007012039422988892,
      "mouth_y_delta": -0.0001977682113647461,
      "interocular_relative_change": 0.006441961961596965,
      "landmark_tolerance_pass": true,
      "interocular_tolerance_pass": true
    },
    "unadjusted": {
      "landmark_delta_xy": [
        [
          0.0027053654193878174,
          0.004397720098495483
        ],
        [
          -0.0009921789169311523,
          0.020073115825653076
        ],
        [
          -0.0006181597709655762,
          0.001920938491821289
        ],
        [
          -0.0018239915370941162,
          -0.00583195686340332
        ],
        [
          -0.009355485439300537,
          0.00616687536239624
        ]
      ],
      "landmark_displacements": [
        0.005163230008156768,
        0.02009762169892962,
        0.0020179509884536003,
        0.006110537290941612,
        0.011205153258224276
      ],
      "max_landmark_displacement": 0.02009762169892962,
      "mean_landmark_displacement": 0.008918898648941177,
      "eye_y_delta": 0.01223541796207428,
      "mouth_y_delta": 0.00016745924949645996,
      "interocular_relative_change": -0.010224286963703255,
      "landmark_tolerance_pass": false,
      "interocular_tolerance_pass": true
    }
  },
  {
    "id": "020",
    "matched": {
      "landmark_delta_xy": [
        [
          -0.0033985376358032227,
          0.004704505205154419
        ],
        [
          -0.007647156715393066,
          -0.0017219185829162598
        ],
        [
          -0.002385258674621582,
          0.004102051258087158
        ],
        [
          0.006215691566467285,
          -0.0036534667015075684
        ],
        [
          -0.0038500428199768066,
          -0.007296442985534668
        ]
      ],
      "landmark_displacements": [
        0.005803656372261884,
        0.007838622929824703,
        0.004745132608139834,
        0.0072098987918331504,
        0.008249903633183422
      ],
      "max_landmark_displacement": 0.008249903633183422,
      "mean_landmark_displacement": 0.006769442867048598,
      "eye_y_delta": 0.0014912933111190796,
      "mouth_y_delta": -0.005474954843521118,
      "interocular_relative_change": -0.01876028220671866,
      "landmark_tolerance_pass": true,
      "interocular_tolerance_pass": true
    },
    "unadjusted": {
      "landmark_delta_xy": [
        [
          -0.006968408823013306,
          0.005124986171722412
        ],
        [
          -0.0031485557556152344,
          0.004696905612945557
        ],
        [
          -0.010235190391540527,
          -0.003084897994995117
        ],
        [
          -0.0012780427932739258,
          -0.016627728939056396
        ],
        [
          -0.0036954283714294434,
          -0.017074227333068848
        ]
      ],
      "landmark_displacements": [
        0.008650098541923995,
        0.005654584483685543,
        0.010689982132380224,
        0.016676773160661896,
        0.01746955723164388
      ],
      "max_landmark_displacement": 0.01746955723164388,
      "mean_landmark_displacement": 0.011828199110059107,
      "eye_y_delta": 0.004910945892333984,
      "mouth_y_delta": -0.016850978136062622,
      "interocular_relative_change": 0.015042970781072862,
      "landmark_tolerance_pass": false,
      "interocular_tolerance_pass": true
    }
  }
]
