/Users/twixes/Developer/thispriestdoesnotexist/research/.venv-flux-train/lib/python3.11/site-packages/diffusers/utils/deprecation_utils.py:23: FutureWarning: `torch_dtype` is deprecated and will be removed in version 1.0.0. Please use `dtype` instead.
  deprecate("torch_dtype", "1.0.0", _TORCH_DTYPE_DEPRECATION_MESSAGE)
Loading pipeline components...:   0%|          | 0/3 [00:00<?, ?it/s]Loading pipeline components...:  33%|███▎      | 1/3 [00:00<00:00,  5.33it/s]
Loading weights:   0%|          | 0/398 [00:00<?, ?it/s][A
Loading weights:   0%|          | 1/398 [00:00<04:01,  1.65it/s][A
Loading weights:  33%|███▎      | 132/398 [00:00<00:01, 243.90it/s][A
Loading weights:  50%|█████     | 200/398 [00:01<00:01, 147.04it/s][A
Loading weights:  61%|██████    | 241/398 [00:01<00:01, 123.14it/s][A
Loading weights:  68%|██████▊   | 270/398 [00:02<00:01, 112.19it/s][A
Loading weights:  73%|███████▎  | 291/398 [00:02<00:00, 107.77it/s][A
Loading weights:  77%|███████▋  | 308/398 [00:02<00:00, 112.34it/s][A
Loading weights:  82%|████████▏ | 325/398 [00:02<00:00, 101.30it/s][A
Loading weights:  85%|████████▌ | 339/398 [00:02<00:00, 103.94it/s][A
Loading weights:  88%|████████▊ | 352/398 [00:03<00:00, 97.57it/s] [A
Loading weights:  91%|█████████▏| 364/398 [00:03<00:00, 95.53it/s][A
Loading weights:  94%|█████████▍| 375/398 [00:03<00:00, 91.39it/s][A
Loading weights:  97%|█████████▋| 385/398 [00:03<00:00, 86.57it/s][A
Loading weights:  99%|█████████▉| 394/398 [00:03<00:00, 78.02it/s][ALoading weights: 100%|██████████| 398/398 [00:03<00:00, 107.46it/s]
Loading pipeline components...:  67%|██████▋   | 2/3 [00:03<00:02,  2.31s/it]Loading pipeline components...: 100%|██████████| 3/3 [00:03<00:00,  1.33s/it]
/Users/twixes/.local/share/uv/python/cpython-3.11.16-macos-aarch64-none/lib/python3.11/multiprocessing/resource_tracker.py:254: UserWarning: resource_tracker: There appear to be 1 leaked semaphore objects to clean up at shutdown
  warnings.warn('resource_tracker: There appear to be %d '
