{"iteration": 10, "step": 11, "image_index": 12, "horizontal_flip": true, "d_loss": 0.04207323119044304, "g_loss": 2.645507335662842, "optimizer_steps": {"g": 14, "d": 12}, "path_mean": 0.01212184689939022, "seconds": 10.625413583009504, "real_id": 160}
{"iteration": 11, "step": 12, "image_index": 14, "horizontal_flip": true, "d_loss": 0.06976765394210815, "g_loss": 3.7202513217926025, "optimizer_steps": {"g": 15, "d": 13}, "path_mean": 0.01212184689939022, "seconds": 11.005747082992457, "real_id": 163}
{"iteration": 12, "step": 13, "image_index": 7, "horizontal_flip": true, "d_loss": 0.05300594121217728, "g_loss": 3.6762330532073975, "path_loss": 1.3034836053848267, "optimizer_steps": {"g": 17, "d": 14}, "path_mean": 0.01619914546608925, "seconds": 19.24569654208608, "real_id": 152}
{"iteration": 13, "step": 14, "image_index": 0, "horizontal_flip": false, "d_loss": 0.15862543880939484, "g_loss": 2.9645907878875732, "optimizer_steps": {"g": 18, "d": 15}, "path_mean": 0.01619914546608925, "seconds": 10.694060874986462, "real_id": 141}
{"iteration": 14, "step": 15, "image_index": 2, "horizontal_flip": true, "d_loss": 0.028217710554599762, "g_loss": 4.21854305267334, "optimizer_steps": {"g": 19, "d": 16}, "path_mean": 0.01619914546608925, "seconds": 11.05854283401277, "real_id": 143}
{"iteration": 15, "step": 16, "image_index": 13, "horizontal_flip": true, "d_loss": 0.024405628442764282, "g_loss": 3.6754438877105713, "optimizer_steps": {"g": 20, "d": 17}, "path_mean": 0.01619914546608925, "seconds": 10.948866332997568, "real_id": 162}
{"iteration": 16, "step": 17, "image_index": 18, "horizontal_flip": false, "d_loss": 0.024655485525727272, "r1_loss": 1.3662241697311401, "g_loss": 2.5664267539978027, "path_loss": 1.2156223058700562, "optimizer_steps": {"g": 22, "d": 19}, "path_mean": 0.020136632025241852, "seconds": 30.533851499902084, "real_id": 174}
{"iteration": 17, "step": 18, "image_index": 17, "horizontal_flip": true, "d_loss": 0.006787123624235392, "g_loss": 3.1297216415405273, "optimizer_steps": {"g": 23, "d": 20}, "path_mean": 0.020136632025241852, "seconds": 10.786714332993142, "real_id": 173}
{"iteration": 18, "step": 19, "image_index": 19, "horizontal_flip": true, "d_loss": 0.03230462223291397, "g_loss": 4.879131317138672, "optimizer_steps": {"g": 24, "d": 21}, "path_mean": 0.020136632025241852, "seconds": 10.943735042004846, "real_id": 180}
{"iteration": 19, "step": 20, "image_index": 9, "horizontal_flip": true, "d_loss": 0.03298557549715042, "g_loss": 3.434727430343628, "optimizer_steps": {"g": 25, "d": 22}, "path_mean": 0.020136632025241852, "seconds": 11.042920041945763, "real_id": 155}
{"iteration": 20, "step": 21, "image_index": 13, "horizontal_flip": true, "d_loss": 0.050721775740385056, "g_loss": 5.443028450012207, "path_loss": 2.0843918323516846, "optimizer_steps": {"g": 27, "d": 23}, "path_mean": 0.025292590260505676, "seconds": 19.748821834102273, "real_id": 162}
{"iteration": 21, "step": 22, "image_index": 19, "horizontal_flip": true, "d_loss": 0.009263118728995323, "g_loss": 3.531754493713379, "optimizer_steps": {"g": 28, "d": 24}, "path_mean": 0.025292590260505676, "seconds": 10.81359654199332, "real_id": 180}
{"iteration": 22, "step": 23, "image_index": 14, "horizontal_flip": false, "d_loss": 0.0242291409522295, "g_loss": 5.0398383140563965, "optimizer_steps": {"g": 29, "d": 25}, "path_mean": 0.025292590260505676, "seconds": 10.752816334017552, "real_id": 163}
{"iteration": 23, "step": 24, "image_index": 2, "horizontal_flip": false, "d_loss": 0.03470085561275482, "g_loss": 4.7894978523254395, "optimizer_steps": {"g": 30, "d": 26}, "path_mean": 0.025292590260505676, "seconds": 10.524963874951936, "real_id": 143}
{"iteration": 24, "step": 25, "image_index": 18, "horizontal_flip": false, "d_loss": 0.01176399365067482, "g_loss": 2.6459059715270996, "path_loss": 1.1364343166351318, "optimizer_steps": {"g": 32, "d": 27}, "path_mean": 0.02909966930747032, "seconds": 19.33868575002998, "real_id": 174}
{"iteration": 25, "step": 26, "image_index": 3, "horizontal_flip": true, "d_loss": 0.03726620227098465, "g_loss": 4.702034950256348, "optimizer_steps": {"g": 33, "d": 28}, "path_mean": 0.02909966930747032, "seconds": 11.596997167100199, "real_id": 145}
{"iteration": 26, "step": 27, "image_index": 2, "horizontal_flip": true, "d_loss": 0.011355720460414886, "g_loss": 6.0416951179504395, "optimizer_steps": {"g": 34, "d": 29}, "path_mean": 0.02909966930747032, "seconds": 10.800749749992974, "real_id": 143}
{"iteration": 27, "step": 28, "image_index": 10, "horizontal_flip": true, "d_loss": 0.010852720588445663, "g_loss": 7.129452228546143, "optimizer_steps": {"g": 35, "d": 30}, "path_mean": 0.02909966930747032, "seconds": 11.05504537501838, "real_id": 156}
{"iteration": 28, "step": 29, "image_index": 9, "horizontal_flip": true, "d_loss": 0.05017134174704552, "g_loss": 4.140591144561768, "path_loss": 1.7338584661483765, "optimizer_steps": {"g": 37, "d": 31}, "path_mean": 0.03380214422941208, "seconds": 19.563327457988635, "real_id": 155}
{"iteration": 29, "step": 30, "image_index": 3, "horizontal_flip": true, "d_loss": 0.01263500191271305, "g_loss": 6.826476097106934, "optimizer_steps": {"g": 38, "d": 32}, "path_mean": 0.03380214422941208, "seconds": 10.952099874964915, "real_id": 145}
{"iteration": 30, "step": 31, "image_index": 12, "horizontal_flip": false, "d_loss": 0.008799130097031593, "g_loss": 5.041872501373291, "optimizer_steps": {"g": 39, "d": 33}, "path_mean": 0.03380214422941208, "seconds": 10.977096833987162, "real_id": 160}
{"iteration": 31, "step": 32, "image_index": 12, "horizontal_flip": false, "d_loss": 0.0069600846618413925, "g_loss": 6.031742572784424, "optimizer_steps": {"g": 40, "d": 34}, "path_mean": 0.03380214422941208, "seconds": 10.958318499964662, "real_id": 160}
{"iteration": 32, "step": 33, "image_index": 13, "horizontal_flip": true, "d_loss": 0.005567477084696293, "r1_loss": 1.632571816444397, "g_loss": 2.6531498432159424, "path_loss": 1.1459721326828003, "optimizer_steps": {"g": 42, "d": 36}, "path_mean": 0.03762516751885414, "seconds": 30.059237833018415, "real_id": 162}
{"iteration": 33, "step": 34, "image_index": 9, "horizontal_flip": false, "d_loss": 0.023671800270676613, "g_loss": 1.5406173467636108, "optimizer_steps": {"g": 43, "d": 37}, "path_mean": 0.03762516751885414, "seconds": 10.963686250033788, "real_id": 155}
{"iteration": 34, "step": 35, "image_index": 17, "horizontal_flip": true, "d_loss": 0.004541635513305664, "g_loss": 5.4505815505981445, "optimizer_steps": {"g": 44, "d": 38}, "path_mean": 0.03762516751885414, "seconds": 11.190825959085487, "real_id": 173}
{"iteration": 35, "step": 36, "image_index": 10, "horizontal_flip": false, "d_loss": 0.007737472653388977, "g_loss": 4.912643909454346, "optimizer_steps": {"g": 45, "d": 39}, "path_mean": 0.03762516751885414, "seconds": 11.361627583042718, "real_id": 156}
{"iteration": 36, "step": 37, "image_index": 18, "horizontal_flip": false, "d_loss": 0.018612559884786606, "g_loss": 4.456661701202393, "path_loss": 5.555994987487793, "optimizer_steps": {"g": 47, "d": 40}, "path_mean": 0.04604300856590271, "seconds": 19.894825499970466, "real_id": 174}
{"iteration": 37, "step": 38, "image_index": 16, "horizontal_flip": true, "d_loss": 0.006790589541196823, "g_loss": 5.341569900512695, "optimizer_steps": {"g": 48, "d": 41}, "path_mean": 0.04604300856590271, "seconds": 10.94213145901449, "real_id": 170}
{"iteration": 38, "step": 39, "image_index": 10, "horizontal_flip": true, "d_loss": 0.008295386098325253, "g_loss": 5.424856662750244, "optimizer_steps": {"g": 49, "d": 42}, "path_mean": 0.04604300856590271, "seconds": 10.513481082976796, "real_id": 156}
{"iteration": 39, "step": 40, "image_index": 5, "horizontal_flip": true, "d_loss": 0.024377649649977684, "g_loss": 4.290761947631836, "optimizer_steps": {"g": 50, "d": 43}, "path_mean": 0.04604300856590271, "seconds": 10.46044908289332, "real_id": 148}
{"iteration": 40, "step": 41, "image_index": 8, "horizontal_flip": false, "d_loss": 0.01637578383088112, "g_loss": 5.350539684295654, "path_loss": 2.6913259029388428, "optimizer_steps": {"g": 52, "d": 44}, "path_mean": 0.05190173164010048, "seconds": 18.854934541974217, "real_id": 154}
{"iteration": 41, "step": 42, "image_index": 1, "horizontal_flip": false, "d_loss": 0.03626486659049988, "g_loss": 5.336354732513428, "optimizer_steps": {"g": 53, "d": 45}, "path_mean": 0.05190173164010048, "seconds": 10.596787124988623, "real_id": 142}
{"iteration": 42, "step": 43, "image_index": 11, "horizontal_flip": false, "d_loss": 0.029299892485141754, "g_loss": 4.846078872680664, "optimizer_steps": {"g": 54, "d": 46}, "path_mean": 0.05190173164010048, "seconds": 10.719181041000411, "real_id": 157}
{"iteration": 43, "step": 44, "image_index": 18, "horizontal_flip": true, "d_loss": 0.009589632041752338, "g_loss": 5.132120132446289, "optimizer_steps": {"g": 55, "d": 47}, "path_mean": 0.05190173164010048, "seconds": 10.835067707928829, "real_id": 174}
{"iteration": 44, "step": 45, "image_index": 5, "horizontal_flip": true, "d_loss": 0.051104530692100525, "g_loss": 3.996337890625, "path_loss": 1.7269870042800903, "optimizer_steps": {"g": 57, "d": 48}, "path_mean": 0.056594882160425186, "seconds": 19.038657833007164, "real_id": 148}
{"iteration": 45, "step": 46, "image_index": 11, "horizontal_flip": true, "d_loss": 0.021769510582089424, "g_loss": 3.605868339538574, "optimizer_steps": {"g": 58, "d": 49}, "path_mean": 0.056594882160425186, "seconds": 10.712454166961834, "real_id": 157}
{"iteration": 46, "step": 47, "image_index": 9, "horizontal_flip": true, "d_loss": 0.0027813275810331106, "g_loss": 4.692014694213867, "optimizer_steps": {"g": 59, "d": 50}, "path_mean": 0.056594882160425186, "seconds": 10.675852583022788, "real_id": 155}
{"iteration": 47, "step": 48, "image_index": 14, "horizontal_flip": false, "d_loss": 0.0294719859957695, "g_loss": 6.2630696296691895, "optimizer_steps": {"g": 60, "d": 51}, "path_mean": 0.056594882160425186, "seconds": 10.573526874999516, "real_id": 163}
{"iteration": 48, "step": 49, "image_index": 15, "horizontal_flip": false, "d_loss": 0.005742095876485109, "r1_loss": 1.231562614440918, "g_loss": 4.630326747894287, "path_loss": 2.8506264686584473, "optimizer_steps": {"g": 62, "d": 53}, "path_mean": 0.0626244992017746, "seconds": 29.92915604193695, "real_id": 166}
{"iteration": 49, "step": 50, "image_index": 11, "horizontal_flip": false, "d_loss": 0.03728397190570831, "g_loss": 4.0134477615356445, "optimizer_steps": {"g": 63, "d": 54}, "path_mean": 0.0626244992017746, "seconds": 10.865750666940585, "real_id": 157}
{"iteration": 50, "step": 51, "image_index": 2, "horizontal_flip": true, "d_loss": 0.009739303961396217, "g_loss": 3.458364486694336, "optimizer_steps": {"g": 64, "d": 55}, "path_mean": 0.0626244992017746, "seconds": 10.938629041076638, "real_id": 143}
{"iteration": 51, "step": 52, "image_index": 9, "horizontal_flip": false, "d_loss": 0.021431654691696167, "g_loss": 3.9443132877349854, "optimizer_steps": {"g": 65, "d": 56}, "path_mean": 0.0626244992017746, "seconds": 10.933866792009212, "real_id": 155}
{"iteration": 52, "step": 53, "image_index": 3, "horizontal_flip": true, "d_loss": 0.003900757525116205, "g_loss": 6.7103424072265625, "path_loss": 1.1662976741790771, "optimizer_steps": {"g": 67, "d": 57}, "path_mean": 0.06648127734661102, "seconds": 19.58231262501795, "real_id": 145}
{"iteration": 53, "step": 54, "image_index": 8, "horizontal_flip": true, "d_loss": 0.02311931550502777, "g_loss": 5.422451019287109, "optimizer_steps": {"g": 68, "d": 58}, "path_mean": 0.06648127734661102, "seconds": 11.313667540904135, "real_id": 154}
{"iteration": 54, "step": 55, "image_index": 5, "horizontal_flip": false, "d_loss": 0.008083479478955269, "g_loss": 5.823270797729492, "optimizer_steps": {"g": 69, "d": 59}, "path_mean": 0.06648127734661102, "seconds": 11.377699333010241, "real_id": 148}
{"iteration": 55, "step": 56, "image_index": 11, "horizontal_flip": false, "d_loss": 0.0135006383061409, "g_loss": 4.025263786315918, "optimizer_steps": {"g": 70, "d": 60}, "path_mean": 0.06648127734661102, "seconds": 11.538180749979801, "real_id": 157}
{"iteration": 56, "step": 57, "image_index": 9, "horizontal_flip": true, "d_loss": 0.010249017737805843, "g_loss": 4.8162922859191895, "path_loss": 1.7994163036346436, "optimizer_steps": {"g": 72, "d": 61}, "path_mean": 0.07127182930707932, "seconds": 20.41838487505447, "real_id": 155}
{"iteration": 57, "step": 58, "image_index": 3, "horizontal_flip": true, "d_loss": 0.0054491180926561356, "g_loss": 5.239268779754639, "optimizer_steps": {"g": 73, "d": 62}, "path_mean": 0.07127182930707932, "seconds": 11.558615625021048, "real_id": 145}
{"iteration": 58, "step": 59, "image_index": 2, "horizontal_flip": true, "d_loss": 0.013556062243878841, "g_loss": 6.076577663421631, "optimizer_steps": {"g": 74, "d": 63}, "path_mean": 0.07127182930707932, "seconds": 11.45088899997063, "real_id": 143}
{"iteration": 59, "step": 60, "image_index": 16, "horizontal_flip": false, "d_loss": 0.0035313176922500134, "g_loss": 6.967280387878418, "optimizer_steps": {"g": 75, "d": 64}, "path_mean": 0.07127182930707932, "seconds": 11.185645124991424, "real_id": 170}
{"iteration": 60, "step": 61, "image_index": 13, "horizontal_flip": false, "d_loss": 0.007883047685027122, "g_loss": 5.31146764755249, "path_loss": 1.1327677965164185, "optimizer_steps": {"g": 77, "d": 65}, "path_mean": 0.0750727653503418, "seconds": 20.406851084087975, "real_id": 162}
{"iteration": 61, "step": 62, "image_index": 18, "horizontal_flip": false, "d_loss": 0.0021431520581245422, "g_loss": 7.451226234436035, "optimizer_steps": {"g": 78, "d": 66}, "path_mean": 0.0750727653503418, "seconds": 11.072284542024136, "real_id": 174}
{"iteration": 62, "step": 63, "image_index": 16, "horizontal_flip": true, "d_loss": 0.004630534444004297, "g_loss": 6.984473705291748, "optimizer_steps": {"g": 79, "d": 67}, "path_mean": 0.0750727653503418, "seconds": 10.88050329091493, "real_id": 170}
{"iteration": 63, "step": 64, "image_index": 12, "horizontal_flip": true, "d_loss": 0.0088800685480237, "g_loss": 7.117851257324219, "optimizer_steps": {"g": 80, "d": 68}, "path_mean": 0.0750727653503418, "seconds": 10.874596875044517, "real_id": 160}
{"iteration": 64, "step": 65, "image_index": 7, "horizontal_flip": true, "d_loss": 0.003914311993867159, "r1_loss": 1.240224838256836, "g_loss": 6.751229286193848, "path_loss": 2.0325937271118164, "optimizer_steps": {"g": 82, "d": 70}, "path_mean": 0.08016426116228104, "seconds": 29.767460249946453, "real_id": 152}
{"iteration": 65, "step": 66, "image_index": 19, "horizontal_flip": false, "d_loss": 0.0023784195072948933, "g_loss": 7.0678277015686035, "optimizer_steps": {"g": 83, "d": 71}, "path_mean": 0.08016426116228104, "seconds": 10.81008320802357, "real_id": 180}
{"iteration": 66, "step": 67, "image_index": 11, "horizontal_flip": false, "d_loss": 0.03670109808444977, "g_loss": 5.872387409210205, "optimizer_steps": {"g": 84, "d": 72}, "path_mean": 0.08016426116228104, "seconds": 10.903023250051774, "real_id": 157}
{"iteration": 67, "step": 68, "image_index": 18, "horizontal_flip": true, "d_loss": 0.00419146753847599, "g_loss": 6.062110900878906, "optimizer_steps": {"g": 85, "d": 73}, "path_mean": 0.08016426116228104, "seconds": 10.942678666906431, "real_id": 174}
{"iteration": 68, "step": 69, "image_index": 1, "horizontal_flip": false, "d_loss": 0.019072400406003, "g_loss": 6.4845781326293945, "path_loss": 1.5121325254440308, "optimizer_steps": {"g": 87, "d": 74}, "path_mean": 0.08455578237771988, "seconds": 19.276376249967143, "real_id": 142}
{"iteration": 69, "step": 70, "image_index": 19, "horizontal_flip": true, "d_loss": 0.002364023122936487, "g_loss": 7.691295146942139, "optimizer_steps": {"g": 88, "d": 75}, "path_mean": 0.08455578237771988, "seconds": 11.026001291931607, "real_id": 180}
{"iteration": 70, "step": 71, "image_index": 1, "horizontal_flip": false, "d_loss": 0.00804688036441803, "g_loss": 3.980686902999878, "optimizer_steps": {"g": 89, "d": 76}, "path_mean": 0.08455578237771988, "seconds": 10.453167709056288, "real_id": 142}
{"iteration": 71, "step": 72, "image_index": 12, "horizontal_flip": false, "d_loss": 0.005173347890377045, "g_loss": 4.4097490310668945, "optimizer_steps": {"g": 90, "d": 77}, "path_mean": 0.08455578237771988, "seconds": 10.216779374983162, "real_id": 160}
{"iteration": 72, "step": 73, "image_index": 5, "horizontal_flip": false, "d_loss": 0.00894361175596714, "g_loss": 5.604639053344727, "path_loss": 1.7796783447265625, "optimizer_steps": {"g": 92, "d": 78}, "path_mean": 0.08931998908519745, "seconds": 18.236036416026764, "real_id": 148}
{"iteration": 73, "step": 74, "image_index": 19, "horizontal_flip": true, "d_loss": 0.004133943002671003, "g_loss": 7.3800506591796875, "optimizer_steps": {"g": 93, "d": 79}, "path_mean": 0.08931998908519745, "seconds": 10.21257199998945, "real_id": 180}
{"iteration": 74, "step": 75, "image_index": 3, "horizontal_flip": true, "d_loss": 0.03342628851532936, "g_loss": 6.115915775299072, "optimizer_steps": {"g": 94, "d": 80}, "path_mean": 0.08931998908519745, "seconds": 10.281742666033097, "real_id": 145}
{"iteration": 75, "step": 76, "image_index": 14, "horizontal_flip": true, "d_loss": 0.004193500615656376, "g_loss": 8.687801361083984, "optimizer_steps": {"g": 95, "d": 81}, "path_mean": 0.08931998908519745, "seconds": 10.23624166706577, "real_id": 163}
{"iteration": 76, "step": 77, "image_index": 13, "horizontal_flip": true, "d_loss": 0.005746488459408283, "g_loss": 6.449667453765869, "path_loss": 2.074510097503662, "optimizer_steps": {"g": 97, "d": 82}, "path_mean": 0.09446371346712112, "seconds": 18.171664374996908, "real_id": 162}
{"iteration": 77, "step": 78, "image_index": 14, "horizontal_flip": false, "d_loss": 0.006746272556483746, "g_loss": 7.084352970123291, "optimizer_steps": {"g": 98, "d": 83}, "path_mean": 0.09446371346712112, "seconds": 10.265688166953623, "real_id": 163}
{"iteration": 78, "step": 79, "image_index": 14, "horizontal_flip": true, "d_loss": 0.0032394768204540014, "g_loss": 6.9393181800842285, "optimizer_steps": {"g": 99, "d": 84}, "path_mean": 0.09446371346712112, "seconds": 10.245181332924403, "real_id": 163}
{"iteration": 79, "step": 80, "image_index": 0, "horizontal_flip": false, "d_loss": 0.013552892953157425, "g_loss": 3.668684482574463, "optimizer_steps": {"g": 100, "d": 85}, "path_mean": 0.09446371346712112, "seconds": 10.524462207918987, "real_id": 141}
{"iteration": 80, "step": 81, "image_index": 0, "horizontal_flip": false, "d_loss": 0.004777443129569292, "r1_loss": 1.6856184005737305, "g_loss": 5.955848693847656, "path_loss": 0.6920543313026428, "optimizer_steps": {"g": 102, "d": 87}, "path_mean": 0.0974346250295639, "seconds": 29.13869595900178, "real_id": 141}
{"iteration": 81, "step": 82, "image_index": 7, "horizontal_flip": false, "d_loss": 0.007299597375094891, "g_loss": 5.510034084320068, "optimizer_steps": {"g": 103, "d": 88}, "path_mean": 0.0974346250295639, "seconds": 11.160437959013507, "real_id": 152}
{"iteration": 82, "step": 83, "image_index": 14, "horizontal_flip": true, "d_loss": 0.005884535610675812, "g_loss": 5.2423906326293945, "optimizer_steps": {"g": 104, "d": 89}, "path_mean": 0.0974346250295639, "seconds": 10.858642917010002, "real_id": 163}
{"iteration": 83, "step": 84, "image_index": 17, "horizontal_flip": true, "d_loss": 0.02842910774052143, "g_loss": 6.712031841278076, "optimizer_steps": {"g": 105, "d": 90}, "path_mean": 0.0974346250295639, "seconds": 12.407944999984466, "real_id": 173}
{"iteration": 84, "step": 85, "image_index": 18, "horizontal_flip": true, "d_loss": 0.005793172866106033, "g_loss": 6.965691566467285, "path_loss": 1.6277767419815063, "optimizer_steps": {"g": 107, "d": 91}, "path_mean": 0.10199097543954849, "seconds": 18.054322667070664, "real_id": 174}
{"iteration": 85, "step": 86, "image_index": 6, "horizontal_flip": true, "d_loss": 0.03958462178707123, "g_loss": 5.545717239379883, "optimizer_steps": {"g": 108, "d": 92}, "path_mean": 0.10199097543954849, "seconds": 10.091027792077512, "real_id": 149}
{"iteration": 86, "step": 87, "image_index": 4, "horizontal_flip": true, "d_loss": 0.007637830451130867, "g_loss": 5.531957626342773, "optimizer_steps": {"g": 109, "d": 93}, "path_mean": 0.10199097543954849, "seconds": 10.0898092079442, "real_id": 147}
{"iteration": 87, "step": 88, "image_index": 0, "horizontal_flip": false, "d_loss": 0.005795435979962349, "g_loss": 4.764595985412598, "optimizer_steps": {"g": 110, "d": 94}, "path_mean": 0.10199097543954849, "seconds": 10.095376834040508, "real_id": 141}
{"iteration": 88, "step": 89, "image_index": 16, "horizontal_flip": true, "d_loss": 0.01075604185461998, "g_loss": 6.006628036499023, "path_loss": 1.6618980169296265, "optimizer_steps": {"g": 112, "d": 95}, "path_mean": 0.10659483075141907, "seconds": 17.97244362498168, "real_id": 170}
{"iteration": 89, "step": 90, "image_index": 9, "horizontal_flip": true, "d_loss": 0.004817233886569738, "g_loss": 6.408202648162842, "optimizer_steps": {"g": 113, "d": 96}, "path_mean": 0.10659483075141907, "seconds": 10.653494791942649, "real_id": 155}
{"iteration": 90, "step": 91, "image_index": 2, "horizontal_flip": true, "d_loss": 0.005729765631258488, "g_loss": 3.8905158042907715, "optimizer_steps": {"g": 114, "d": 97}, "path_mean": 0.10659483075141907, "seconds": 10.2377714170143, "real_id": 143}
{"iteration": 91, "step": 92, "image_index": 17, "horizontal_flip": false, "d_loss": 0.004968525841832161, "g_loss": 4.362523078918457, "optimizer_steps": {"g": 115, "d": 98}, "path_mean": 0.10659483075141907, "seconds": 10.21269712492358, "real_id": 173}
{"iteration": 92, "step": 93, "image_index": 16, "horizontal_flip": true, "d_loss": 0.00400494784116745, "g_loss": 5.627915382385254, "path_loss": 0.6686848998069763, "optimizer_steps": {"g": 117, "d": 99}, "path_mean": 0.10951515287160873, "seconds": 18.09068445803132, "real_id": 170}
{"iteration": 93, "step": 94, "image_index": 5, "horizontal_flip": true, "d_loss": 0.010031663812696934, "g_loss": 5.219313144683838, "optimizer_steps": {"g": 118, "d": 100}, "path_mean": 0.10951515287160873, "seconds": 10.116607666015625, "real_id": 148}
{"iteration": 94, "step": 95, "image_index": 4, "horizontal_flip": true, "d_loss": 0.004365120083093643, "g_loss": 6.997812747955322, "optimizer_steps": {"g": 119, "d": 101}, "path_mean": 0.10951515287160873, "seconds": 10.679954917053692, "real_id": 147}
{"iteration": 95, "step": 96, "image_index": 10, "horizontal_flip": false, "d_loss": 0.004050294868648052, "g_loss": 7.356435775756836, "optimizer_steps": {"g": 120, "d": 102}, "path_mean": 0.10951515287160873, "seconds": 10.702990958001465, "real_id": 156}
{"iteration": 96, "step": 97, "image_index": 5, "horizontal_flip": false, "d_loss": 0.006274023093283176, "r1_loss": 1.1611742973327637, "g_loss": 6.252720355987549, "path_loss": 1.9950284957885742, "optimizer_steps": {"g": 122, "d": 104}, "path_mean": 0.11455937474966049, "seconds": 28.931857832940295, "real_id": 148}
{"iteration": 97, "step": 98, "image_index": 5, "horizontal_flip": true, "d_loss": 0.013160185888409615, "g_loss": 6.532930850982666, "optimizer_steps": {"g": 123, "d": 105}, "path_mean": 0.11455937474966049, "seconds": 10.526085083023645, "real_id": 148}
{"iteration": 98, "step": 99, "image_index": 11, "horizontal_flip": false, "d_loss": 0.05676782876253128, "g_loss": 6.383647441864014, "optimizer_steps": {"g": 124, "d": 106}, "path_mean": 0.11455937474966049, "seconds": 10.147234582924284, "real_id": 157}
{"iteration": 99, "step": 100, "image_index": 0, "horizontal_flip": true, "d_loss": 0.09166178852319717, "g_loss": 3.2054684162139893, "optimizer_steps": {"g": 125, "d": 107}, "path_mean": 0.11455937474966049, "seconds": 10.210470749996603, "real_id": 141}
