/Users/twixes/Developer/thispriestdoesnotexist/research/restoration/.venv/lib/python3.11/site-packages/torchvision/transforms/functional_tensor.py:5: UserWarning: The torchvision.transforms.functional_tensor module is deprecated in 0.15 and will be **removed in 0.17**. Please don't rely on it. You probably just need to use APIs in torchvision.transforms.functional or in torchvision.transforms.v2.functional.
  warnings.warn(
/Users/twixes/Developer/thispriestdoesnotexist/research/restoration/.venv/lib/python3.11/site-packages/torch/_utils.py:831: UserWarning: TypedStorage is deprecated. It will be removed in the future and UntypedStorage will be the only storage class. This should only matter to you if you are using storages directly.  To access UntypedStorage directly, use tensor.untyped_storage() instead of tensor.storage()
  return self.fget.__get__(instance, owner)()
/Users/twixes/Developer/thispriestdoesnotexist/research/restoration/.venv/lib/python3.11/site-packages/torchvision/models/_utils.py:208: UserWarning: The parameter 'pretrained' is deprecated since 0.13 and may be removed in the future, please use 'weights' instead.
  warnings.warn(
/Users/twixes/Developer/thispriestdoesnotexist/research/restoration/.venv/lib/python3.11/site-packages/torchvision/models/_utils.py:223: UserWarning: Arguments other than a weight enum or `None` for 'weights' are deprecated since 0.13 and may be removed in the future. The current behavior is equivalent to passing `weights=None`.
  warnings.warn(msg)
{"index": 0, "error": null, "seconds": 2.498830165946856, "peak_rss": 4263526400}
{"index": 1, "error": null, "seconds": 2.341246417025104, "peak_rss": 4263526400}
{"index": 2, "error": null, "seconds": 2.2712544170208275, "peak_rss": 4263526400}
{"index": 3, "error": null, "seconds": 2.332423000014387, "peak_rss": 4263526400}
{"index": 4, "error": null, "seconds": 2.3795527919428423, "peak_rss": 4263526400}
{"index": 5, "error": null, "seconds": 2.294989457936026, "peak_rss": 4263526400}
{"index": 6, "error": null, "seconds": 2.317298666923307, "peak_rss": 4263526400}
{"index": 7, "error": null, "seconds": 2.354149083024822, "peak_rss": 4263526400}
{"index": 8, "error": null, "seconds": 2.456485583097674, "peak_rss": 4263526400}
{"index": 9, "error": null, "seconds": 2.3912812089547515, "peak_rss": 4263526400}
{"index": 10, "error": null, "seconds": 2.3672509590396658, "peak_rss": 4263526400}
{"index": 11, "error": null, "seconds": 2.3661087499931455, "peak_rss": 4263526400}
{"index": 12, "error": null, "seconds": 2.4267772909952328, "peak_rss": 4263526400}
{"index": 13, "error": null, "seconds": 2.3934099579928443, "peak_rss": 4315480064}
{"index": 14, "error": null, "seconds": 2.4470329580362886, "peak_rss": 4315480064}
{"index": 15, "error": null, "seconds": 2.3842378340195864, "peak_rss": 4315496448}
{"index": 16, "error": null, "seconds": 2.4130354170920327, "peak_rss": 4315496448}
{"index": 17, "error": null, "seconds": 2.393644666997716, "peak_rss": 4315496448}
{"index": 18, "error": null, "seconds": 2.3864219170063734, "peak_rss": 4315496448}
{"index": 19, "error": null, "seconds": 2.462840290972963, "peak_rss": 4315496448}
{"index": 20, "error": null, "seconds": 2.5213225840125233, "peak_rss": 4315496448}
{"index": 21, "error": null, "seconds": 2.395564749953337, "peak_rss": 4315496448}
{"index": 22, "error": null, "seconds": 2.387686708010733, "peak_rss": 4315496448}
{"index": 23, "error": null, "seconds": 2.4143477079924196, "peak_rss": 4315496448}
{"index": 24, "error": null, "seconds": 2.4623118749586865, "peak_rss": 4315496448}
{"index": 25, "error": null, "seconds": 2.399920666939579, "peak_rss": 4315496448}
{"index": 26, "error": null, "seconds": 2.381995709030889, "peak_rss": 4315496448}
{"index": 27, "error": null, "seconds": 2.4253797499695793, "peak_rss": 4315496448}
{"index": 28, "error": null, "seconds": 2.4398724579950795, "peak_rss": 4315496448}
{"index": 29, "error": null, "seconds": 2.4324897499755025, "peak_rss": 4315496448}
{"index": 30, "error": null, "seconds": 2.430730125051923, "peak_rss": 4315496448}
{"index": 31, "error": null, "seconds": 2.375421250006184, "peak_rss": 4315496448}
{"index": 32, "error": null, "seconds": 2.4796575830550864, "peak_rss": 4315496448}
{"index": 33, "error": null, "seconds": 2.422304790932685, "peak_rss": 4315496448}
{"index": 34, "error": null, "seconds": 2.398464791942388, "peak_rss": 4315496448}
{"index": 35, "error": null, "seconds": 2.411911040893756, "peak_rss": 4315496448}
{"index": 36, "error": null, "seconds": 2.4153387090191245, "peak_rss": 4315496448}
{"index": 37, "error": null, "seconds": 2.805889082956128, "peak_rss": 4315496448}
{"index": 38, "error": null, "seconds": 2.629530958016403, "peak_rss": 4315496448}
{"index": 39, "error": null, "seconds": 2.627196209039539, "peak_rss": 4315496448}
{"index": 40, "error": null, "seconds": 3.818911832990125, "peak_rss": 4315496448}
{"index": 41, "error": null, "seconds": 2.6725897500291467, "peak_rss": 4315496448}
{"index": 42, "error": null, "seconds": 2.4774569590808824, "peak_rss": 4315496448}
{"index": 43, "error": null, "seconds": 2.670614624978043, "peak_rss": 4315496448}
{"index": 44, "error": null, "seconds": 2.4238528750138357, "peak_rss": 4315496448}
{"index": 45, "error": null, "seconds": 2.358875915990211, "peak_rss": 4315496448}
{"index": 46, "error": null, "seconds": 2.4259893749840558, "peak_rss": 4315496448}
{"index": 47, "error": null, "seconds": 2.4267960829893127, "peak_rss": 4315496448}
{"index": 48, "error": null, "seconds": 2.4463528329506516, "peak_rss": 4315496448}
{"index": 49, "error": null, "seconds": 2.390224041067995, "peak_rss": 4315496448}
{"index": 50, "error": null, "seconds": 2.3924199170432985, "peak_rss": 4315496448}
{"index": 51, "error": null, "seconds": 2.4657804170856252, "peak_rss": 4315496448}
{"index": 52, "error": null, "seconds": 2.463959165965207, "peak_rss": 4315496448}
{"index": 53, "error": null, "seconds": 2.429660415975377, "peak_rss": 4315496448}
{"index": 54, "error": null, "seconds": 2.483642208040692, "peak_rss": 4315496448}
{"index": 55, "error": null, "seconds": 2.479252374963835, "peak_rss": 4315496448}
{"index": 56, "error": null, "seconds": 2.432985291001387, "peak_rss": 4315496448}
{"index": 57, "error": null, "seconds": 2.4872303750598803, "peak_rss": 4315496448}
{"index": 58, "error": null, "seconds": 2.434953707968816, "peak_rss": 4315496448}
{"index": 59, "error": null, "seconds": 2.4455773329827935, "peak_rss": 4315496448}
{"index": 60, "error": null, "seconds": 2.5215027910890058, "peak_rss": 4315496448}
{"index": 61, "error": "RuntimeError: No detected face; no restoration fallback permitted", "seconds": 0.216768917045556, "peak_rss": 4315496448}
{"index": 62, "error": null, "seconds": 2.446515833027661, "peak_rss": 4315496448}
{"index": 63, "error": null, "seconds": 2.458087374921888, "peak_rss": 4315496448}
{"index": 64, "error": null, "seconds": 2.4744278339203447, "peak_rss": 4315496448}
{"index": 65, "error": null, "seconds": 2.4717914579669014, "peak_rss": 4315496448}
{"index": 66, "error": null, "seconds": 2.4625287500675768, "peak_rss": 4315496448}
{"index": 67, "error": null, "seconds": 2.4809082499705255, "peak_rss": 4315496448}
{"index": 68, "error": null, "seconds": 2.4909451249986887, "peak_rss": 4315496448}
{"index": 69, "error": null, "seconds": 2.547276124940254, "peak_rss": 4315496448}
{"index": 70, "error": null, "seconds": 2.4512486250605434, "peak_rss": 4315496448}
{"index": 71, "error": null, "seconds": 2.4494007079629228, "peak_rss": 4315496448}
{"index": 72, "error": null, "seconds": 2.484886792022735, "peak_rss": 4315496448}
{"index": 73, "error": null, "seconds": 2.5417258329689503, "peak_rss": 4315496448}
{"index": 74, "error": null, "seconds": 2.4468678750563413, "peak_rss": 4315496448}
{"index": 75, "error": null, "seconds": 2.530351708061062, "peak_rss": 4315496448}
{"index": 76, "error": null, "seconds": 2.4786934580188245, "peak_rss": 4315496448}
{"index": 77, "error": null, "seconds": 2.5203947499394417, "peak_rss": 4315496448}
{"index": 78, "error": null, "seconds": 2.4920123330084607, "peak_rss": 4315496448}
{"index": 79, "error": null, "seconds": 2.4782140830066055, "peak_rss": 4315496448}
{"index": 80, "error": null, "seconds": 2.4884298749966547, "peak_rss": 4315496448}
{"index": 81, "error": null, "seconds": 2.5640532090328634, "peak_rss": 4315496448}
{"index": 82, "error": null, "seconds": 2.5317677500424907, "peak_rss": 4315496448}
{"index": 83, "error": null, "seconds": 2.563643291941844, "peak_rss": 4315496448}
{"index": 84, "error": null, "seconds": 2.5733627079753205, "peak_rss": 4315496448}
{"index": 85, "error": null, "seconds": 2.5689412920037284, "peak_rss": 4315496448}
{"index": 86, "error": null, "seconds": 2.5336410420713946, "peak_rss": 4360126464}
{"index": 87, "error": null, "seconds": 2.527216790942475, "peak_rss": 4360126464}
{"index": 88, "error": null, "seconds": 2.5824964579660445, "peak_rss": 4360142848}
{"index": 89, "error": null, "seconds": 2.4523687079781666, "peak_rss": 4360142848}
{"index": 90, "error": null, "seconds": 2.4505012499867007, "peak_rss": 4360142848}
{"index": 91, "error": null, "seconds": 2.483082583057694, "peak_rss": 4360142848}
{"index": 92, "error": null, "seconds": 2.513548625051044, "peak_rss": 4360142848}
{"index": 93, "error": null, "seconds": 2.4922294579446316, "peak_rss": 4360142848}
{"index": 94, "error": null, "seconds": 2.4657103329664096, "peak_rss": 4360142848}
{"index": 95, "error": null, "seconds": 2.5079634999856353, "peak_rss": 4360142848}
{"index": 96, "error": null, "seconds": 2.536192333092913, "peak_rss": 4360142848}
{"index": 97, "error": null, "seconds": 2.467336624977179, "peak_rss": 4360142848}
{"index": 98, "error": null, "seconds": 2.500903374981135, "peak_rss": 4360142848}
{"index": 99, "error": null, "seconds": 2.4961407500086352, "peak_rss": 4360142848}
{"index": 100, "error": null, "seconds": 2.5315424170112237, "peak_rss": 4360142848}
{"index": 101, "error": null, "seconds": 2.5102361669996753, "peak_rss": 4360142848}
{"index": 102, "error": null, "seconds": 2.5447856249520555, "peak_rss": 4360142848}
{"index": 103, "error": null, "seconds": 2.492557291057892, "peak_rss": 4360142848}
{"index": 104, "error": null, "seconds": 2.5889434159034863, "peak_rss": 4360142848}
{"index": 105, "error": null, "seconds": 2.437576833064668, "peak_rss": 4360142848}
{"index": 106, "error": null, "seconds": 2.443644208018668, "peak_rss": 4360142848}
{"index": 107, "error": null, "seconds": 2.463725999929011, "peak_rss": 4360142848}
{"index": 108, "error": null, "seconds": 2.525227415957488, "peak_rss": 4360142848}
{"index": 109, "error": null, "seconds": 2.4095993749797344, "peak_rss": 4360142848}
{"index": 110, "error": null, "seconds": 2.4528439169516787, "peak_rss": 4360142848}
{"index": 111, "error": null, "seconds": 2.44004654197488, "peak_rss": 4360142848}
{"index": 112, "error": null, "seconds": 2.481056082993746, "peak_rss": 4360142848}
{"index": 113, "error": null, "seconds": 2.5367376250214875, "peak_rss": 4360142848}
{"index": 114, "error": null, "seconds": 2.465541834011674, "peak_rss": 4360142848}
{"index": 115, "error": null, "seconds": 2.512140625040047, "peak_rss": 4360142848}
{"index": 116, "error": "RuntimeError: No detected face; no restoration fallback permitted", "seconds": 0.21942383307032287, "peak_rss": 4360142848}
{"index": 117, "error": null, "seconds": 2.464266916969791, "peak_rss": 4360142848}
{"index": 118, "error": null, "seconds": 2.5278957919217646, "peak_rss": 4360142848}
{"index": 119, "error": null, "seconds": 2.5180874170036986, "peak_rss": 4360142848}
{"index": 120, "error": null, "seconds": 2.4962624999461696, "peak_rss": 4360142848}
{"index": 121, "error": "RuntimeError: No detected face; no restoration fallback permitted", "seconds": 0.21924133400898427, "peak_rss": 4360142848}
{"index": 122, "error": null, "seconds": 2.550045417039655, "peak_rss": 4360142848}
{"index": 123, "error": null, "seconds": 2.5243914999300614, "peak_rss": 4360142848}
{"index": 124, "error": null, "seconds": 2.5299907920416445, "peak_rss": 4360142848}
{"index": 125, "error": null, "seconds": 2.520357667002827, "peak_rss": 4360142848}
{"index": 126, "error": null, "seconds": 2.5196598750771955, "peak_rss": 4360142848}
{"index": 127, "error": null, "seconds": 2.5130080840317532, "peak_rss": 4360142848}
