/Users/twixes/Developer/thispriestdoesnotexist/research/.venv-flux-train/lib/python3.11/site-packages/diffusers/utils/deprecation_utils.py:23: FutureWarning: `torch_dtype` is deprecated and will be removed in version 1.0.0. Please use `dtype` instead.
  deprecate("torch_dtype", "1.0.0", _TORCH_DTYPE_DEPRECATION_MESSAGE)
Loading pipeline components...:   0%|          | 0/5 [00:00<?, ?it/s]
Loading weights:   0%|          | 0/517 [00:00<?, ?it/s][ALoading weights: 100%|██████████| 517/517 [00:00<00:00, 26888.23it/s]
Loading pipeline components...:  40%|████      | 2/5 [00:00<00:00, 14.96it/s]
Loading weights:   0%|          | 0/196 [00:00<?, ?it/s][ALoading weights: 100%|██████████| 196/196 [00:00<00:00, 30789.65it/s]
Loading pipeline components...: 100%|██████████| 5/5 [00:00<00:00, 27.66it/s]
Cached 1/20
Cached 2/20
Cached 3/20
Cached 4/20
Cached 5/20
Cached 6/20
Cached 7/20
Cached 8/20
Cached 9/20
Cached 10/20
Cached 11/20
Cached 12/20
Cached 13/20
Cached 14/20
Cached 15/20
Cached 16/20
Cached 17/20
Cached 18/20
Cached 19/20
Cached 20/20
