{
  "eyes40": {
    "eye_y": {
      "mean": 0.3999999999999999,
      "std": 1.1102230246251565e-16
    },
    "interocular": {
      "mean": 0.2066530533011507,
      "std": 0.01547662875382427
    },
    "mouth_y": {
      "mean": 0.6047510860668591,
      "std": 0.012127951886092647
    },
    "reflected_padding_fraction": {
      "mean": 0.005888505415482955,
      "std": 0.011134386777499618
    }
  },
  "eyes42": {
    "eye_y": {
      "mean": 0.4200000000000001,
      "std": 1.1102230246251565e-16
    },
    "interocular": {
      "mean": 0.19950635334559008,
      "std": 0.015482428214620135
    },
    "mouth_y": {
      "mean": 0.61766127773396,
      "std": 0.012216236265463384
    },
    "reflected_padding_fraction": {
      "mean": 0.018757213245738636,
      "std": 0.022753312726889338
    }
  }
}
