[
  {
    "id": "042",
    "matched": {
      "landmark_delta_xy": [
        [
          0.0017830729484558105,
          0.0009407699108123779
        ],
        [
          0.00147169828414917,
          0.004796624183654785
        ],
        [
          0.0011916160583496094,
          0.005633413791656494
        ],
        [
          -0.0032986104488372803,
          0.00123673677444458
        ],
        [
          -0.003008544445037842,
          0.005180478096008301
        ]
      ],
      "landmark_displacements": [
        0.002016035010758699,
        0.005017319941840419,
        0.005758063891495323,
        0.003522832488558329,
        0.005990717234270855
      ],
      "max_landmark_displacement": 0.005990717234270855,
      "mean_landmark_displacement": 0.0044609937133847245,
      "eye_y_delta": 0.0028686970472335815,
      "mouth_y_delta": 0.0032086074352264404,
      "interocular_relative_change": -0.0015322519838123494,
      "landmark_tolerance_pass": true,
      "interocular_tolerance_pass": true
    },
    "unadjusted": {
      "landmark_delta_xy": [
        [
          -0.01601770520210266,
          0.000800788402557373
        ],
        [
          0.00029391050338745117,
          0.007319211959838867
        ],
        [
          -0.026818394660949707,
          0.008028864860534668
        ],
        [
          -0.01263609528541565,
          0.010370731353759766
        ],
        [
          -0.00901782512664795,
          0.016214728355407715
        ]
      ],
      "landmark_displacements": [
        0.016037709998847623,
        0.007325110722511284,
        0.02799444521934993,
        0.016346956073653572,
        0.018553667714348722
      ],
      "max_landmark_displacement": 0.02799444521934993,
      "mean_landmark_displacement": 0.017251577945742225,
      "eye_y_delta": 0.00406000018119812,
      "mouth_y_delta": 0.01329272985458374,
      "interocular_relative_change": 0.0685375485760722,
      "landmark_tolerance_pass": false,
      "interocular_tolerance_pass": false
    }
  },
  {
    "id": "058",
    "matched": {
      "landmark_delta_xy": [
        [
          0.0028764307498931885,
          0.001598358154296875
        ],
        [
          0.0061318278312683105,
          0.0030558407306671143
        ],
        [
          0.012668222188949585,
          0.0034920573234558105
        ],
        [
          0.0005321800708770752,
          0.004240870475769043
        ],
        [
          0.005266427993774414,
          0.005326628684997559
        ]
      ],
      "landmark_displacements": [
        0.0032906842219116686,
        0.00685109298751088,
        0.01314071222494793,
        0.004274131259108484,
        0.007490543168652699
      ],
      "max_landmark_displacement": 0.01314071222494793,
      "mean_landmark_displacement": 0.007009432772426332,
      "eye_y_delta": 0.0023270994424819946,
      "mouth_y_delta": 0.004783749580383301,
      "interocular_relative_change": 0.017387205007831197,
      "landmark_tolerance_pass": true,
      "interocular_tolerance_pass": true
    },
    "unadjusted": {
      "landmark_delta_xy": [
        [
          0.01944488286972046,
          0.012812018394470215
        ],
        [
          -0.004077732563018799,
          0.019995003938674927
        ],
        [
          0.011536270380020142,
          -0.004511058330535889
        ],
        [
          0.01447230577468872,
          0.0036275386810302734
        ],
        [
          -0.00863724946975708,
          0.011019706726074219
        ]
      ],
      "landmark_displacements": [
        0.023286289639128672,
        0.020406569661830225,
        0.012386895557096916,
        0.014920009092438897,
        0.014001286181330069
      ],
      "max_landmark_displacement": 0.023286289639128672,
      "mean_landmark_displacement": 0.017000210026364957,
      "eye_y_delta": 0.01640351116657257,
      "mouth_y_delta": 0.007323622703552246,
      "interocular_relative_change": -0.10865557080046695,
      "landmark_tolerance_pass": false,
      "interocular_tolerance_pass": false
    }
  },
  {
    "id": "059",
    "matched": {
      "landmark_delta_xy": [
        [
          0.0017530322074890137,
          -0.002764195203781128
        ],
        [
          0.00057220458984375,
          0.0001614093780517578
        ],
        [
          -7.748603820800781e-06,
          -0.0005506277084350586
        ],
        [
          -0.0016921162605285645,
          -0.004770815372467041
        ],
        [
          -0.0004996061325073242,
          -0.0022690296173095703
        ]
      ],
      "landmark_displacements": [
        0.003273208982802717,
        0.0005945343387570725,
        0.0005506822261137685,
        0.005062009162112709,
        0.002323381520944621
      ],
      "max_landmark_displacement": 0.005062009162112709,
      "mean_landmark_displacement": 0.0023607632461461773,
      "eye_y_delta": -0.001301392912864685,
      "mouth_y_delta": -0.0035199224948883057,
      "interocular_relative_change": -0.004332322215759854,
      "landmark_tolerance_pass": true,
      "interocular_tolerance_pass": true
    },
    "unadjusted": {
      "landmark_delta_xy": [
        [
          -0.00901573896408081,
          0.008280575275421143
        ],
        [
          -0.008220911026000977,
          0.010707348585128784
        ],
        [
          -0.018130511045455933,
          0.005289971828460693
        ],
        [
          -0.006226271390914917,
          0.002093374729156494
        ],
        [
          -0.013592362403869629,
          0.005042672157287598
        ]
      ],
      "landmark_displacements": [
        0.012241383743693393,
        0.013499284863313456,
        0.018886482804252022,
        0.006568764966871368,
        0.01449761560409201
      ],
      "max_landmark_displacement": 0.018886482804252022,
      "mean_landmark_displacement": 0.01313870639644445,
      "eye_y_delta": 0.009493961930274963,
      "mouth_y_delta": 0.003568023443222046,
      "interocular_relative_change": 0.0033598328354498275,
      "landmark_tolerance_pass": false,
      "interocular_tolerance_pass": true
    }
  }
]
