Memory preflight: 54% free; exactly one batch64/micro8 update; 110 originals / 220 virtual entries
/Users/twixes/Developer/thispriestdoesnotexist/research/vendor/stylegan2-ada-pytorch/torch_utils/ops/grid_sample_gradfix.py:39: UserWarning: grid_sample_gradfix not supported on PyTorch 2.14.0. Falling back to torch.nn.functional.grid_sample().
  warnings.warn(f'grid_sample_gradfix not supported on PyTorch {torch.__version__}. Falling back to torch.nn.functional.grid_sample().')
/Users/twixes/Developer/thispriestdoesnotexist/research/vendor/stylegan2-ada-pytorch/torch_utils/ops/grid_sample_gradfix.py:39: UserWarning: grid_sample_gradfix not supported on PyTorch 2.14.0. Falling back to torch.nn.functional.grid_sample().
  warnings.warn(f'grid_sample_gradfix not supported on PyTorch {torch.__version__}. Falling back to torch.nn.functional.grid_sample().')
/Users/twixes/Developer/thispriestdoesnotexist/research/vendor/stylegan2-ada-pytorch/torch_utils/ops/grid_sample_gradfix.py:39: UserWarning: grid_sample_gradfix not supported on PyTorch 2.14.0. Falling back to torch.nn.functional.grid_sample().
  warnings.warn(f'grid_sample_gradfix not supported on PyTorch {torch.__version__}. Falling back to torch.nn.functional.grid_sample().')
/Users/twixes/Developer/thispriestdoesnotexist/research/vendor/stylegan2-ada-pytorch/torch_utils/ops/grid_sample_gradfix.py:39: UserWarning: grid_sample_gradfix not supported on PyTorch 2.14.0. Falling back to torch.nn.functional.grid_sample().
  warnings.warn(f'grid_sample_gradfix not supported on PyTorch {torch.__version__}. Falling back to torch.nn.functional.grid_sample().')
/Users/twixes/Developer/thispriestdoesnotexist/research/vendor/stylegan2-ada-pytorch/torch_utils/ops/grid_sample_gradfix.py:39: UserWarning: grid_sample_gradfix not supported on PyTorch 2.14.0. Falling back to torch.nn.functional.grid_sample().
  warnings.warn(f'grid_sample_gradfix not supported on PyTorch {torch.__version__}. Falling back to torch.nn.functional.grid_sample().')
/Users/twixes/Developer/thispriestdoesnotexist/research/vendor/stylegan2-ada-pytorch/torch_utils/ops/grid_sample_gradfix.py:39: UserWarning: grid_sample_gradfix not supported on PyTorch 2.14.0. Falling back to torch.nn.functional.grid_sample().
  warnings.warn(f'grid_sample_gradfix not supported on PyTorch {torch.__version__}. Falling back to torch.nn.functional.grid_sample().')
/Users/twixes/Developer/thispriestdoesnotexist/research/vendor/stylegan2-ada-pytorch/torch_utils/ops/grid_sample_gradfix.py:39: UserWarning: grid_sample_gradfix not supported on PyTorch 2.14.0. Falling back to torch.nn.functional.grid_sample().
  warnings.warn(f'grid_sample_gradfix not supported on PyTorch {torch.__version__}. Falling back to torch.nn.functional.grid_sample().')
/Users/twixes/Developer/thispriestdoesnotexist/research/vendor/stylegan2-ada-pytorch/torch_utils/ops/grid_sample_gradfix.py:39: UserWarning: grid_sample_gradfix not supported on PyTorch 2.14.0. Falling back to torch.nn.functional.grid_sample().
  warnings.warn(f'grid_sample_gradfix not supported on PyTorch {torch.__version__}. Falling back to torch.nn.functional.grid_sample().')
/Users/twixes/Developer/thispriestdoesnotexist/research/vendor/stylegan2-ada-pytorch/torch_utils/ops/grid_sample_gradfix.py:39: UserWarning: grid_sample_gradfix not supported on PyTorch 2.14.0. Falling back to torch.nn.functional.grid_sample().
  warnings.warn(f'grid_sample_gradfix not supported on PyTorch {torch.__version__}. Falling back to torch.nn.functional.grid_sample().')
/Users/twixes/Developer/thispriestdoesnotexist/research/vendor/stylegan2-ada-pytorch/torch_utils/ops/grid_sample_gradfix.py:39: UserWarning: grid_sample_gradfix not supported on PyTorch 2.14.0. Falling back to torch.nn.functional.grid_sample().
  warnings.warn(f'grid_sample_gradfix not supported on PyTorch {torch.__version__}. Falling back to torch.nn.functional.grid_sample().')
/Users/twixes/Developer/thispriestdoesnotexist/research/vendor/stylegan2-ada-pytorch/torch_utils/ops/grid_sample_gradfix.py:39: UserWarning: grid_sample_gradfix not supported on PyTorch 2.14.0. Falling back to torch.nn.functional.grid_sample().
  warnings.warn(f'grid_sample_gradfix not supported on PyTorch {torch.__version__}. Falling back to torch.nn.functional.grid_sample().')
/Users/twixes/Developer/thispriestdoesnotexist/research/vendor/stylegan2-ada-pytorch/torch_utils/ops/grid_sample_gradfix.py:39: UserWarning: grid_sample_gradfix not supported on PyTorch 2.14.0. Falling back to torch.nn.functional.grid_sample().
  warnings.warn(f'grid_sample_gradfix not supported on PyTorch {torch.__version__}. Falling back to torch.nn.functional.grid_sample().')
/Users/twixes/Developer/thispriestdoesnotexist/research/vendor/stylegan2-ada-pytorch/torch_utils/ops/grid_sample_gradfix.py:39: UserWarning: grid_sample_gradfix not supported on PyTorch 2.14.0. Falling back to torch.nn.functional.grid_sample().
  warnings.warn(f'grid_sample_gradfix not supported on PyTorch {torch.__version__}. Falling back to torch.nn.functional.grid_sample().')
/Users/twixes/Developer/thispriestdoesnotexist/research/vendor/stylegan2-ada-pytorch/torch_utils/ops/grid_sample_gradfix.py:39: UserWarning: grid_sample_gradfix not supported on PyTorch 2.14.0. Falling back to torch.nn.functional.grid_sample().
  warnings.warn(f'grid_sample_gradfix not supported on PyTorch {torch.__version__}. Falling back to torch.nn.functional.grid_sample().')
/Users/twixes/Developer/thispriestdoesnotexist/research/vendor/stylegan2-ada-pytorch/torch_utils/ops/grid_sample_gradfix.py:39: UserWarning: grid_sample_gradfix not supported on PyTorch 2.14.0. Falling back to torch.nn.functional.grid_sample().
  warnings.warn(f'grid_sample_gradfix not supported on PyTorch {torch.__version__}. Falling back to torch.nn.functional.grid_sample().')
/Users/twixes/Developer/thispriestdoesnotexist/research/vendor/stylegan2-ada-pytorch/torch_utils/ops/grid_sample_gradfix.py:39: UserWarning: grid_sample_gradfix not supported on PyTorch 2.14.0. Falling back to torch.nn.functional.grid_sample().
  warnings.warn(f'grid_sample_gradfix not supported on PyTorch {torch.__version__}. Falling back to torch.nn.functional.grid_sample().')
/Users/twixes/Developer/thispriestdoesnotexist/research/vendor/stylegan2-ada-pytorch/torch_utils/ops/grid_sample_gradfix.py:39: UserWarning: grid_sample_gradfix not supported on PyTorch 2.14.0. Falling back to torch.nn.functional.grid_sample().
  warnings.warn(f'grid_sample_gradfix not supported on PyTorch {torch.__version__}. Falling back to torch.nn.functional.grid_sample().')
/Users/twixes/Developer/thispriestdoesnotexist/research/vendor/stylegan2-ada-pytorch/torch_utils/ops/grid_sample_gradfix.py:39: UserWarning: grid_sample_gradfix not supported on PyTorch 2.14.0. Falling back to torch.nn.functional.grid_sample().
  warnings.warn(f'grid_sample_gradfix not supported on PyTorch {torch.__version__}. Falling back to torch.nn.functional.grid_sample().')
/Users/twixes/Developer/thispriestdoesnotexist/research/vendor/stylegan2-ada-pytorch/torch_utils/ops/grid_sample_gradfix.py:39: UserWarning: grid_sample_gradfix not supported on PyTorch 2.14.0. Falling back to torch.nn.functional.grid_sample().
  warnings.warn(f'grid_sample_gradfix not supported on PyTorch {torch.__version__}. Falling back to torch.nn.functional.grid_sample().')
/Users/twixes/Developer/thispriestdoesnotexist/research/vendor/stylegan2-ada-pytorch/torch_utils/ops/grid_sample_gradfix.py:39: UserWarning: grid_sample_gradfix not supported on PyTorch 2.14.0. Falling back to torch.nn.functional.grid_sample().
  warnings.warn(f'grid_sample_gradfix not supported on PyTorch {torch.__version__}. Falling back to torch.nn.functional.grid_sample().')
/Users/twixes/Developer/thispriestdoesnotexist/research/vendor/stylegan2-ada-pytorch/torch_utils/ops/grid_sample_gradfix.py:39: UserWarning: grid_sample_gradfix not supported on PyTorch 2.14.0. Falling back to torch.nn.functional.grid_sample().
  warnings.warn(f'grid_sample_gradfix not supported on PyTorch {torch.__version__}. Falling back to torch.nn.functional.grid_sample().')
/Users/twixes/Developer/thispriestdoesnotexist/research/vendor/stylegan2-ada-pytorch/torch_utils/ops/grid_sample_gradfix.py:39: UserWarning: grid_sample_gradfix not supported on PyTorch 2.14.0. Falling back to torch.nn.functional.grid_sample().
  warnings.warn(f'grid_sample_gradfix not supported on PyTorch {torch.__version__}. Falling back to torch.nn.functional.grid_sample().')
/Users/twixes/Developer/thispriestdoesnotexist/research/vendor/stylegan2-ada-pytorch/torch_utils/ops/grid_sample_gradfix.py:39: UserWarning: grid_sample_gradfix not supported on PyTorch 2.14.0. Falling back to torch.nn.functional.grid_sample().
  warnings.warn(f'grid_sample_gradfix not supported on PyTorch {torch.__version__}. Falling back to torch.nn.functional.grid_sample().')
/Users/twixes/Developer/thispriestdoesnotexist/research/vendor/stylegan2-ada-pytorch/torch_utils/ops/grid_sample_gradfix.py:39: UserWarning: grid_sample_gradfix not supported on PyTorch 2.14.0. Falling back to torch.nn.functional.grid_sample().
  warnings.warn(f'grid_sample_gradfix not supported on PyTorch {torch.__version__}. Falling back to torch.nn.functional.grid_sample().')
/Users/twixes/Developer/thispriestdoesnotexist/research/vendor/stylegan2-ada-pytorch/torch_utils/ops/grid_sample_gradfix.py:39: UserWarning: grid_sample_gradfix not supported on PyTorch 2.14.0. Falling back to torch.nn.functional.grid_sample().
  warnings.warn(f'grid_sample_gradfix not supported on PyTorch {torch.__version__}. Falling back to torch.nn.functional.grid_sample().')
/Users/twixes/Developer/thispriestdoesnotexist/research/vendor/stylegan2-ada-pytorch/torch_utils/ops/grid_sample_gradfix.py:39: UserWarning: grid_sample_gradfix not supported on PyTorch 2.14.0. Falling back to torch.nn.functional.grid_sample().
  warnings.warn(f'grid_sample_gradfix not supported on PyTorch {torch.__version__}. Falling back to torch.nn.functional.grid_sample().')
/Users/twixes/Developer/thispriestdoesnotexist/research/vendor/stylegan2-ada-pytorch/torch_utils/ops/grid_sample_gradfix.py:39: UserWarning: grid_sample_gradfix not supported on PyTorch 2.14.0. Falling back to torch.nn.functional.grid_sample().
  warnings.warn(f'grid_sample_gradfix not supported on PyTorch {torch.__version__}. Falling back to torch.nn.functional.grid_sample().')
/Users/twixes/Developer/thispriestdoesnotexist/research/vendor/stylegan2-ada-pytorch/torch_utils/ops/grid_sample_gradfix.py:39: UserWarning: grid_sample_gradfix not supported on PyTorch 2.14.0. Falling back to torch.nn.functional.grid_sample().
  warnings.warn(f'grid_sample_gradfix not supported on PyTorch {torch.__version__}. Falling back to torch.nn.functional.grid_sample().')
/Users/twixes/Developer/thispriestdoesnotexist/research/vendor/stylegan2-ada-pytorch/torch_utils/ops/grid_sample_gradfix.py:39: UserWarning: grid_sample_gradfix not supported on PyTorch 2.14.0. Falling back to torch.nn.functional.grid_sample().
  warnings.warn(f'grid_sample_gradfix not supported on PyTorch {torch.__version__}. Falling back to torch.nn.functional.grid_sample().')
/Users/twixes/Developer/thispriestdoesnotexist/research/vendor/stylegan2-ada-pytorch/torch_utils/ops/grid_sample_gradfix.py:39: UserWarning: grid_sample_gradfix not supported on PyTorch 2.14.0. Falling back to torch.nn.functional.grid_sample().
  warnings.warn(f'grid_sample_gradfix not supported on PyTorch {torch.__version__}. Falling back to torch.nn.functional.grid_sample().')
/Users/twixes/Developer/thispriestdoesnotexist/research/vendor/stylegan2-ada-pytorch/torch_utils/ops/grid_sample_gradfix.py:39: UserWarning: grid_sample_gradfix not supported on PyTorch 2.14.0. Falling back to torch.nn.functional.grid_sample().
  warnings.warn(f'grid_sample_gradfix not supported on PyTorch {torch.__version__}. Falling back to torch.nn.functional.grid_sample().')
/Users/twixes/Developer/thispriestdoesnotexist/research/vendor/stylegan2-ada-pytorch/torch_utils/ops/grid_sample_gradfix.py:39: UserWarning: grid_sample_gradfix not supported on PyTorch 2.14.0. Falling back to torch.nn.functional.grid_sample().
  warnings.warn(f'grid_sample_gradfix not supported on PyTorch {torch.__version__}. Falling back to torch.nn.functional.grid_sample().')
{"step": 1, "images_seen": 64, "kimg": 0.064, "seconds": 193.1804490420036, "augment_p": 0.0, "pl_mean": 0.04041299223899841, "phases": [{"phase": "Gmain", "gain_per_microbatch": 1, "rounds": 8, "seconds": 10.382070874911733}, {"phase": "Greg", "gain_per_microbatch": 4, "rounds": 8, "seconds": 42.48682250001002}, {"phase": "Dmain", "gain_per_microbatch": 1, "rounds": 8, "seconds": 11.387082499917597}, {"phase": "Dreg", "gain_per_microbatch": 16, "rounds": 8, "seconds": 128.86204991699196}], "statistics": {"Loss/scores/fake": -2.5344127863645554, "Loss/signs/fake": -1.0, "Loss/G/loss": 2.7066800594329834, "Loss/pl_penalty": 0.2896377332508564, "Loss/G/reg": 0.5792754665017128, "Loss/scores/real": 1.1096499040722847, "Loss/signs/real": 0.0, "Loss/D/loss": 1.9705504179000854, "Loss/r1_penalty": 0.15134068951010704, "Loss/D/reg": 0.07567034475505352}}
{
  "passed": true,
  "preflight_free_percent": 54,
  "device": "mps",
  "batch": 64,
  "microbatch": 8,
  "original_image_count": 110,
  "virtual_dataset_count": 220,
  "mirror": true,
  "pl_batch_shrink": 2,
  "updates": 1,
  "optimizer_steps": 4,
  "heavy_regularized_update_seconds": 193.1804490420036,
  "total_wall_seconds_including_setup_snapshots_checkpoint": 198.94676304096356,
  "max_observed_current_bytes": 991016704,
  "max_observed_driver_bytes": 9115729920,
  "process_peak_rss_before_checkpoint_reload_bytes": 1939849216,
  "process_peak_rss_including_checkpoint_reload_bytes": 1939849216,
  "memory_caveat": "allocator samples after each backward/step/snapshot, not true instantaneous peaks",
  "checkpoint_reload_validated": true,
  "weights_only_generator_validated": true,
  "source_mbstd_group_size": 8,
  "checkpoint_bytes": 685989929,
  "snapshot_count": 6,
  "snapshots_validated": true,
  "trainer_sha256": "00b5266875dbe07169025eb7b38b22a412230019c52d1bae77eeb8daf0045b13"
}
