Memory preflight: 22% free; exactly one batch32/micro4 update
/Users/twixes/Developer/thispriestdoesnotexist/research/vendor/stylegan2-ada-pytorch/torch_utils/ops/grid_sample_gradfix.py:39: UserWarning: grid_sample_gradfix not supported on PyTorch 2.14.0. Falling back to torch.nn.functional.grid_sample().
  warnings.warn(f'grid_sample_gradfix not supported on PyTorch {torch.__version__}. Falling back to torch.nn.functional.grid_sample().')
/Users/twixes/Developer/thispriestdoesnotexist/research/vendor/stylegan2-ada-pytorch/torch_utils/ops/grid_sample_gradfix.py:39: UserWarning: grid_sample_gradfix not supported on PyTorch 2.14.0. Falling back to torch.nn.functional.grid_sample().
  warnings.warn(f'grid_sample_gradfix not supported on PyTorch {torch.__version__}. Falling back to torch.nn.functional.grid_sample().')
/Users/twixes/Developer/thispriestdoesnotexist/research/vendor/stylegan2-ada-pytorch/torch_utils/ops/grid_sample_gradfix.py:39: UserWarning: grid_sample_gradfix not supported on PyTorch 2.14.0. Falling back to torch.nn.functional.grid_sample().
  warnings.warn(f'grid_sample_gradfix not supported on PyTorch {torch.__version__}. Falling back to torch.nn.functional.grid_sample().')
/Users/twixes/Developer/thispriestdoesnotexist/research/vendor/stylegan2-ada-pytorch/torch_utils/ops/grid_sample_gradfix.py:39: UserWarning: grid_sample_gradfix not supported on PyTorch 2.14.0. Falling back to torch.nn.functional.grid_sample().
  warnings.warn(f'grid_sample_gradfix not supported on PyTorch {torch.__version__}. Falling back to torch.nn.functional.grid_sample().')
/Users/twixes/Developer/thispriestdoesnotexist/research/vendor/stylegan2-ada-pytorch/torch_utils/ops/grid_sample_gradfix.py:39: UserWarning: grid_sample_gradfix not supported on PyTorch 2.14.0. Falling back to torch.nn.functional.grid_sample().
  warnings.warn(f'grid_sample_gradfix not supported on PyTorch {torch.__version__}. Falling back to torch.nn.functional.grid_sample().')
/Users/twixes/Developer/thispriestdoesnotexist/research/vendor/stylegan2-ada-pytorch/torch_utils/ops/grid_sample_gradfix.py:39: UserWarning: grid_sample_gradfix not supported on PyTorch 2.14.0. Falling back to torch.nn.functional.grid_sample().
  warnings.warn(f'grid_sample_gradfix not supported on PyTorch {torch.__version__}. Falling back to torch.nn.functional.grid_sample().')
/Users/twixes/Developer/thispriestdoesnotexist/research/vendor/stylegan2-ada-pytorch/torch_utils/ops/grid_sample_gradfix.py:39: UserWarning: grid_sample_gradfix not supported on PyTorch 2.14.0. Falling back to torch.nn.functional.grid_sample().
  warnings.warn(f'grid_sample_gradfix not supported on PyTorch {torch.__version__}. Falling back to torch.nn.functional.grid_sample().')
/Users/twixes/Developer/thispriestdoesnotexist/research/vendor/stylegan2-ada-pytorch/torch_utils/ops/grid_sample_gradfix.py:39: UserWarning: grid_sample_gradfix not supported on PyTorch 2.14.0. Falling back to torch.nn.functional.grid_sample().
  warnings.warn(f'grid_sample_gradfix not supported on PyTorch {torch.__version__}. Falling back to torch.nn.functional.grid_sample().')
/Users/twixes/Developer/thispriestdoesnotexist/research/vendor/stylegan2-ada-pytorch/torch_utils/ops/grid_sample_gradfix.py:39: UserWarning: grid_sample_gradfix not supported on PyTorch 2.14.0. Falling back to torch.nn.functional.grid_sample().
  warnings.warn(f'grid_sample_gradfix not supported on PyTorch {torch.__version__}. Falling back to torch.nn.functional.grid_sample().')
/Users/twixes/Developer/thispriestdoesnotexist/research/vendor/stylegan2-ada-pytorch/torch_utils/ops/grid_sample_gradfix.py:39: UserWarning: grid_sample_gradfix not supported on PyTorch 2.14.0. Falling back to torch.nn.functional.grid_sample().
  warnings.warn(f'grid_sample_gradfix not supported on PyTorch {torch.__version__}. Falling back to torch.nn.functional.grid_sample().')
/Users/twixes/Developer/thispriestdoesnotexist/research/vendor/stylegan2-ada-pytorch/torch_utils/ops/grid_sample_gradfix.py:39: UserWarning: grid_sample_gradfix not supported on PyTorch 2.14.0. Falling back to torch.nn.functional.grid_sample().
  warnings.warn(f'grid_sample_gradfix not supported on PyTorch {torch.__version__}. Falling back to torch.nn.functional.grid_sample().')
/Users/twixes/Developer/thispriestdoesnotexist/research/vendor/stylegan2-ada-pytorch/torch_utils/ops/grid_sample_gradfix.py:39: UserWarning: grid_sample_gradfix not supported on PyTorch 2.14.0. Falling back to torch.nn.functional.grid_sample().
  warnings.warn(f'grid_sample_gradfix not supported on PyTorch {torch.__version__}. Falling back to torch.nn.functional.grid_sample().')
/Users/twixes/Developer/thispriestdoesnotexist/research/vendor/stylegan2-ada-pytorch/torch_utils/ops/grid_sample_gradfix.py:39: UserWarning: grid_sample_gradfix not supported on PyTorch 2.14.0. Falling back to torch.nn.functional.grid_sample().
  warnings.warn(f'grid_sample_gradfix not supported on PyTorch {torch.__version__}. Falling back to torch.nn.functional.grid_sample().')
/Users/twixes/Developer/thispriestdoesnotexist/research/vendor/stylegan2-ada-pytorch/torch_utils/ops/grid_sample_gradfix.py:39: UserWarning: grid_sample_gradfix not supported on PyTorch 2.14.0. Falling back to torch.nn.functional.grid_sample().
  warnings.warn(f'grid_sample_gradfix not supported on PyTorch {torch.__version__}. Falling back to torch.nn.functional.grid_sample().')
/Users/twixes/Developer/thispriestdoesnotexist/research/vendor/stylegan2-ada-pytorch/torch_utils/ops/grid_sample_gradfix.py:39: UserWarning: grid_sample_gradfix not supported on PyTorch 2.14.0. Falling back to torch.nn.functional.grid_sample().
  warnings.warn(f'grid_sample_gradfix not supported on PyTorch {torch.__version__}. Falling back to torch.nn.functional.grid_sample().')
/Users/twixes/Developer/thispriestdoesnotexist/research/vendor/stylegan2-ada-pytorch/torch_utils/ops/grid_sample_gradfix.py:39: UserWarning: grid_sample_gradfix not supported on PyTorch 2.14.0. Falling back to torch.nn.functional.grid_sample().
  warnings.warn(f'grid_sample_gradfix not supported on PyTorch {torch.__version__}. Falling back to torch.nn.functional.grid_sample().')
/Users/twixes/Developer/thispriestdoesnotexist/research/vendor/stylegan2-ada-pytorch/torch_utils/ops/grid_sample_gradfix.py:39: UserWarning: grid_sample_gradfix not supported on PyTorch 2.14.0. Falling back to torch.nn.functional.grid_sample().
  warnings.warn(f'grid_sample_gradfix not supported on PyTorch {torch.__version__}. Falling back to torch.nn.functional.grid_sample().')
/Users/twixes/Developer/thispriestdoesnotexist/research/vendor/stylegan2-ada-pytorch/torch_utils/ops/grid_sample_gradfix.py:39: UserWarning: grid_sample_gradfix not supported on PyTorch 2.14.0. Falling back to torch.nn.functional.grid_sample().
  warnings.warn(f'grid_sample_gradfix not supported on PyTorch {torch.__version__}. Falling back to torch.nn.functional.grid_sample().')
/Users/twixes/Developer/thispriestdoesnotexist/research/vendor/stylegan2-ada-pytorch/torch_utils/ops/grid_sample_gradfix.py:39: UserWarning: grid_sample_gradfix not supported on PyTorch 2.14.0. Falling back to torch.nn.functional.grid_sample().
  warnings.warn(f'grid_sample_gradfix not supported on PyTorch {torch.__version__}. Falling back to torch.nn.functional.grid_sample().')
/Users/twixes/Developer/thispriestdoesnotexist/research/vendor/stylegan2-ada-pytorch/torch_utils/ops/grid_sample_gradfix.py:39: UserWarning: grid_sample_gradfix not supported on PyTorch 2.14.0. Falling back to torch.nn.functional.grid_sample().
  warnings.warn(f'grid_sample_gradfix not supported on PyTorch {torch.__version__}. Falling back to torch.nn.functional.grid_sample().')
/Users/twixes/Developer/thispriestdoesnotexist/research/vendor/stylegan2-ada-pytorch/torch_utils/ops/grid_sample_gradfix.py:39: UserWarning: grid_sample_gradfix not supported on PyTorch 2.14.0. Falling back to torch.nn.functional.grid_sample().
  warnings.warn(f'grid_sample_gradfix not supported on PyTorch {torch.__version__}. Falling back to torch.nn.functional.grid_sample().')
/Users/twixes/Developer/thispriestdoesnotexist/research/vendor/stylegan2-ada-pytorch/torch_utils/ops/grid_sample_gradfix.py:39: UserWarning: grid_sample_gradfix not supported on PyTorch 2.14.0. Falling back to torch.nn.functional.grid_sample().
  warnings.warn(f'grid_sample_gradfix not supported on PyTorch {torch.__version__}. Falling back to torch.nn.functional.grid_sample().')
/Users/twixes/Developer/thispriestdoesnotexist/research/vendor/stylegan2-ada-pytorch/torch_utils/ops/grid_sample_gradfix.py:39: UserWarning: grid_sample_gradfix not supported on PyTorch 2.14.0. Falling back to torch.nn.functional.grid_sample().
  warnings.warn(f'grid_sample_gradfix not supported on PyTorch {torch.__version__}. Falling back to torch.nn.functional.grid_sample().')
/Users/twixes/Developer/thispriestdoesnotexist/research/vendor/stylegan2-ada-pytorch/torch_utils/ops/grid_sample_gradfix.py:39: UserWarning: grid_sample_gradfix not supported on PyTorch 2.14.0. Falling back to torch.nn.functional.grid_sample().
  warnings.warn(f'grid_sample_gradfix not supported on PyTorch {torch.__version__}. Falling back to torch.nn.functional.grid_sample().')
/Users/twixes/Developer/thispriestdoesnotexist/research/vendor/stylegan2-ada-pytorch/torch_utils/ops/grid_sample_gradfix.py:39: UserWarning: grid_sample_gradfix not supported on PyTorch 2.14.0. Falling back to torch.nn.functional.grid_sample().
  warnings.warn(f'grid_sample_gradfix not supported on PyTorch {torch.__version__}. Falling back to torch.nn.functional.grid_sample().')
/Users/twixes/Developer/thispriestdoesnotexist/research/vendor/stylegan2-ada-pytorch/torch_utils/ops/grid_sample_gradfix.py:39: UserWarning: grid_sample_gradfix not supported on PyTorch 2.14.0. Falling back to torch.nn.functional.grid_sample().
  warnings.warn(f'grid_sample_gradfix not supported on PyTorch {torch.__version__}. Falling back to torch.nn.functional.grid_sample().')
/Users/twixes/Developer/thispriestdoesnotexist/research/vendor/stylegan2-ada-pytorch/torch_utils/ops/grid_sample_gradfix.py:39: UserWarning: grid_sample_gradfix not supported on PyTorch 2.14.0. Falling back to torch.nn.functional.grid_sample().
  warnings.warn(f'grid_sample_gradfix not supported on PyTorch {torch.__version__}. Falling back to torch.nn.functional.grid_sample().')
/Users/twixes/Developer/thispriestdoesnotexist/research/vendor/stylegan2-ada-pytorch/torch_utils/ops/grid_sample_gradfix.py:39: UserWarning: grid_sample_gradfix not supported on PyTorch 2.14.0. Falling back to torch.nn.functional.grid_sample().
  warnings.warn(f'grid_sample_gradfix not supported on PyTorch {torch.__version__}. Falling back to torch.nn.functional.grid_sample().')
/Users/twixes/Developer/thispriestdoesnotexist/research/vendor/stylegan2-ada-pytorch/torch_utils/ops/grid_sample_gradfix.py:39: UserWarning: grid_sample_gradfix not supported on PyTorch 2.14.0. Falling back to torch.nn.functional.grid_sample().
  warnings.warn(f'grid_sample_gradfix not supported on PyTorch {torch.__version__}. Falling back to torch.nn.functional.grid_sample().')
/Users/twixes/Developer/thispriestdoesnotexist/research/vendor/stylegan2-ada-pytorch/torch_utils/ops/grid_sample_gradfix.py:39: UserWarning: grid_sample_gradfix not supported on PyTorch 2.14.0. Falling back to torch.nn.functional.grid_sample().
  warnings.warn(f'grid_sample_gradfix not supported on PyTorch {torch.__version__}. Falling back to torch.nn.functional.grid_sample().')
/Users/twixes/Developer/thispriestdoesnotexist/research/vendor/stylegan2-ada-pytorch/torch_utils/ops/grid_sample_gradfix.py:39: UserWarning: grid_sample_gradfix not supported on PyTorch 2.14.0. Falling back to torch.nn.functional.grid_sample().
  warnings.warn(f'grid_sample_gradfix not supported on PyTorch {torch.__version__}. Falling back to torch.nn.functional.grid_sample().')
/Users/twixes/Developer/thispriestdoesnotexist/research/vendor/stylegan2-ada-pytorch/torch_utils/ops/grid_sample_gradfix.py:39: UserWarning: grid_sample_gradfix not supported on PyTorch 2.14.0. Falling back to torch.nn.functional.grid_sample().
  warnings.warn(f'grid_sample_gradfix not supported on PyTorch {torch.__version__}. Falling back to torch.nn.functional.grid_sample().')
{"step": 1, "images_seen": 32, "kimg": 0.032, "seconds": 159.64994695794303, "augment_p": 0.0, "pl_mean": 0.04132393002510071, "phases": [{"phase": "Gmain", "gain_per_microbatch": 1, "rounds": 8, "seconds": 11.24760933406651}, {"phase": "Greg", "gain_per_microbatch": 4, "rounds": 8, "seconds": 36.444132709060796}, {"phase": "Dmain", "gain_per_microbatch": 1, "rounds": 8, "seconds": 9.871871749986894}, {"phase": "Dreg", "gain_per_microbatch": 16, "rounds": 8, "seconds": 102.04161012498662}], "statistics": {"Loss/scores/fake": -3.369483470916748, "Loss/signs/fake": -1.0, "Loss/G/loss": 3.3602182865142822, "Loss/pl_penalty": 0.2944386536255479, "Loss/G/reg": 0.5888773072510958, "Loss/scores/real": 1.2920091599225998, "Loss/signs/real": 0.0, "Loss/D/loss": 1.987088069319725, "Loss/r1_penalty": 0.1495167352259159, "Loss/D/reg": 0.07475836761295795}}
{
  "passed": true,
  "preflight_free_percent": 22,
  "device": "mps",
  "batch": 32,
  "microbatch": 4,
  "pl_batch_shrink": 2,
  "updates": 1,
  "optimizer_steps": 4,
  "heavy_regularized_update_seconds": 159.64994695794303,
  "total_wall_seconds_including_setup_snapshots_checkpoint": 169.61485333298333,
  "max_observed_current_bytes": 988329728,
  "max_observed_driver_bytes": 4818665472,
  "process_peak_rss_before_checkpoint_reload_bytes": 1101807616,
  "process_peak_rss_including_checkpoint_reload_bytes": 1187332096,
  "memory_caveat": "allocator samples after each backward/step/snapshot, not true instantaneous peaks",
  "checkpoint_reload_validated": true,
  "checkpoint_bytes": 685989929,
  "snapshot_count": 6,
  "snapshots_validated": true,
  "trainer_sha256": "c639223e8ceb05c2cc57651c63d16f0ee82009d8b6fc0acd92f0c18db4e9ccdf"
}
