/Users/twixes/Developer/thispriestdoesnotexist/research/.venv/lib/python3.11/site-packages/torch/functional.py:504: UserWarning: torch.meshgrid: in an upcoming release, it will be required to pass the indexing argument. (Triggered internally at /Users/runner/work/pytorch/pytorch/aten/src/ATen/native/TensorShape.cpp:4223.)
  return _VF.meshgrid(tensors, **kwargs)  # type: ignore[attr-defined]
/Users/twixes/Developer/thispriestdoesnotexist/research/.venv/lib/python3.11/site-packages/torch/nn/functional.py:5849: UserWarning: MPS: The constant padding of more than 3 dimensions is not currently supported natively. It uses View Ops default implementation to run. This may have performance implications. (Triggered internally at /Users/runner/work/pytorch/pytorch/aten/src/ATen/native/mps/operations/Pad.mm:567.)
  return torch._C._nn.pad(input, pad, mode, value)
{"step": 10, "kimg": 0.08, "seconds": 13.546753291040659, "g_loss": 3.0083677768707275, "d_loss": 0.3099241256713867, "r1": 0.0, "augment_p": 0.5, "real_sign_mean": 1.0, "real_logit_mean": 2.7100234031677246, "fake_logit_mean": -1.8706037998199463}
{"step": 20, "kimg": 0.16, "seconds": 36.34893900004681, "g_loss": 2.6416220664978027, "d_loss": 0.2580973505973816, "r1": 0.0, "augment_p": 0.50096, "real_sign_mean": 1.0, "real_logit_mean": 4.565912246704102, "fake_logit_mean": -1.9187555313110352}
{"step": 30, "kimg": 0.24, "seconds": 49.85449833306484, "g_loss": 1.9353890419006348, "d_loss": 0.26941150426864624, "r1": 0.0, "augment_p": 0.5015999999999999, "real_sign_mean": 1.0, "real_logit_mean": 5.672929286956787, "fake_logit_mean": -1.9080873727798462}
{"step": 40, "kimg": 0.32, "seconds": 72.72472991596442, "g_loss": 1.8138786554336548, "d_loss": 0.179367333650589, "r1": 0.0, "augment_p": 0.5025599999999999, "real_sign_mean": 1.0, "real_logit_mean": 5.285140037536621, "fake_logit_mean": -2.6337902545928955}
{"step": 50, "kimg": 0.4, "seconds": 95.56693683296908, "g_loss": 3.782437562942505, "d_loss": 0.05190487205982208, "r1": 0.0, "augment_p": 0.5031999999999999, "real_sign_mean": 1.0, "real_logit_mean": 4.642197608947754, "fake_logit_mean": -4.039913654327393}
{"step": 60, "kimg": 0.48, "seconds": 109.70232516597025, "g_loss": 2.427532196044922, "d_loss": 0.3772536814212799, "r1": 0.0, "augment_p": 0.5041599999999998, "real_sign_mean": 1.0, "real_logit_mean": 4.035594940185547, "fake_logit_mean": -0.9747104048728943}
{"step": 70, "kimg": 0.56, "seconds": 137.34955541603267, "g_loss": 5.1459736824035645, "d_loss": 0.3847183287143707, "r1": 0.0, "augment_p": 0.5047999999999998, "real_sign_mean": 0.5, "real_logit_mean": 2.4198994636535645, "fake_logit_mean": -4.708798408508301}
{"step": 80, "kimg": 0.64, "seconds": 165.31820858304854, "g_loss": 4.652467727661133, "d_loss": 1.9021989107131958, "r1": 0.11682074517011642, "augment_p": 0.5057599999999998, "real_sign_mean": 1.0, "real_logit_mean": 4.842258930206299, "fake_logit_mean": -4.457921028137207}
{"step": 90, "kimg": 0.72, "seconds": 183.58363720797934, "g_loss": 4.01617956161499, "d_loss": 0.14452168345451355, "r1": 0.0, "augment_p": 0.5063999999999997, "real_sign_mean": 1.0, "real_logit_mean": 3.606332540512085, "fake_logit_mean": -3.877014636993408}
{"step": 100, "kimg": 0.8, "seconds": 212.24923495796975, "g_loss": 2.2440364360809326, "d_loss": 0.3970155119895935, "r1": 0.0, "augment_p": 0.5073599999999997, "real_sign_mean": 0.75, "real_logit_mean": 2.902306318283081, "fake_logit_mean": -2.625788688659668}
{"step": 110, "kimg": 0.88, "seconds": 230.37160220800433, "g_loss": 3.6005945205688477, "d_loss": 0.2731364369392395, "r1": 0.0, "augment_p": 0.5079999999999997, "real_sign_mean": 1.0, "real_logit_mean": 3.2891101837158203, "fake_logit_mean": -3.1024341583251953}
{"step": 120, "kimg": 0.96, "seconds": 261.0288949999958, "g_loss": 3.3613486289978027, "d_loss": 0.12051083147525787, "r1": 0.0, "augment_p": 0.5089599999999996, "real_sign_mean": 1.0, "real_logit_mean": 4.49949836730957, "fake_logit_mean": -3.6474127769470215}
{"step": 130, "kimg": 1.04, "seconds": 292.06942266598344, "g_loss": 0.4446395933628082, "d_loss": 1.1759454011917114, "r1": 0.0, "augment_p": 0.5095999999999996, "real_sign_mean": 1.0, "real_logit_mean": 5.035219669342041, "fake_logit_mean": 0.6538299322128296}
{"step": 140, "kimg": 1.12, "seconds": 312.0280727080535, "g_loss": 3.4419283866882324, "d_loss": 0.3401934504508972, "r1": 0.0, "augment_p": 0.5099199999999996, "real_sign_mean": 0.75, "real_logit_mean": 3.44545578956604, "fake_logit_mean": -2.9142000675201416}
{"step": 150, "kimg": 1.2, "seconds": 345.094838415971, "g_loss": 3.701066017150879, "d_loss": 0.16155384480953217, "r1": 0.0, "augment_p": 0.5105599999999996, "real_sign_mean": 1.0, "real_logit_mean": 4.231918811798096, "fake_logit_mean": -2.784485340118408}
{"step": 160, "kimg": 1.28, "seconds": 375.382614666014, "g_loss": 3.916996717453003, "d_loss": 2.1405556201934814, "r1": 0.12367270886898041, "augment_p": 0.5115199999999995, "real_sign_mean": 1.0, "real_logit_mean": 4.900781631469727, "fake_logit_mean": -2.8537845611572266}
{"step": 170, "kimg": 1.36, "seconds": 393.39242733304854, "g_loss": 5.507080078125, "d_loss": 0.1728435605764389, "r1": 0.0, "augment_p": 0.5121599999999995, "real_sign_mean": 1.0, "real_logit_mean": 2.890983819961548, "fake_logit_mean": -4.8604254722595215}
{"step": 180, "kimg": 1.44, "seconds": 423.0671289160382, "g_loss": 4.613182067871094, "d_loss": 0.20387884974479675, "r1": 0.0, "augment_p": 0.5131199999999995, "real_sign_mean": 1.0, "real_logit_mean": 2.898832082748413, "fake_logit_mean": -4.007068157196045}
{"step": 190, "kimg": 1.52, "seconds": 441.9596968750702, "g_loss": 5.1516265869140625, "d_loss": 0.8985265493392944, "r1": 0.0, "augment_p": 0.5137599999999994, "real_sign_mean": 0.0, "real_logit_mean": 0.03741513192653656, "fake_logit_mean": -4.9281744956970215}
{"step": 200, "kimg": 1.6, "seconds": 471.682256583008, "g_loss": 2.807752847671509, "d_loss": 0.16413182020187378, "r1": 0.0, "augment_p": 0.5147199999999994, "real_sign_mean": 1.0, "real_logit_mean": 3.583852767944336, "fake_logit_mean": -2.831732749938965}
{"step": 210, "kimg": 1.68, "seconds": 501.77152179100085, "g_loss": 3.4097163677215576, "d_loss": 0.17708748579025269, "r1": 0.0, "augment_p": 0.5153599999999994, "real_sign_mean": 1.0, "real_logit_mean": 2.80576229095459, "fake_logit_mean": -3.5079345703125}
{"step": 220, "kimg": 1.76, "seconds": 520.5384384159697, "g_loss": 4.5364861488342285, "d_loss": 0.20182719826698303, "r1": 0.0, "augment_p": 0.5163199999999993, "real_sign_mean": 1.0, "real_logit_mean": 3.492119073867798, "fake_logit_mean": -3.798086404800415}
{"step": 230, "kimg": 1.84, "seconds": 550.6651773330523, "g_loss": 4.01514196395874, "d_loss": 0.24489913880825043, "r1": 0.0, "augment_p": 0.5169599999999993, "real_sign_mean": 1.0, "real_logit_mean": 2.3505117893218994, "fake_logit_mean": -3.3753862380981445}
{"step": 240, "kimg": 1.92, "seconds": 580.5700925410492, "g_loss": 3.9913880825042725, "d_loss": 4.312977313995361, "r1": 0.25374311208724976, "augment_p": 0.5179199999999993, "real_sign_mean": 0.75, "real_logit_mean": 3.336885452270508, "fake_logit_mean": -3.0775985717773438}
{"step": 250, "kimg": 2.0, "seconds": 599.3705187500454, "g_loss": 3.579892635345459, "d_loss": 0.17449146509170532, "r1": 0.0, "augment_p": 0.5185599999999992, "real_sign_mean": 1.0, "real_logit_mean": 2.938318967819214, "fake_logit_mean": -4.119101047515869}
{"step": 260, "kimg": 2.08, "seconds": 632.1054737910163, "g_loss": 3.1207821369171143, "d_loss": 0.1557198464870453, "r1": 0.0, "augment_p": 0.5195199999999992, "real_sign_mean": 1.0, "real_logit_mean": 3.1517019271850586, "fake_logit_mean": -3.0125913619995117}
{"step": 270, "kimg": 2.16, "seconds": 650.8351126250345, "g_loss": 1.0099513530731201, "d_loss": 0.5568075776100159, "r1": 0.0, "augment_p": 0.5201599999999992, "real_sign_mean": 1.0, "real_logit_mean": 4.269479751586914, "fake_logit_mean": -0.7190214395523071}
{"step": 280, "kimg": 2.24, "seconds": 680.3172494160244, "g_loss": 3.612921953201294, "d_loss": 0.17502015829086304, "r1": 0.0, "augment_p": 0.5211199999999991, "real_sign_mean": 1.0, "real_logit_mean": 3.1085305213928223, "fake_logit_mean": -2.9498836994171143}
{"step": 290, "kimg": 2.32, "seconds": 709.0112054160563, "g_loss": 2.294917345046997, "d_loss": 0.5101718306541443, "r1": 0.0, "augment_p": 0.5217599999999991, "real_sign_mean": 1.0, "real_logit_mean": 3.577359199523926, "fake_logit_mean": -0.9699122905731201}
{"step": 300, "kimg": 2.4, "seconds": 727.054654165986, "g_loss": 3.2741079330444336, "d_loss": 0.14450611174106598, "r1": 0.0, "augment_p": 0.5227199999999991, "real_sign_mean": 1.0, "real_logit_mean": 2.9212210178375244, "fake_logit_mean": -4.752706527709961}
{"step": 310, "kimg": 2.48, "seconds": 755.953273165971, "g_loss": 4.282198429107666, "d_loss": 0.3249674439430237, "r1": 0.0, "augment_p": 0.523359999999999, "real_sign_mean": 1.0, "real_logit_mean": 3.427517890930176, "fake_logit_mean": -2.4841103553771973}
{"step": 320, "kimg": 2.56, "seconds": 784.5565229160711, "g_loss": 3.7771177291870117, "d_loss": 4.675835132598877, "r1": 0.2872013747692108, "augment_p": 0.524319999999999, "real_sign_mean": 1.0, "real_logit_mean": 3.366682767868042, "fake_logit_mean": -4.039957046508789}
{"step": 330, "kimg": 2.64, "seconds": 802.5392417080002, "g_loss": 2.261286497116089, "d_loss": 0.23955917358398438, "r1": 0.0, "augment_p": 0.524959999999999, "real_sign_mean": 1.0, "real_logit_mean": 3.4547715187072754, "fake_logit_mean": -2.059156656265259}
{"step": 340, "kimg": 2.72, "seconds": 831.2103668330237, "g_loss": 2.2984201908111572, "d_loss": 0.3950524926185608, "r1": 0.0, "augment_p": 0.5259199999999989, "real_sign_mean": 0.75, "real_logit_mean": 1.5914530754089355, "fake_logit_mean": -2.776437282562256}
{"step": 350, "kimg": 2.8, "seconds": 849.2642898750491, "g_loss": 1.9174169301986694, "d_loss": 0.23435693979263306, "r1": 0.0, "augment_p": 0.5265599999999989, "real_sign_mean": 1.0, "real_logit_mean": 2.78387713432312, "fake_logit_mean": -1.9963003396987915}
{"step": 360, "kimg": 2.88, "seconds": 877.995359124965, "g_loss": 2.3891665935516357, "d_loss": 0.5239349007606506, "r1": 0.0, "augment_p": 0.5275199999999989, "real_sign_mean": 1.0, "real_logit_mean": 2.9501378536224365, "fake_logit_mean": -0.62435382604599}
{"step": 370, "kimg": 2.96, "seconds": 906.5911226250464, "g_loss": 2.6573383808135986, "d_loss": 0.30044975876808167, "r1": 0.0, "augment_p": 0.5281599999999989, "real_sign_mean": 1.0, "real_logit_mean": 1.7051531076431274, "fake_logit_mean": -2.8421432971954346}
{"step": 380, "kimg": 3.04, "seconds": 924.4566519580549, "g_loss": 0.17382760345935822, "d_loss": 1.3416903018951416, "r1": 0.0, "augment_p": 0.5284799999999988, "real_sign_mean": 1.0, "real_logit_mean": 4.8909149169921875, "fake_logit_mean": 0.9664278626441956}
{"step": 390, "kimg": 3.12, "seconds": 953.070764666074, "g_loss": 1.8755102157592773, "d_loss": 0.3514338731765747, "r1": 0.0, "augment_p": 0.5291199999999988, "real_sign_mean": 1.0, "real_logit_mean": 3.382925033569336, "fake_logit_mean": -1.281065821647644}
{"step": 400, "kimg": 3.2, "seconds": 981.649630791042, "g_loss": 3.5478146076202393, "d_loss": 4.12666130065918, "r1": 0.24801871180534363, "augment_p": 0.5300799999999988, "real_sign_mean": 1.0, "real_logit_mean": 2.5433576107025146, "fake_logit_mean": -2.9063239097595215}
{"step": 410, "kimg": 3.28, "seconds": 999.5259142080322, "g_loss": 1.8642386198043823, "d_loss": 0.4168355464935303, "r1": 0.0, "augment_p": 0.5307199999999987, "real_sign_mean": 1.0, "real_logit_mean": 3.686829090118408, "fake_logit_mean": -0.8674646615982056}
{"step": 420, "kimg": 3.36, "seconds": 1028.0919997079764, "g_loss": 1.8593695163726807, "d_loss": 0.3241237998008728, "r1": 0.0, "augment_p": 0.5316799999999987, "real_sign_mean": 1.0, "real_logit_mean": 2.347170829772949, "fake_logit_mean": -1.52909255027771}
{"step": 430, "kimg": 3.44, "seconds": 1046.0806926250225, "g_loss": 2.7939088344573975, "d_loss": 0.16609658300876617, "r1": 0.0, "augment_p": 0.5323199999999987, "real_sign_mean": 1.0, "real_logit_mean": 2.327975034713745, "fake_logit_mean": -3.421745777130127}
{"step": 440, "kimg": 3.52, "seconds": 1074.9307219580514, "g_loss": 2.5560150146484375, "d_loss": 0.14178240299224854, "r1": 0.0, "augment_p": 0.5332799999999986, "real_sign_mean": 1.0, "real_logit_mean": 3.3438212871551514, "fake_logit_mean": -2.5474319458007812}
{"step": 450, "kimg": 3.6, "seconds": 1103.483321833075, "g_loss": 2.9318995475769043, "d_loss": 0.40676945447921753, "r1": 0.0, "augment_p": 0.5339199999999986, "real_sign_mean": 1.0, "real_logit_mean": 1.7436435222625732, "fake_logit_mean": -1.6010475158691406}
{"step": 460, "kimg": 3.68, "seconds": 1119.3906702500535, "g_loss": 1.9187207221984863, "d_loss": 0.4842725992202759, "r1": 0.0, "augment_p": 0.5348799999999986, "real_sign_mean": 1.0, "real_logit_mean": 2.995183229446411, "fake_logit_mean": -1.0534619092941284}
{"step": 470, "kimg": 3.76, "seconds": 1146.8929402909707, "g_loss": 2.2889404296875, "d_loss": 0.2729664444923401, "r1": 0.0, "augment_p": 0.5355199999999986, "real_sign_mean": 1.0, "real_logit_mean": 2.0439293384552, "fake_logit_mean": -2.099184513092041}
{"step": 480, "kimg": 3.84, "seconds": 1172.8464184160111, "g_loss": 1.7599157094955444, "d_loss": 3.530303716659546, "r1": 0.2019517719745636, "augment_p": 0.5358399999999985, "real_sign_mean": 1.0, "real_logit_mean": 2.995520830154419, "fake_logit_mean": -1.3960597515106201}
{"step": 490, "kimg": 3.92, "seconds": 1188.8281385829905, "g_loss": 2.903041124343872, "d_loss": 0.2775871753692627, "r1": 0.0, "augment_p": 0.5364799999999985, "real_sign_mean": 1.0, "real_logit_mean": 1.6639959812164307, "fake_logit_mean": -2.8132755756378174}
{"step": 500, "kimg": 4.0, "seconds": 1216.0338544159895, "g_loss": 1.155517339706421, "d_loss": 0.6459212303161621, "r1": 0.0, "augment_p": 0.5374399999999985, "real_sign_mean": 1.0, "real_logit_mean": 3.657623767852783, "fake_logit_mean": -0.22627755999565125}
{"step": 510, "kimg": 4.08, "seconds": 1236.622148500057, "g_loss": 1.5031628608703613, "d_loss": 0.525316059589386, "r1": 0.0, "augment_p": 0.5380799999999984, "real_sign_mean": 1.0, "real_logit_mean": 1.688726544380188, "fake_logit_mean": -1.0667551755905151}
{"step": 520, "kimg": 4.16, "seconds": 1263.6320066250628, "g_loss": 2.55538010597229, "d_loss": 0.4983835220336914, "r1": 0.0, "augment_p": 0.5390399999999984, "real_sign_mean": 0.5, "real_logit_mean": 1.247274398803711, "fake_logit_mean": -2.9884955883026123}
{"step": 530, "kimg": 4.24, "seconds": 1289.8599672500277, "g_loss": 2.581538438796997, "d_loss": 0.688319206237793, "r1": 0.0, "augment_p": 0.5396799999999984, "real_sign_mean": 1.0, "real_logit_mean": 0.5383307933807373, "fake_logit_mean": -1.9005365371704102}
{"step": 540, "kimg": 4.32, "seconds": 1305.7769264579983, "g_loss": 3.49758243560791, "d_loss": 0.1915457844734192, "r1": 0.0, "augment_p": 0.5406399999999983, "real_sign_mean": 1.0, "real_logit_mean": 2.510329484939575, "fake_logit_mean": -2.7762415409088135}
{"step": 550, "kimg": 4.4, "seconds": 1334.151234833058, "g_loss": 0.9238718152046204, "d_loss": 0.9274493455886841, "r1": 0.0, "augment_p": 0.5412799999999983, "real_sign_mean": 1.0, "real_logit_mean": 2.6703546047210693, "fake_logit_mean": 0.0284641832113266}
{"step": 560, "kimg": 4.48, "seconds": 1362.419551583007, "g_loss": 2.059734344482422, "d_loss": 2.5078506469726562, "r1": 0.14030395448207855, "augment_p": 0.5422399999999983, "real_sign_mean": 1.0, "real_logit_mean": 3.3365285396575928, "fake_logit_mean": -1.4905009269714355}
{"step": 570, "kimg": 4.56, "seconds": 1380.12531045801, "g_loss": 2.0510635375976562, "d_loss": 0.35629063844680786, "r1": 0.0, "augment_p": 0.5422399999999983, "real_sign_mean": 1.0, "real_logit_mean": 1.5154922008514404, "fake_logit_mean": -2.3137662410736084}
{"step": 580, "kimg": 4.64, "seconds": 1408.4585465410491, "g_loss": 2.2076807022094727, "d_loss": 0.22429722547531128, "r1": 0.0, "augment_p": 0.5431999999999982, "real_sign_mean": 1.0, "real_logit_mean": 2.2794833183288574, "fake_logit_mean": -2.3971071243286133}
{"step": 590, "kimg": 4.72, "seconds": 1426.1868730830029, "g_loss": 0.9534180760383606, "d_loss": 0.7407144904136658, "r1": 0.0, "augment_p": 0.5438399999999982, "real_sign_mean": 1.0, "real_logit_mean": 3.8130338191986084, "fake_logit_mean": -0.036551475524902344}
{"step": 600, "kimg": 4.8, "seconds": 1454.8837968750158, "g_loss": 1.3272985219955444, "d_loss": 0.3329501450061798, "r1": 0.0, "augment_p": 0.5447999999999982, "real_sign_mean": 1.0, "real_logit_mean": 1.4950275421142578, "fake_logit_mean": -2.499023675918579}
{"step": 610, "kimg": 4.88, "seconds": 1483.3885754160583, "g_loss": 0.5398476123809814, "d_loss": 0.5743162631988525, "r1": 0.0, "augment_p": 0.5454399999999981, "real_sign_mean": 1.0, "real_logit_mean": 2.759826421737671, "fake_logit_mean": -0.6069520711898804}
{"step": 620, "kimg": 4.96, "seconds": 1501.0137547500199, "g_loss": 2.272946834564209, "d_loss": 0.18904736638069153, "r1": 0.0, "augment_p": 0.5463999999999981, "real_sign_mean": 1.0, "real_logit_mean": 2.391019821166992, "fake_logit_mean": -2.7054295539855957}
{"step": 630, "kimg": 5.04, "seconds": 1530.1919094580226, "g_loss": 2.2153990268707275, "d_loss": 0.3610159754753113, "r1": 0.0, "augment_p": 0.5470399999999981, "real_sign_mean": 1.0, "real_logit_mean": 1.8023802042007446, "fake_logit_mean": -1.8972193002700806}
{"step": 640, "kimg": 5.12, "seconds": 1559.8778520410415, "g_loss": 2.24310302734375, "d_loss": 4.16033411026001, "r1": 0.23478823900222778, "augment_p": 0.5473599999999981, "real_sign_mean": 1.0, "real_logit_mean": 2.4657745361328125, "fake_logit_mean": -1.246044397354126}
{"step": 650, "kimg": 5.2, "seconds": 1578.992704375065, "g_loss": 2.6825733184814453, "d_loss": 0.26425057649612427, "r1": 0.0, "augment_p": 0.547999999999998, "real_sign_mean": 1.0, "real_logit_mean": 1.9421238899230957, "fake_logit_mean": -2.2115817070007324}
{"step": 660, "kimg": 5.28, "seconds": 1609.2652254999848, "g_loss": 1.340516448020935, "d_loss": 0.252786785364151, "r1": 0.0, "augment_p": 0.548319999999998, "real_sign_mean": 1.0, "real_logit_mean": 2.286080837249756, "fake_logit_mean": -2.311849594116211}
{"step": 670, "kimg": 5.36, "seconds": 1628.2338723330759, "g_loss": 1.921136736869812, "d_loss": 0.42661067843437195, "r1": 0.0, "augment_p": 0.548959999999998, "real_sign_mean": 1.0, "real_logit_mean": 0.9634711146354675, "fake_logit_mean": -3.0881335735321045}
{"step": 680, "kimg": 5.44, "seconds": 1671.1283074159874, "g_loss": 2.6065096855163574, "d_loss": 0.1580144464969635, "r1": 0.0, "augment_p": 0.549919999999998, "real_sign_mean": 1.0, "real_logit_mean": 3.2345962524414062, "fake_logit_mean": -2.3186416625976562}
{"step": 690, "kimg": 5.52, "seconds": 1715.1236298329895, "g_loss": 2.1582436561584473, "d_loss": 0.7426148056983948, "r1": 0.0, "augment_p": 0.5505599999999979, "real_sign_mean": 0.5, "real_logit_mean": 0.215198814868927, "fake_logit_mean": -2.431832790374756}
{"step": 700, "kimg": 5.6, "seconds": 1748.340653458028, "g_loss": 2.1031293869018555, "d_loss": 0.2658242881298065, "r1": 0.0, "augment_p": 0.5515199999999979, "real_sign_mean": 1.0, "real_logit_mean": 2.2477214336395264, "fake_logit_mean": -2.2438626289367676}
{"step": 710, "kimg": 5.68, "seconds": 1790.4871218750486, "g_loss": 1.7047746181488037, "d_loss": 0.6279557943344116, "r1": 0.0, "augment_p": 0.5521599999999979, "real_sign_mean": 1.0, "real_logit_mean": 2.9289517402648926, "fake_logit_mean": -0.4003411531448364}
{"step": 720, "kimg": 5.76, "seconds": 1837.1053248749813, "g_loss": 3.1696512699127197, "d_loss": 4.6359734535217285, "r1": 0.28139108419418335, "augment_p": 0.5531199999999978, "real_sign_mean": 1.0, "real_logit_mean": 2.676180362701416, "fake_logit_mean": -3.083984613418579}
{"step": 730, "kimg": 5.84, "seconds": 1863.5719601659803, "g_loss": 2.550764560699463, "d_loss": 0.1274411678314209, "r1": 0.0, "augment_p": 0.5537599999999978, "real_sign_mean": 1.0, "real_logit_mean": 2.5160093307495117, "fake_logit_mean": -3.2812767028808594}
{"step": 740, "kimg": 5.92, "seconds": 1906.8174888329813, "g_loss": 2.807001829147339, "d_loss": 1.0788248777389526, "r1": 0.0, "augment_p": 0.5547199999999978, "real_sign_mean": -0.5, "real_logit_mean": -0.22227901220321655, "fake_logit_mean": -2.127239942550659}
{"step": 750, "kimg": 6.0, "seconds": 1930.760912082973, "g_loss": 2.469759702682495, "d_loss": 0.269832581281662, "r1": 0.0, "augment_p": 0.5553599999999977, "real_sign_mean": 1.0, "real_logit_mean": 2.0731329917907715, "fake_logit_mean": -2.4143588542938232}
{"step": 760, "kimg": 6.08, "seconds": 1976.1203958750702, "g_loss": 1.9690892696380615, "d_loss": 0.3581942319869995, "r1": 0.0, "augment_p": 0.5563199999999977, "real_sign_mean": 1.0, "real_logit_mean": 1.5917863845825195, "fake_logit_mean": -2.392733097076416}
{"step": 770, "kimg": 6.16, "seconds": 2020.5189222500194, "g_loss": 3.141340970993042, "d_loss": 0.2889692187309265, "r1": 0.0, "augment_p": 0.5569599999999977, "real_sign_mean": 1.0, "real_logit_mean": 1.881730318069458, "fake_logit_mean": -2.4726028442382812}
{"step": 780, "kimg": 6.24, "seconds": 2046.425105625065, "g_loss": 2.699643611907959, "d_loss": 0.4700990617275238, "r1": 0.0, "augment_p": 0.5579199999999976, "real_sign_mean": 0.75, "real_logit_mean": 1.329711675643921, "fake_logit_mean": -2.216076135635376}
{"step": 790, "kimg": 6.32, "seconds": 2092.8591425410705, "g_loss": 3.1579880714416504, "d_loss": 0.21208934485912323, "r1": 0.0, "augment_p": 0.5585599999999976, "real_sign_mean": 1.0, "real_logit_mean": 2.230742931365967, "fake_logit_mean": -2.694521903991699}
{"step": 800, "kimg": 6.4, "seconds": 2129.078212207998, "g_loss": 1.8559143543243408, "d_loss": 4.84345817565918, "r1": 0.27752819657325745, "augment_p": 0.5595199999999976, "real_sign_mean": 1.0, "real_logit_mean": 3.4185473918914795, "fake_logit_mean": -0.8927926421165466}
{"step": 810, "kimg": 6.48, "seconds": 2158.5008838750655, "g_loss": 1.4307832717895508, "d_loss": 0.39023318886756897, "r1": 0.0, "augment_p": 0.5595199999999976, "real_sign_mean": 1.0, "real_logit_mean": 1.7300333976745605, "fake_logit_mean": -1.7780532836914062}
{"step": 820, "kimg": 6.56, "seconds": 2197.043635833077, "g_loss": 2.012756586074829, "d_loss": 0.38929325342178345, "r1": 0.0, "augment_p": 0.5604799999999975, "real_sign_mean": 1.0, "real_logit_mean": 1.7146443128585815, "fake_logit_mean": -1.7949470281600952}
{"step": 830, "kimg": 6.64, "seconds": 2228.653439415968, "g_loss": 2.6098837852478027, "d_loss": 0.09803388267755508, "r1": 0.0, "augment_p": 0.5611199999999975, "real_sign_mean": 1.0, "real_logit_mean": 3.4252445697784424, "fake_logit_mean": -2.9800665378570557}
{"step": 840, "kimg": 6.72, "seconds": 2272.034692040994, "g_loss": 2.310717821121216, "d_loss": 0.32771560549736023, "r1": 0.0, "augment_p": 0.5620799999999975, "real_sign_mean": 1.0, "real_logit_mean": 1.980776309967041, "fake_logit_mean": -1.923779845237732}
{"step": 850, "kimg": 6.8, "seconds": 2316.6302637499757, "g_loss": 1.6989550590515137, "d_loss": 0.5449106693267822, "r1": 0.0, "augment_p": 0.5627199999999974, "real_sign_mean": 1.0, "real_logit_mean": 1.7996916770935059, "fake_logit_mean": -0.9672302603721619}
{"step": 860, "kimg": 6.88, "seconds": 2348.6775972499745, "g_loss": 1.1206223964691162, "d_loss": 0.4273066222667694, "r1": 0.0, "augment_p": 0.5636799999999974, "real_sign_mean": 1.0, "real_logit_mean": 2.3746490478515625, "fake_logit_mean": -1.0103744268417358}
{"step": 870, "kimg": 6.96, "seconds": 2386.2725806250237, "g_loss": 2.2537500858306885, "d_loss": 0.33815914392471313, "r1": 0.0, "augment_p": 0.5643199999999974, "real_sign_mean": 1.0, "real_logit_mean": 2.015367031097412, "fake_logit_mean": -1.6695613861083984}
{"step": 880, "kimg": 7.04, "seconds": 2429.8453241250245, "g_loss": 2.5456838607788086, "d_loss": 3.231128215789795, "r1": 0.1929757297039032, "augment_p": 0.5652799999999973, "real_sign_mean": 1.0, "real_logit_mean": 2.361722469329834, "fake_logit_mean": -3.3172154426574707}
{"step": 890, "kimg": 7.12, "seconds": 2454.65944399999, "g_loss": 2.6140222549438477, "d_loss": 0.15214772522449493, "r1": 0.0, "augment_p": 0.5659199999999973, "real_sign_mean": 1.0, "real_logit_mean": 2.716625213623047, "fake_logit_mean": -2.566345691680908}
{"step": 900, "kimg": 7.2, "seconds": 2500.9298785000574, "g_loss": 2.509490728378296, "d_loss": 0.8969519734382629, "r1": 0.0, "augment_p": 0.5662399999999973, "real_sign_mean": -0.25, "real_logit_mean": -0.08370110392570496, "fake_logit_mean": -2.5394694805145264}
{"step": 910, "kimg": 7.28, "seconds": 2520.143114416045, "g_loss": 2.997683048248291, "d_loss": 0.5982084274291992, "r1": 0.0, "augment_p": 0.5668799999999973, "real_sign_mean": 0.25, "real_logit_mean": 0.631881594657898, "fake_logit_mean": -2.5552713871002197}
{"step": 920, "kimg": 7.36, "seconds": 2555.7645777909784, "g_loss": 2.347090482711792, "d_loss": 0.4096928834915161, "r1": 0.0, "augment_p": 0.5678399999999972, "real_sign_mean": 1.0, "real_logit_mean": 2.824448823928833, "fake_logit_mean": -1.0319435596466064}
{"step": 930, "kimg": 7.44, "seconds": 2587.9180452500004, "g_loss": 2.5766220092773438, "d_loss": 0.7317802309989929, "r1": 0.0, "augment_p": 0.5684799999999972, "real_sign_mean": 0.0, "real_logit_mean": 0.0667489767074585, "fake_logit_mean": -3.0086710453033447}
{"step": 940, "kimg": 7.52, "seconds": 2607.870597457979, "g_loss": 1.9817026853561401, "d_loss": 0.1939733922481537, "r1": 0.0, "augment_p": 0.5694399999999972, "real_sign_mean": 1.0, "real_logit_mean": 2.8227877616882324, "fake_logit_mean": -2.0722804069519043}
{"step": 950, "kimg": 7.6, "seconds": 2640.167451458052, "g_loss": 0.7746834754943848, "d_loss": 0.6142566800117493, "r1": 0.0, "augment_p": 0.5700799999999971, "real_sign_mean": 1.0, "real_logit_mean": 3.7080373764038086, "fake_logit_mean": -0.317058265209198}
{"step": 960, "kimg": 7.68, "seconds": 2672.681575500057, "g_loss": 3.544773578643799, "d_loss": 4.382105827331543, "r1": 0.24665792286396027, "augment_p": 0.5710399999999971, "real_sign_mean": 0.75, "real_logit_mean": 0.8116806745529175, "fake_logit_mean": -3.570748805999756}
{"step": 970, "kimg": 7.76, "seconds": 2696.058877666015, "g_loss": 2.397012233734131, "d_loss": 0.5357831716537476, "r1": 0.0, "augment_p": 0.5716799999999971, "real_sign_mean": 1.0, "real_logit_mean": 0.8315690159797668, "fake_logit_mean": -1.9141995906829834}
{"step": 980, "kimg": 7.84, "seconds": 2729.4209555409616, "g_loss": 1.4853522777557373, "d_loss": 0.44990456104278564, "r1": 0.0, "augment_p": 0.572639999999997, "real_sign_mean": 1.0, "real_logit_mean": 2.207834005355835, "fake_logit_mean": -1.0821460485458374}
{"step": 990, "kimg": 7.92, "seconds": 2757.9290248750476, "g_loss": 2.1942265033721924, "d_loss": 0.14965415000915527, "r1": 0.0, "augment_p": 0.573279999999997, "real_sign_mean": 1.0, "real_logit_mean": 3.399427890777588, "fake_logit_mean": -2.2065181732177734}
{"step": 1000, "kimg": 8.0, "seconds": 2800.482340333052, "g_loss": 1.8592398166656494, "d_loss": 0.25262314081192017, "r1": 0.0, "augment_p": 0.574239999999997, "real_sign_mean": 1.0, "real_logit_mean": 2.1947991847991943, "fake_logit_mean": -2.1214396953582764}
{"step": 1010, "kimg": 8.08, "seconds": 2846.112564458046, "g_loss": 2.787186861038208, "d_loss": 1.011347770690918, "r1": 0.0, "augment_p": 0.574879999999997, "real_sign_mean": -0.5, "real_logit_mean": -0.3142620921134949, "fake_logit_mean": -2.7143473625183105}
{"step": 1020, "kimg": 8.16, "seconds": 2873.666108250036, "g_loss": 0.8725751638412476, "d_loss": 0.3159470558166504, "r1": 0.0, "augment_p": 0.574559999999997, "real_sign_mean": 1.0, "real_logit_mean": 2.63718843460083, "fake_logit_mean": -1.4384829998016357}
{"step": 1030, "kimg": 8.24, "seconds": 2911.2805364159867, "g_loss": 1.7778503894805908, "d_loss": 0.4393330514431, "r1": 0.0, "augment_p": 0.5751999999999969, "real_sign_mean": 1.0, "real_logit_mean": 2.3174631595611572, "fake_logit_mean": -1.087004542350769}
{"step": 1040, "kimg": 8.32, "seconds": 2942.314133750042, "g_loss": 2.7144992351531982, "d_loss": 4.625492095947266, "r1": 0.2694837152957916, "augment_p": 0.5761599999999969, "real_sign_mean": 1.0, "real_logit_mean": 1.7224452495574951, "fake_logit_mean": -2.3044049739837646}
{"step": 1050, "kimg": 8.4, "seconds": 2963.4377018749947, "g_loss": 1.789552927017212, "d_loss": 0.3511428236961365, "r1": 0.0, "augment_p": 0.5761599999999969, "real_sign_mean": 1.0, "real_logit_mean": 2.0678751468658447, "fake_logit_mean": -1.6198630332946777}
