{"pair_ids": ["calibration-original"], "clothing_l1": 0.9891377687454224, "protected_l1": 0.0, "paired_loss": 0.9891377687454224, "fresh_preservation_l1": 0.0, "step": 1, "paired_images_seen": 1, "fresh_images_seen": 1, "seconds": 6.045161416986957}
{"pair_ids": ["calibration-original"], "clothing_l1": 0.9763989448547363, "protected_l1": 0.005438911262899637, "paired_loss": 0.9818378686904907, "fresh_preservation_l1": 0.005381403490900993, "step": 2, "paired_images_seen": 2, "fresh_images_seen": 2, "seconds": 6.018584290985018}
{"pair_ids": ["calibration-original"], "clothing_l1": 0.9692016839981079, "protected_l1": 0.004604333080351353, "paired_loss": 0.9738060235977173, "fresh_preservation_l1": 0.004345864523202181, "step": 3, "paired_images_seen": 3, "fresh_images_seen": 3, "seconds": 5.130454250029288}
{"pair_ids": ["calibration-original"], "clothing_l1": 0.9636967778205872, "protected_l1": 0.0034657877404242754, "paired_loss": 0.967162549495697, "fresh_preservation_l1": 0.002047313144430518, "step": 4, "paired_images_seen": 4, "fresh_images_seen": 4, "seconds": 5.4689472920726985}
{"pair_ids": ["calibration-original"], "clothing_l1": 0.9578767418861389, "protected_l1": 0.0032999629620462656, "paired_loss": 0.9611766934394836, "fresh_preservation_l1": 0.002470132429152727, "step": 5, "paired_images_seen": 5, "fresh_images_seen": 5, "seconds": 5.369175416068174, "checkpoint_verified_frozen_source": true}
{"pair_ids": ["calibration-original"], "clothing_l1": 0.9507104158401489, "protected_l1": 0.0036335394252091646, "paired_loss": 0.9543439745903015, "fresh_preservation_l1": 0.001405001268722117, "step": 6, "paired_images_seen": 6, "fresh_images_seen": 6, "seconds": 5.7040906669572}
{"pair_ids": ["calibration-original"], "clothing_l1": 0.9425030946731567, "protected_l1": 0.003805565880611539, "paired_loss": 0.9463086724281311, "fresh_preservation_l1": 0.004947984125465155, "step": 7, "paired_images_seen": 7, "fresh_images_seen": 7, "seconds": 5.125160499941558}
{"pair_ids": ["calibration-original"], "clothing_l1": 0.9342529773712158, "protected_l1": 0.004773636814206839, "paired_loss": 0.9390265941619873, "fresh_preservation_l1": 0.007494533434510231, "step": 8, "paired_images_seen": 8, "fresh_images_seen": 8, "seconds": 6.131794875022024}
{"pair_ids": ["calibration-original"], "clothing_l1": 0.926564633846283, "protected_l1": 0.005654741078615189, "paired_loss": 0.932219386100769, "fresh_preservation_l1": 0.007077351212501526, "step": 9, "paired_images_seen": 9, "fresh_images_seen": 9, "seconds": 5.454755958053283}
{"pair_ids": ["calibration-original"], "clothing_l1": 0.9195043444633484, "protected_l1": 0.005873087327927351, "paired_loss": 0.9253774285316467, "fresh_preservation_l1": 0.0034396208357065916, "step": 10, "paired_images_seen": 10, "fresh_images_seen": 10, "seconds": 5.795295333024114, "checkpoint_verified_frozen_source": true}
       64.94 real        59.20 user        12.03 sys
          5577064448  maximum resident set size
                   0  average shared memory size
                   0  average unshared data size
                   0  average unshared stack size
             7108954  page reclaims
                   4  page faults
                   0  swaps
                   0  block input operations
                   0  block output operations
                   0  messages sent
                   0  messages received
                   0  signals received
                 871  voluntary context switches
              160841  involuntary context switches
        774914743554  instructions retired
        300099348310  cycles elapsed
          5766436072  peak memory footprint
