/Users/twixes/Developer/thispriestdoesnotexist/research/.venv/lib/python3.11/site-packages/torch/functional.py:504: UserWarning: torch.meshgrid: in an upcoming release, it will be required to pass the indexing argument. (Triggered internally at /Users/runner/work/pytorch/pytorch/aten/src/ATen/native/TensorShape.cpp:4223.)
  return _VF.meshgrid(tensors, **kwargs)  # type: ignore[attr-defined]
/Users/twixes/Developer/thispriestdoesnotexist/research/.venv/lib/python3.11/site-packages/torch/nn/functional.py:5849: UserWarning: MPS: The constant padding of more than 3 dimensions is not currently supported natively. It uses View Ops default implementation to run. This may have performance implications. (Triggered internally at /Users/runner/work/pytorch/pytorch/aten/src/ATen/native/mps/operations/Pad.mm:567.)
  return torch._C._nn.pad(input, pad, mode, value)
/Users/twixes/Developer/thispriestdoesnotexist/research/train.py:129: UserWarning: Converting a tensor with requires_grad=True to a scalar may lead to unexpected behavior.
Consider using tensor.detach() first. (Triggered internally at /Users/runner/work/pytorch/pytorch/torch/csrc/autograd/generated/python_variable_methods.cpp:821.)
  'g_loss':float(loss_g),'d_loss':float(loss_d),'r1':float(r1),'augment_p':float(aug_p)}
{"step": 10, "kimg": 0.08, "seconds": 18.524537791963667, "g_loss": 3.2067317962646484, "d_loss": 0.3896697759628296, "r1": 0.0, "augment_p": 0.5}
{"step": 20, "kimg": 0.16, "seconds": 47.214916249969974, "g_loss": 2.647897720336914, "d_loss": 0.17153941094875336, "r1": 0.0, "augment_p": 0.50096}
{"step": 30, "kimg": 0.24, "seconds": 66.56935579201672, "g_loss": 3.8865766525268555, "d_loss": 0.03984367847442627, "r1": 0.0, "augment_p": 0.5015999999999999}
{"step": 40, "kimg": 0.32, "seconds": 95.54196133301593, "g_loss": 2.276745319366455, "d_loss": 0.06805573403835297, "r1": 0.0, "augment_p": 0.5025599999999999}
{"step": 50, "kimg": 0.4, "seconds": 125.48763170803431, "g_loss": 3.544743061065674, "d_loss": 0.09410367161035538, "r1": 0.0, "augment_p": 0.5031999999999999}
{"step": 60, "kimg": 0.48, "seconds": 149.40731966705061, "g_loss": 4.213488578796387, "d_loss": 0.1839457005262375, "r1": 0.0, "augment_p": 0.5041599999999998}
{"step": 70, "kimg": 0.56, "seconds": 187.72388075001072, "g_loss": 4.508810520172119, "d_loss": 0.22530415654182434, "r1": 0.0, "augment_p": 0.5047999999999998}
{"step": 80, "kimg": 0.64, "seconds": 226.4074632920092, "g_loss": 4.697625637054443, "d_loss": 1.8472720384597778, "r1": 0.11324862390756607, "augment_p": 0.5057599999999998}
{"step": 90, "kimg": 0.72, "seconds": 251.70225912495516, "g_loss": 4.721924781799316, "d_loss": 0.12202581763267517, "r1": 0.0, "augment_p": 0.5063999999999997}
{"step": 100, "kimg": 0.8, "seconds": 281.0954052079469, "g_loss": 4.773260116577148, "d_loss": 0.08993658423423767, "r1": 0.0, "augment_p": 0.5073599999999997}
{"step": 110, "kimg": 0.88, "seconds": 301.9376977919601, "g_loss": 2.7423081398010254, "d_loss": 0.18106891214847565, "r1": 0.0, "augment_p": 0.5079999999999997}
{"step": 120, "kimg": 0.96, "seconds": 333.29771429195534, "g_loss": 4.595871925354004, "d_loss": 0.29582613706588745, "r1": 0.0, "augment_p": 0.5089599999999996}
{"step": 130, "kimg": 1.04, "seconds": 364.9141394579783, "g_loss": 4.355605125427246, "d_loss": 0.1306074857711792, "r1": 0.0, "augment_p": 0.5095999999999996}
{"step": 140, "kimg": 1.12, "seconds": 385.81672420795076, "g_loss": 4.054304599761963, "d_loss": 0.0853477269411087, "r1": 0.0, "augment_p": 0.5105599999999996}
{"step": 150, "kimg": 1.2, "seconds": 414.56924874999095, "g_loss": 5.121400833129883, "d_loss": 0.19087548553943634, "r1": 0.0, "augment_p": 0.5111999999999995}
{"step": 160, "kimg": 1.28, "seconds": 442.60060704196803, "g_loss": 4.767753601074219, "d_loss": 1.4055312871932983, "r1": 0.08472730964422226, "augment_p": 0.5121599999999995}
{"step": 170, "kimg": 1.36, "seconds": 460.5402559170034, "g_loss": 8.760163307189941, "d_loss": 2.5222525596618652, "r1": 0.0, "augment_p": 0.5127999999999995}
{"step": 180, "kimg": 1.44, "seconds": 488.6466045420384, "g_loss": 3.3151047229766846, "d_loss": 0.14440561830997467, "r1": 0.0, "augment_p": 0.5131199999999995}
{"step": 190, "kimg": 1.52, "seconds": 510.1289320420474, "g_loss": 4.292176246643066, "d_loss": 0.3645942807197571, "r1": 0.0, "augment_p": 0.5137599999999994}
{"step": 200, "kimg": 1.6, "seconds": 539.306354374974, "g_loss": 3.3497366905212402, "d_loss": 0.23308271169662476, "r1": 0.0, "augment_p": 0.5147199999999994}
{"step": 210, "kimg": 1.68, "seconds": 567.4273001670372, "g_loss": 3.383714437484741, "d_loss": 0.29936790466308594, "r1": 0.0, "augment_p": 0.5153599999999994}
{"step": 220, "kimg": 1.76, "seconds": 584.3770152080106, "g_loss": 4.5039591789245605, "d_loss": 0.19219213724136353, "r1": 0.0, "augment_p": 0.5163199999999993}
{"step": 230, "kimg": 1.84, "seconds": 612.5583594579948, "g_loss": 2.618034839630127, "d_loss": 0.443905770778656, "r1": 0.0, "augment_p": 0.5169599999999993}
{"step": 240, "kimg": 1.92, "seconds": 641.9659845420392, "g_loss": 4.600764274597168, "d_loss": 2.9462249279022217, "r1": 0.1746675670146942, "augment_p": 0.5179199999999993}
{"step": 250, "kimg": 2.0, "seconds": 659.8527964999666, "g_loss": 3.877749443054199, "d_loss": 0.1743214875459671, "r1": 0.0, "augment_p": 0.5185599999999992}
{"step": 260, "kimg": 2.08, "seconds": 690.4186642499408, "g_loss": 3.3029944896698, "d_loss": 0.19254815578460693, "r1": 0.0, "augment_p": 0.5195199999999992}
{"step": 270, "kimg": 2.16, "seconds": 711.1789902079618, "g_loss": 3.129178285598755, "d_loss": 0.15589815378189087, "r1": 0.0, "augment_p": 0.5201599999999992}
{"step": 280, "kimg": 2.24, "seconds": 740.0434927500319, "g_loss": 4.845890045166016, "d_loss": 0.6890683770179749, "r1": 0.0, "augment_p": 0.5211199999999991}
{"step": 290, "kimg": 2.32, "seconds": 768.1046096669743, "g_loss": 4.19176721572876, "d_loss": 0.22318241000175476, "r1": 0.0, "augment_p": 0.5217599999999991}
{"step": 300, "kimg": 2.4, "seconds": 785.8485943330452, "g_loss": 1.515224814414978, "d_loss": 0.5512743592262268, "r1": 0.0, "augment_p": 0.5227199999999991}
{"step": 310, "kimg": 2.48, "seconds": 816.1570709580556, "g_loss": 4.275722503662109, "d_loss": 0.16801771521568298, "r1": 0.0, "augment_p": 0.523359999999999}
{"step": 320, "kimg": 2.56, "seconds": 848.7782731249463, "g_loss": 1.9716849327087402, "d_loss": 2.931137800216675, "r1": 0.12844236195087433, "augment_p": 0.524319999999999}
{"step": 330, "kimg": 2.64, "seconds": 868.3126272920053, "g_loss": 4.242631912231445, "d_loss": 0.16407841444015503, "r1": 0.0, "augment_p": 0.524319999999999}
{"step": 340, "kimg": 2.72, "seconds": 901.7911295830272, "g_loss": 3.2903969287872314, "d_loss": 0.18332161009311676, "r1": 0.0, "augment_p": 0.525279999999999}
{"step": 350, "kimg": 2.8, "seconds": 923.5439802079927, "g_loss": 2.7133307456970215, "d_loss": 0.18359407782554626, "r1": 0.0, "augment_p": 0.5259199999999989}
{"step": 360, "kimg": 2.88, "seconds": 956.3217919999734, "g_loss": 2.094783067703247, "d_loss": 0.30804353952407837, "r1": 0.0, "augment_p": 0.5268799999999989}
{"step": 370, "kimg": 2.96, "seconds": 990.7480326249497, "g_loss": 0.9667867422103882, "d_loss": 1.11841881275177, "r1": 0.0, "augment_p": 0.5275199999999989}
{"step": 380, "kimg": 3.04, "seconds": 1011.7419812500011, "g_loss": 2.333057403564453, "d_loss": 0.20731911063194275, "r1": 0.0, "augment_p": 0.5284799999999988}
{"step": 390, "kimg": 3.12, "seconds": 1038.670306666987, "g_loss": 3.1410717964172363, "d_loss": 0.13776513934135437, "r1": 0.0, "augment_p": 0.5291199999999988}
{"step": 400, "kimg": 3.2, "seconds": 1064.9866509999847, "g_loss": 6.472802639007568, "d_loss": 4.758637428283691, "r1": 0.2413545697927475, "augment_p": 0.5300799999999988}
{"step": 410, "kimg": 3.28, "seconds": 1081.3407531250268, "g_loss": 2.501739740371704, "d_loss": 0.36035987734794617, "r1": 0.0, "augment_p": 0.5307199999999987}
{"step": 420, "kimg": 3.36, "seconds": 1107.6635288329562, "g_loss": 3.0036234855651855, "d_loss": 0.30460432171821594, "r1": 0.0, "augment_p": 0.5316799999999987}
{"step": 430, "kimg": 3.44, "seconds": 1123.9708209580276, "g_loss": 1.5275945663452148, "d_loss": 0.5205093026161194, "r1": 0.0, "augment_p": 0.5323199999999987}
{"step": 440, "kimg": 3.52, "seconds": 1150.2904575000284, "g_loss": 2.0110068321228027, "d_loss": 0.28504499793052673, "r1": 0.0, "augment_p": 0.5332799999999986}
{"step": 450, "kimg": 3.6, "seconds": 1176.6991517499555, "g_loss": 1.854515552520752, "d_loss": 0.6214809417724609, "r1": 0.0, "augment_p": 0.5339199999999986}
{"step": 460, "kimg": 3.68, "seconds": 1194.4408791669412, "g_loss": 2.701759099960327, "d_loss": 0.4099343419075012, "r1": 0.0, "augment_p": 0.5348799999999986}
{"step": 470, "kimg": 3.76, "seconds": 1221.9277603749651, "g_loss": 3.838817596435547, "d_loss": 0.421701580286026, "r1": 0.0, "augment_p": 0.5355199999999986}
{"step": 480, "kimg": 3.84, "seconds": 1249.420731332968, "g_loss": 2.2907748222351074, "d_loss": 3.2801294326782227, "r1": 0.18032671511173248, "augment_p": 0.5364799999999985}
{"step": 490, "kimg": 3.92, "seconds": 1266.5639087499585, "g_loss": 3.763458728790283, "d_loss": 0.45635101199150085, "r1": 0.0, "augment_p": 0.5371199999999985}
{"step": 500, "kimg": 4.0, "seconds": 1296.555296082981, "g_loss": 1.5914775133132935, "d_loss": 0.2568471133708954, "r1": 0.0, "augment_p": 0.5380799999999984}
{"step": 510, "kimg": 4.08, "seconds": 1318.0998471670318, "g_loss": 1.3408535718917847, "d_loss": 0.5704160928726196, "r1": 0.0, "augment_p": 0.5387199999999984}
{"step": 520, "kimg": 4.16, "seconds": 1348.836887500016, "g_loss": 2.1967830657958984, "d_loss": 0.3137313723564148, "r1": 0.0, "augment_p": 0.5396799999999984}
{"step": 530, "kimg": 4.24, "seconds": 1379.5069571669446, "g_loss": 2.773120403289795, "d_loss": 0.6273428797721863, "r1": 0.0, "augment_p": 0.5403199999999984}
{"step": 540, "kimg": 4.32, "seconds": 1399.3198700000066, "g_loss": 2.6734063625335693, "d_loss": 0.313606858253479, "r1": 0.0, "augment_p": 0.5406399999999983}
{"step": 550, "kimg": 4.4, "seconds": 1429.4618458750192, "g_loss": 2.75050687789917, "d_loss": 0.4611137807369232, "r1": 0.0, "augment_p": 0.5412799999999983}
{"step": 560, "kimg": 4.48, "seconds": 1457.561282541952, "g_loss": 3.2864580154418945, "d_loss": 4.003688335418701, "r1": 0.2329781949520111, "augment_p": 0.5422399999999983}
{"step": 570, "kimg": 4.56, "seconds": 1475.4747197499964, "g_loss": 1.851754903793335, "d_loss": 0.18927252292633057, "r1": 0.0, "augment_p": 0.5428799999999983}
{"step": 580, "kimg": 4.64, "seconds": 1503.5946045420133, "g_loss": 1.33405601978302, "d_loss": 0.38303807377815247, "r1": 0.0, "augment_p": 0.5438399999999982}
{"step": 590, "kimg": 4.72, "seconds": 1521.4292829580372, "g_loss": 2.5867207050323486, "d_loss": 0.2823426425457001, "r1": 0.0, "augment_p": 0.5444799999999982}
{"step": 600, "kimg": 4.8, "seconds": 1549.4215867499588, "g_loss": 2.492628335952759, "d_loss": 0.5348100066184998, "r1": 0.0, "augment_p": 0.5454399999999981}
{"step": 610, "kimg": 4.88, "seconds": 1577.2897853750037, "g_loss": 1.33040452003479, "d_loss": 0.2878720164299011, "r1": 0.0, "augment_p": 0.5454399999999981}
{"step": 620, "kimg": 4.96, "seconds": 1594.8916908330284, "g_loss": 2.0983598232269287, "d_loss": 0.38731712102890015, "r1": 0.0, "augment_p": 0.5463999999999981}
{"step": 630, "kimg": 5.04, "seconds": 1622.6757609170163, "g_loss": 2.915262222290039, "d_loss": 0.3166382908821106, "r1": 0.0, "augment_p": 0.5470399999999981}
{"step": 640, "kimg": 5.12, "seconds": 1650.5124422500376, "g_loss": 2.7458508014678955, "d_loss": 4.266726016998291, "r1": 0.25171101093292236, "augment_p": 0.547999999999998}
{"step": 650, "kimg": 5.2, "seconds": 1668.1622563749552, "g_loss": 2.166032314300537, "d_loss": 0.2843368947505951, "r1": 0.0, "augment_p": 0.548639999999998}
{"step": 660, "kimg": 5.28, "seconds": 1695.987118207966, "g_loss": 1.5768355131149292, "d_loss": 0.23440122604370117, "r1": 0.0, "augment_p": 0.549599999999998}
{"step": 670, "kimg": 5.36, "seconds": 1713.611010542023, "g_loss": 2.669914722442627, "d_loss": 0.2589307427406311, "r1": 0.0, "augment_p": 0.550239999999998}
{"step": 680, "kimg": 5.44, "seconds": 1741.4388759579742, "g_loss": 3.1528470516204834, "d_loss": 0.2192264199256897, "r1": 0.0, "augment_p": 0.5511999999999979}
{"step": 690, "kimg": 5.52, "seconds": 1769.3351777499774, "g_loss": 1.9462697505950928, "d_loss": 0.33779552578926086, "r1": 0.0, "augment_p": 0.5518399999999979}
{"step": 700, "kimg": 5.6, "seconds": 1787.050590167055, "g_loss": 2.6112921237945557, "d_loss": 0.2866356372833252, "r1": 0.0, "augment_p": 0.5527999999999978}
{"step": 710, "kimg": 5.68, "seconds": 1814.8481340419967, "g_loss": 3.435485601425171, "d_loss": 0.20651891827583313, "r1": 0.0, "augment_p": 0.5534399999999978}
{"step": 720, "kimg": 5.76, "seconds": 1842.6805105829844, "g_loss": 2.5414657592773438, "d_loss": 4.015848636627197, "r1": 0.21271468698978424, "augment_p": 0.5543999999999978}
{"step": 730, "kimg": 5.84, "seconds": 1860.3339957080316, "g_loss": 1.9174994230270386, "d_loss": 0.28511396050453186, "r1": 0.0, "augment_p": 0.5550399999999978}
{"step": 740, "kimg": 5.92, "seconds": 1888.109696874977, "g_loss": 2.052952289581299, "d_loss": 0.7651909589767456, "r1": 0.0, "augment_p": 0.5559999999999977}
{"step": 750, "kimg": 6.0, "seconds": 1905.8108939579688, "g_loss": 2.2076995372772217, "d_loss": 0.3098733127117157, "r1": 0.0, "augment_p": 0.5559999999999977}
{"step": 760, "kimg": 6.08, "seconds": 1935.60338424996, "g_loss": 1.9651854038238525, "d_loss": 0.4210859537124634, "r1": 0.0, "augment_p": 0.5569599999999977}
{"step": 770, "kimg": 6.16, "seconds": 1963.3997882499825, "g_loss": 2.7920098304748535, "d_loss": 0.5990382432937622, "r1": 0.0, "augment_p": 0.5575999999999977}
{"step": 780, "kimg": 6.24, "seconds": 1981.4235851250123, "g_loss": 2.7765915393829346, "d_loss": 0.2436329573392868, "r1": 0.0, "augment_p": 0.5585599999999976}
{"step": 790, "kimg": 6.32, "seconds": 2009.134017125005, "g_loss": 3.319021701812744, "d_loss": 0.30826640129089355, "r1": 0.0, "augment_p": 0.5591999999999976}
{"step": 800, "kimg": 6.4, "seconds": 2034.6612645420246, "g_loss": 1.5338842868804932, "d_loss": 1.9723743200302124, "r1": 0.09519320726394653, "augment_p": 0.5601599999999975}
{"step": 810, "kimg": 6.48, "seconds": 2049.378140249988, "g_loss": 2.1404471397399902, "d_loss": 0.30392712354660034, "r1": 0.0, "augment_p": 0.5607999999999975}
{"step": 820, "kimg": 6.56, "seconds": 2072.5838395419996, "g_loss": 3.4507100582122803, "d_loss": 0.26039576530456543, "r1": 0.0, "augment_p": 0.5617599999999975}
{"step": 830, "kimg": 6.64, "seconds": 2087.3709288750542, "g_loss": 2.1440601348876953, "d_loss": 0.3348032832145691, "r1": 0.0, "augment_p": 0.5623999999999975}
{"step": 840, "kimg": 6.72, "seconds": 2110.6236345419893, "g_loss": 2.147111654281616, "d_loss": 0.33553749322891235, "r1": 0.0, "augment_p": 0.5633599999999974}
{"step": 850, "kimg": 6.8, "seconds": 2133.8241127500078, "g_loss": 1.9517754316329956, "d_loss": 0.20431426167488098, "r1": 0.0, "augment_p": 0.5639999999999974}
{"step": 860, "kimg": 6.88, "seconds": 2148.55318037502, "g_loss": 1.5481019020080566, "d_loss": 0.3575233221054077, "r1": 0.0, "augment_p": 0.5649599999999974}
{"step": 870, "kimg": 6.96, "seconds": 2171.7147005830193, "g_loss": 2.374049663543701, "d_loss": 0.2986717224121094, "r1": 0.0, "augment_p": 0.5655999999999973}
{"step": 880, "kimg": 7.04, "seconds": 2194.939893541974, "g_loss": 2.1305670738220215, "d_loss": 3.8895459175109863, "r1": 0.2235751450061798, "augment_p": 0.5665599999999973}
{"step": 890, "kimg": 7.12, "seconds": 2209.6584914169507, "g_loss": 1.697817087173462, "d_loss": 0.25088703632354736, "r1": 0.0, "augment_p": 0.5665599999999973}
{"step": 900, "kimg": 7.2, "seconds": 2233.803786457982, "g_loss": 2.247368812561035, "d_loss": 0.49339088797569275, "r1": 0.0, "augment_p": 0.5675199999999972}
{"step": 910, "kimg": 7.28, "seconds": 2249.042427166947, "g_loss": 2.234771728515625, "d_loss": 0.36242368817329407, "r1": 0.0, "augment_p": 0.5681599999999972}
{"step": 920, "kimg": 7.36, "seconds": 2273.5612912919605, "g_loss": 3.0645134449005127, "d_loss": 0.3716052174568176, "r1": 0.0, "augment_p": 0.5691199999999972}
{"step": 930, "kimg": 7.44, "seconds": 2298.296429333044, "g_loss": 3.0339207649230957, "d_loss": 0.24873225390911102, "r1": 0.0, "augment_p": 0.5697599999999972}
{"step": 940, "kimg": 7.52, "seconds": 2313.5538636669517, "g_loss": 3.5242538452148438, "d_loss": 0.19910556077957153, "r1": 0.0, "augment_p": 0.5707199999999971}
{"step": 950, "kimg": 7.6, "seconds": 2338.7508444580017, "g_loss": 1.8951587677001953, "d_loss": 0.32861679792404175, "r1": 0.0, "augment_p": 0.5707199999999971}
{"step": 960, "kimg": 7.68, "seconds": 2363.5894997919677, "g_loss": 4.575727939605713, "d_loss": 4.733240604400635, "r1": 0.2638092041015625, "augment_p": 0.5716799999999971}
{"step": 970, "kimg": 7.76, "seconds": 2378.8462848749477, "g_loss": 2.846634864807129, "d_loss": 0.7823024392127991, "r1": 0.0, "augment_p": 0.5716799999999971}
{"step": 980, "kimg": 7.84, "seconds": 2403.3616100000218, "g_loss": 2.5470757484436035, "d_loss": 0.25370097160339355, "r1": 0.0, "augment_p": 0.572639999999997}
{"step": 990, "kimg": 7.92, "seconds": 2418.597635708051, "g_loss": 2.5355472564697266, "d_loss": 0.2439282387495041, "r1": 0.0, "augment_p": 0.573279999999997}
{"step": 1000, "kimg": 8.0, "seconds": 2443.1346527499845, "g_loss": 3.1981472969055176, "d_loss": 0.28248143196105957, "r1": 0.0, "augment_p": 0.574239999999997}
{"step": 1010, "kimg": 8.08, "seconds": 2469.1422768329503, "g_loss": 2.7471163272857666, "d_loss": 0.5964975357055664, "r1": 0.0, "augment_p": 0.574879999999997}
{"step": 1020, "kimg": 8.16, "seconds": 2484.3906821670244, "g_loss": 0.9631417989730835, "d_loss": 0.3365671634674072, "r1": 0.0, "augment_p": 0.5751999999999969}
